[32mINFO [0m] [cambium::catalog] [CPU1] DEVD CATALOG: registered driver '/drivers/display_virtio_gpu' name='display_virtio_gpu' class=Display kind='dev.display.Gpu' start='thingos_driver_start_safe'
[37420640499] [[32mINFO [0m] [sprout::supervisor] [CPU0] SPROUT: Spawned bloom (PID=10)
[37510412610] [[32mINFO [0m] [bloom] [CPU1] bloom: ENTERING MAIN
[37511605197] [[32mINFO [0m] [bloom] [CPU1] bloom: compositor service starting
[37573744527] [[32mINFO [0m] [cambium::catalog] [CPU1] DEVD CATALOG: registered driver '/drivers/hdaudio' name='hdaudio' class=Audio kind='dev.sound.Hda' start='thingos_driver_start_safe'
[37724837964] [[32mINFO [0m] [bloom] [CPU1] bloom: connected to /dev/display/card0 on try 0
[37750655745] [[32mINFO [0m] [bloom] [CPU1] bloom: output0 1280x800 @ 60000mHz
[37752178299] [[32mINFO [0m] [bloom] [CPU1] bloom: display driver does not support VBLANK
[37753181895] [[32mINFO [0m] [bloom] [CPU1] bloom: display driver supports linear dmabuf import
[37754181201] [[32mINFO [0m] [bloom] [CPU1] bloom: display driver supports GPU blit (hardware transfer/flush)
[37755114375] [[32mINFO [0m] [bloom] [CPU1] bloom: display driver supports direct scanout (zero-copy path to display)
[37755985377] [[32mINFO [0m] [bloom] [CPU1] bloom: display driver supports partial flush (damage regions)
[37757039958] [[32mINFO [0m] [bloom] [CPU1] bloom: display driver supports resource cache (pre-allocated buffer pool)
[37757774175] [[32mINFO [0m] [bloom] [CPU1] bloom: creating service port...
[38089807107] [[32mINFO [0m] [bloom::render] [CPU1] bloom: pistil background renderer loaded from /lib/libpistil.so
[38090995074] [[32mINFO [0m] [bloom::render] [CPU1] bloom: pistil font text renderer loaded with default /share/fonts/Inter-Regular.ttf
[38091717807] [[32mINFO [0m] [bloom::render] [CPU1] bloom: pistil symbol renderer loaded with /share/fonts/NotoSansSymbol2-Regular.ttf
[38099857950] [[32mINFO [0m] [bloom] [CPU1] bloom: initial theme configured Facet Frame
[38388972633] [[32mINFO [0m] [cambium::catalog] [CPU1] DEVD CATALOG: registered driver '/drivers/hwrng' name='hwrng' class=Other kind='dev.rng.HwRng' start='_RNvCs7wlZbVUrQWf_5hwrng20thingos_driver_start'
[38613568290] [[32mINFO [0m] [cambium::catalog] [CPU1] DEVD CATALOG: registered driver '/drivers/pci_stubd' name='pci_stubd' class=Other kind='drv.PciStubd' start='thingos_driver_start_safe'
[38717364213] [[32mINFO [0m] [bloom] [CPU1] bloom: initial wallpaper configured /share/wallpapers/flower.png
[38945412198] [[32mINFO [0m] [bloom::render] [CPU1] bloom: cursor ready buffer=2 size=48x48 hotspot=11,6
[38957242467] [[32mINFO [0m] [bloom] [CPU1] bloom: watching wallpaper config /session/desktop/wallpaper
[38959921539] [[32mINFO [0m] [bloom] [CPU1] bloom: watching theme config /session/desktop/theme
[39014714343] [[32mINFO [0m] [bloom] [CPU1] bloom: Wayland server thread spawned
[39018193038] [[32mINFO [0m] [bloom::loop_types] [CPU1] bloom: service loop started
[39019665894] [[32mINFO [0m] [bloom::loop_types] [CPU1] bloom: output0 1280x800 @ 60000mHz ready
[39019846767] [[32mINFO [0m] [bloom::wayland] [CPU2] wayland-server: starting
[39029772309] [[32mINFO [0m] [cambium::catalog] [CPU1] DEVD CATALOG: registered driver '/drivers/ps2_kbd' name='ps2_kbd' class=Input kind='drv.Ps2Keyboard' start='thingos_driver_start_safe'
[39039006303] [[32mINFO [0m] [bloom::wayland] [CPU2] wayland-server: listening on /run/wayland-0
[39040397616] [[32mINFO [0m] [bloom::wayland] [CPU2] wayland-server: advertising globals wl_compositor wl_shm xdg_wm_base wl_seat wl_output wl_subcompositor wl_data_device_manager zwp_linux_dmabuf_v1
[39213856176] [[32mINFO [0m] [cambium::catalog] [CPU1] DEVD CATALOG: registered driver '/drivers/ps2_mouse' name='ps2_mouse' class=Input kind='drv.Ps2Mouse' start='thingos_driver_start_safe'
[39390487059] [[32mINFO [0m] [cambium::catalog] [CPU1] DEVD CATALOG: registered driver '/drivers/rtc_cmos' name='rtc_cmos' class=Other kind='dev.rtc.Cmos' start='thingos_driver_start_safe'
[39500070291] [[32mINFO [0m] [display_virtio_gpu] [CPU3] display_virtio_gpu: first commit copied buffer=1 rect=1280x800 src_px=0xff0b0a10 dst_px=0xff0b0a10 damage=1280x800+0,0 res_id=1 gpu_planes=0 cpu_planes=2
[39502269873] [[32mINFO [0m] [display_virtio_gpu] [CPU3] display_virtio_gpu: cursor plane blended buffer=2 at 638,399 src_px=0x10202020 dst_before=0xff0b0a10 dst_after=0xff0c0b11
[39517727997] [[32mINFO [0m] [sprout::supervisor] [CPU0] SPROUT: Spawned wayland_hello (PID=12)
[39540155490] [[32mINFO [0m] [sprout::supervisor] [CPU0] SPROUT: Spawned clock (PID=13)
[39540154104] [[32mINFO [0m] [wayland_hello] [CPU3] wayland_hello: connected to /run/wayland-0
[39577666227] [[32mINFO [0m] [clock] [CPU1] clock: running at low scheduler priority tid=13
[39581815944] [[32mINFO [0m] [clock] [CPU1] clock: connected to /run/wayland-0
[39899106192] [[32mINFO [0m] [bloom::loop_types] [CPU1] First frame rendered
[39934258089] [[32mINFO [0m] [wayland_hello] [CPU3] wayland_hello: pistil text renderer loaded with default /share/fonts/Inter-Regular.ttf
[39934552944] [[32mINFO [0m] [bloom::services::input_service] [CPU1] bloom: registered bristle pointer sink
[39943098360] [[32mINFO [0m] [bristle] [CPU2] bristle: bloom sink registered (handle=5 mask=0x03)
[39944806704] [[32mINFO [0m] [clock] [CPU1] clock: pistil DSEG7 text renderer loaded with /share/fonts/DSEG7Classic-Regular.ttf
[39946127991] [[32mINFO [0m] [clock] [CPU1] clock: pistil generic text renderer loaded with /share/fonts/Inter-Regular.ttf
[39958230246] [[32mINFO [0m] [cambium::catalog] [CPU1] DEVD CATALOG: registered driver '/drivers/rtl8168d' name='rtl8168d' class=Net kind='dev.net.Nic' start='thingos_driver_start_safe'
[39992671587] [[32mINFO [0m] [wayland_hello] [CPU3] wayland_hello: using zwp_linux_dmabuf_v1 buffers
[39995087187] [[32mINFO [0m] [wayland_hello] [CPU3] wayland_hello: bound wp_presentation
[40002246867] [[32mINFO [0m] [wayland_hello] [CPU3] wayland_hello: wl_region smoke test: create+add+set_opaque+destroy
[40071351573] [[32mINFO [0m] [bloom::services::wayland_cmd] [CPU1] bloom: registered titlebar drag zone surface=1 height=28 frame=6
[40093642677] [[32mINFO [0m] [bloom::wayland::dispatch] [CPU2] wayland-server: xdg_toplevel obj=12 assigned to xdg_surface=11
[40203804135] [[32mINFO [0m] [cambium::catalog] [CPU1] DEVD CATALOG: registered driver '/drivers/virtio_netd' name='virtio_netd' class=Net kind='dev.net.Nic' start='thingos_driver_start_safe'
[40222744287] [[32mINFO [0m] [bloom::wayland::dispatch] [CPU2] wayland-server: imported dmabuf wl_buffer=111 480x320 format=0x34325241
[40398504432] [[32mINFO [0m] [cambium::catalog] [CPU1] DEVD CATALOG: registered driver '/drivers/virtio_sound' name='virtio_sound' class=Audio kind='dev.sound.Virtio' start='thingos_driver_start_safe'
[40613875566] [[32mINFO [0m] [cambium::catalog] [CPU1] DEVD CATALOG: registered driver '/drivers/xhci' name='xhci' class=Block kind='dev.usb.Xhci' start='thingos_driver_start_safe'
[40617294894] [[32mINFO [0m] [cambium::catalog] [CPU1] DEVD CATALOG: 15 driver(s) found
[40647662616] [[32mINFO [0m] [bloom::services::wayland_cmd] [CPU1] bloom: registered titlebar drag zone surface=2 height=28 frame=6
[40662375765] [[32mINFO [0m] [bloom::services::wallpaper] [CPU1] bloom: preparing background /share/wallpapers/flower.png
[40699327911] [[32mINFO [0m] [bloom::wayland::dispatch] [CPU2] wayland-server: xdg_toplevel obj=12 assigned to xdg_surface=11
[40936061232] [[32mINFO [0m] [ahci_disk] [CPU2] AHCI: Starting AHCI VFS driver
[40985378478] [[32mINFO [0m] [ahci_disk] [CPU2] AHCI: Claimed device /sys/devices/pci-0000:00:1f.2
[41003268306] [[32mINFO [0m] [ahci_disk] [CPU2] AHCI: Mounted atapi2 at /dev/storage/atapi2
[41004358923] [[32mINFO [0m] [ahci_disk] [CPU2] AHCI: Provider loop online at /dev/storage/atapi2
[41088367584] [[32mINFO [0m] [rtc_cmos] [CPU3] RTC: claimed /sys/devices/isa-0070 (handle=2)
[41121664980] [[32mINFO [0m] [rtc_cmos] [CPU3] RTC: 2026-05-01 20:45:20 = 1777668320 unix_secs
[41123705799] [[32mINFO [0m] [kernel::time] [CPU3] System clock anchored: unix_secs=1777668320, mono_ns=20561593008, offset=1777668299438406992ns
[41125390977] [[32mINFO [0m] [rtc_cmos] [CPU3] RTC: System clock anchored to 1777668320 unix_secs
[41146312548] [[32mINFO [0m] [kernel::time] [CPU0] System clock tick: utc=2026-05-01 20:45:20.010245856 unix_secs=1777668320.010245856
[44165498256] [[32mINFO [0m] [ps2_kbd] [CPU1] ps2_kbd: bristle pid=8
[44452318482] [[32mINFO [0m] [ps2_mouse] [CPU2] ps2_mouse: bristle pid=8
[44566052718] [[32mINFO [0m] [ps2_kbd] [CPU1] ps2_kbd: read scancode 0x38
[44567467923] [[32mINFO [0m] [ps2_mouse] [CPU2] ps2_mouse: sample rate set to 60 Hz
[44569610778] [[32mINFO [0m] [ps2_kbd] [CPU1] ps2_kbd: edge detected: Down { key: LeftAlt, mods: Mods(4), repeat: false }
[44573248269] [[32mINFO [0m] [ps2_kbd] [CPU1] ps2_kbd: sent LeftAlt to bristle (pid=8)
[44594149446] [[32mINFO [0m] [bristle] [CPU2] bristle: KeyDown received: LeftAlt
[44676493983] [[32mINFO [0m] [ps2_kbd] [CPU1] ps2_kbd: read scancode 0x41
[44678011686] [[32mINFO [0m] [ps2_kbd] [CPU1] ps2_kbd: edge detected: Down { key: F7, mods: Mods(4), repeat: false }
[44680520709] [[32mINFO [0m] [ps2_kbd] [CPU1] ps2_kbd: sent F7 to bristle (pid=8)
[44684247366] [[32mINFO [0m] [bristle] [CPU2] bristle: KeyDown received: F7
[44854428366] [[32mINFO [0m] [ps2_kbd] [CPU1] ps2_kbd: read scancode 0xc1
[44856535119] [[32mINFO [0m] [ps2_kbd] [CPU1] ps2_kbd: edge detected: Up { key: F7, mods: Mods(4) }
[44859376518] [[32mINFO [0m] [ps2_kbd] [CPU1] ps2_kbd: sent F7 to bristle (pid=8)
[44893301607] [[32mINFO [0m] [bloom::input] [CPU1] bloom: KeyDown received: LeftAlt (raw=0x00e2, mods=Mods(4), repeat=false)
[44895247551] [[32mINFO [0m] [bloom::input] [CPU1] bloom: KeyDown received: F7 (raw=0x0040, mods=Mods(4), repeat=false)
[44896321041] [[32mINFO [0m] [bloom::input] [CPU1] bloom: pointer debug overlay enabled
[45015668445] [[32mINFO [0m] [bloom::services::wayland_cmd] [CPU1] bloom: registered titlebar drag zone surface=3 height=28 frame=6
[45023359788] [[32mINFO [0m] [ps2_kbd] [CPU1] ps2_kbd: read scancode 0xb8
[45024534324] [[32mINFO [0m] [ps2_kbd] [CPU1] ps2_kbd: edge detected: Up { key: LeftAlt, mods: Mods(0) }
[45026816109] [[32mINFO [0m] [ps2_kbd] [CPU1] ps2_kbd: sent LeftAlt to bristle (pid=8)
[45027054831] [[32mINFO [0m] [bloom::wayland::dispatch] [CPU2] wayland-server: xdg_popup obj=23 assigned to xdg_surface=21
[45060933324] [[32mINFO [0m] [bloom::wayland::dispatch] [CPU2] wayland-server: imported dmabuf wl_buffer=121 160x96 format=0x34325241
[45183154962] [[32mINFO [0m] [bloom::render] [CPU1] bloom: pointer debug overlay ready buffer=5 size=460x144
[47167444830] [[32mINFO [0m] [kernel::time] [CPU0] System clock tick: utc=2026-05-01 20:45:23.022016563 unix_secs=1777668323.022016563
[47772959520] [[32mINFO [0m] [bloom::render] [CPU1] bloom: flat window overlays ready size=1280x800
[48501653112] [[32mINFO [0m] [wayland_hello] [CPU3] wayland_hello: frame callback done object=1000 data=24238
[48503514642] [[32mINFO [0m] [wayland_hello] [CPU3] wayland_hello: wp_presentation_feedback.presented object=1001 tv=24.242948103 refresh_ns=16666666 seq=0
[48847069161] [[32mINFO [0m] [wayland_hello] [CPU3] wayland_hello: frame callback done object=1002 data=24419
[48848119716] [[32mINFO [0m] [wayland_hello] [CPU3] wayland_hello: wp_presentation_feedback.presented object=1003 tv=24.421809373 refresh_ns=16666666 seq=1
[53190662844] [[32mINFO [0m] [kernel::time] [CPU0] System clock tick: utc=2026-05-01 20:45:26.033678898 unix_secs=1777668326.033678898
[59214187395] [[32mINFO [0m] [kernel::time] [CPU0] System clock tick: utc=2026-05-01 20:45:29.045441504 unix_secs=1777668329.045441504
[65237651952] [[32mINFO [0m] [kernel::time] [CPU0] System clock tick: utc=2026-05-01 20:45:32.057180250 unix_secs=1777668332.057180250
[71261210592] [[32mINFO [0m] [kernel::time] [CPU0] System clock tick: utc=2026-05-01 20:45:35.068965147 unix_secs=1777668335.068965147
[74246639643] [[32mINFO [0m] [clock] [CPU1] clock: tick local=2026-05-01 12:45:36 UTC-8 system_unix=1777668336.560951264
[77284924992] [[32mINFO [0m] [kernel::time] [CPU0] System clock tick: utc=2026-05-01 20:45:38.080826654 unix_secs=1777668338.080826654
[83308204650] [[32mINFO [0m] [kernel::time] [CPU0] System clock tick: utc=2026-05-01 20:45:41.092452705 unix_secs=1777668341.092452705
[89331660231] [[32mINFO [0m] [kernel::time] [CPU0] System clock tick: utc=2026-05-01 20:45:44.104181667 unix_secs=1777668344.104181667
[95355451290] [[32mINFO [0m] [kernel::time] [CPU0] System clock tick: utc=2026-05-01 20:45:47.116085513 unix_secs=1777668347.116085513
[101378831136] [[32mINFO [0m] [kernel::time] [CPU0] System clock tick: utc=2026-05-01 20:45:50.127760190 unix_secs=1777668350.127760190
[107402397333] [[32mINFO [0m] [kernel::time] [CPU0] System clock tick: utc=2026-05-01 20:45:53.139530633 unix_secs=1777668353.139530633
[113425706823] [[32mINFO [0m] [kernel::time] [CPU0] System clock tick: utc=2026-05-01 20:45:56.151206168 unix_secs=1777668356.151206168
[119449134981] [[32mINFO [0m] [kernel::time] [CPU0] System clock tick: utc=2026-05-01 20:45:59.162925560 unix_secs=1777668359.162925560
[125472652602] [[32mINFO [0m] [kernel::time] [CPU0] System clock tick: utc=2026-05-01 20:46:02.174685146 unix_secs=1777668362.174685146
[131496355188] [[32mINFO [0m] [kernel::time] [CPU0] System clock tick: utc=2026-05-01 20:46:05.186529476 unix_secs=1777668365.186529476
[137519778264] [[32mINFO [0m] [kernel::time] [CPU0] System clock tick: utc=2026-05-01 20:46:08.198237202 unix_secs=1777668368.198237202
[143543159925] [[32mINFO [0m] [kernel::time] [CPU0] System clock tick: utc=2026-05-01 20:46:11.209947173 unix_secs=1777668371.209947173
[148673351178] [