=== Console Readiness ===
echo B[39893968884] [INFO ] [cambium::catalog] [CPU1] DEVD CATALOG: registered driver '/drivers/hwrng' name='hwrng' class=Other kind='dev.rng.HwRng' start='_RNvCs7wlZbVUrQWf_5hwrng20thingos_driver_start'
DD_[40052379213] [INFO ] [cambium::catalog] [CPU1] DEVD CATALOG: registered driver '/drivers/pci_stubd' name='pci_stubd' class=Other kind='drv.PciStubd' start='thingos_driver_start_safe'
CONSOL[40253715018] [INFO ] [cambium::catalog] [CPU1] DEVD CATALOG: registered driver '/drivers/ps2_kbd' name='ps2_kbd' class=Input kind='drv.Ps2Keyboard' start='thingos_driver_start_safe'
E_REA[40419414981] [INFO ] [cambium::catalog] [CPU1] DEVD CATALOG: registered driver '/drivers/ps2_mouse' name='ps2_mouse' class=Input kind='drv.Ps2Mouse' start='thingos_driver_start_safe'
DY_3[40573106442] [INFO ] [cambium::catalog] [CPU1] DEVD CATALOG: registered driver '/drivers/rtc_cmos' name='rtc_cmos' class=Other kind='dev.rtc.Cmos' start='thingos_driver_start_safe'
0538[40730819250] [INFO ] [cambium::catalog] [CPU1] DEVD CATALOG: registered driver '/drivers/rtl8168d' name='rtl8168d' class=Net kind='dev.net.Nic' start='thingos_driver_start_safe'
84_17[40895166774] [INFO ] [cambium::catalog] [CPU1] DEVD CATALOG: registered driver '/drivers/virtio_netd' name='virtio_netd' class=Net kind='dev.net.Nic' start='thingos_driver_start_safe'
7766[41054531397] [INFO ] [cambium::catalog] [CPU1] DEVD CATALOG: registered driver '/drivers/virtio_sound' name='virtio_sound' class=Audio kind='dev.sound.Virtio' start='thingos_driver_start_safe'
73303[41219767083] [INFO ] [bloom] [CPU1] bloom: initial wallpaper configured /share/wallpapers/flower.png
276[41359845483] [INFO ] [sprout::supervisor] [CPU0] SPROUT: Spawned wayland_hello (PID=11)
[41360896599] [INFO ] [cambium::catalog] [CPU1] DEVD CATALOG: registered driver '/drivers/xhci' name='xhci' class=Block kind='dev.usb.Xhci' start='thingos_driver_start_safe'
2[41363556465] [INFO ] [cambium::catalog] [CPU1] DEVD CATALOG: 15 driver(s) found
[41391992499] [INFO ] [sprout::supervisor] [CPU0] SPROUT: Spawned clock (PID=12)
[41408656806] [INFO ] [clock] [CPU3] clock: running at low scheduler priority tid=12
159[41482725372] [INFO ] [rtc_cmos] [CPU2] RTC: claimed /sys/devices/isa-0070 (handle=1)
[41493624546] [INFO ] [ps2_kbd] [CPU3] ps2_kbd: bristle pid=8
2[41504286186] [INFO ] [rtc_cmos] [CPU2] RTC: 2026-05-01 20:28:50 = 1777667330 unix_secs
[41505416205] [INFO ] [kernel::time] [CPU2] System clock anchored: unix_secs=1777667330, mono_ns=20752561071, offset=1777667309247438929ns
[41506336179] [INFO ] [rtc_cmos] [CPU2] RTC: System clock anchored to 1777667330 unix_secs
[41529893559] [INFO ] [ps2_mouse] [CPU1] ps2_mouse: bristle pid=8
[41537216820] [INFO ] [ahci_disk] [CPU1] AHCI: Starting AHCI VFS driver

[41536674036] [INFO ] [kernel::time] [CPU0] System clock tick: utc=2026-05-01 20:28:50.014640384 unix_secs=1777667330.014640384
[41562190824] [INFO ] [ahci_disk] [CPU1] AHCI: Claimed device /sys/devices/pci-0000:00:1f.2
[41577165795] [INFO ] [ahci_disk] [CPU1] AHCI: Mounted atapi2 at /dev/storage/atapi2
[41578016139] [INFO ] [ahci_disk] [CPU1] AHCI: Provider loop online at /dev/storage/atapi2
[41603564970] [INFO ] [bloom::render] [CPU1] bloom: cursor ready buffer=2 size=48x48 hotspot=11,6
[41613317823] [INFO ] [bloom] [CPU1] bloom: watching wallpaper config /session/desktop/wallpaper
[41615419923] [INFO ] [bloom] [CPU1] bloom: watching theme config /session/desktop/theme
BDD_CONSOLE_READY_3053884_1777667330327621592
[41653947324] [INFO ] [bloom] [CPU1] bloom: Wayland server thread spawned
[41655736188] [INFO ] [bloom::loop_types] [CPU1] bloom: service loop started
[41656635075] [INFO ] [bloom::loop_types] [CPU1] bloom: output0 1280x800 @ 60000mHz ready
[41663706711] [INFO ] [bloom::wayland] [CPU3] wayland-server: starting
[41684216805] [INFO ] [bloom::wayland] [CPU3] wayland-server: listening on /run/wayland-0
[41685218190] [INFO ] [bloom::wayland] [CPU3] wayland-server: advertising globals wl_compositor wl_shm xdg_wm_base wl_seat wl_output wl_subcompositor wl_data_device_manager zwp_linux_dmabuf_v1
THING-OS [OK] / > [41745271326] [INFO ] [ps2_mouse] [CPU1] ps2_mouse: sample rate set to 60 Hz
[41772536421] [INFO ] [clock] [CPU3] clock: connected to /run/wayland-0
[41837164281] [INFO ] [wayland_hello] [CPU2] wayland_hello: connected to /run/wayland-0

=== End Console Readiness ===

=== Serial Log (since step start) ===
NFO [0m] [cambium::catalog] [CPU1] DEVD CATALOG: registered driver '/drivers/display_bootfb' name='display_bootfb' class=Display kind='dev.display.Gpu' start='thingos_driver_start_safe'
[38898637536] [[32mINFO [0m] [cambium::catalog] [CPU1] DEVD CATALOG: registered driver '/drivers/display_virtio_gpu' name='display_virtio_gpu' class=Display kind='dev.display.Gpu' start='thingos_driver_start_safe'
[38991436605] [[32mINFO [0m] [sprout::supervisor] [CPU0] SPROUT: Spawned bloom (PID=10)
[39079652271] [[32mINFO [0m] [bloom] [CPU1] bloom: ENTERING MAIN
[39080792619] [[32mINFO [0m] [bloom] [CPU1] bloom: compositor service starting
[39097999875] [[32mINFO [0m] [cambium::catalog] [CPU1] DEVD CATALOG: registered driver '/drivers/hdaudio' name='hdaudio' class=Audio kind='dev.sound.Hda' start='thingos_driver_start_safe'
[39332214702] [[32mINFO [0m] [bloom] [CPU1] bloom: connected to /dev/display/card0 on try 0
[39353475117] [[32mINFO [0m] [bloom] [CPU1] bloom: output0 1280x800 @ 60000mHz
[39354661104] [[32mINFO [0m] [bloom] [CPU1] bloom: display driver does not support VBLANK
[39355466205] [[32mINFO [0m] [bloom] [CPU1] bloom: display driver supports linear dmabuf import
[39356449407] [[32mINFO [0m] [bloom] [CPU1] bloom: display driver supports GPU blit (hardware transfer/flush)
[39359713701] [[32mINFO [0m] [bloom] [CPU1] bloom: display driver supports direct scanout (zero-copy path to display)
[39360669942] [[32mINFO [0m] [bloom] [CPU1] bloom: display driver supports partial flush (damage regions)
[39361457025] [[32mINFO [0m] [bloom] [CPU1] bloom: display driver supports resource cache (pre-allocated buffer pool)
[39362151213] [[32mINFO [0m] [bloom] [CPU1] bloom: creating service port...
[39677087802] [[32mINFO [0m] [bloom::render] [CPU1] bloom: pistil background renderer loaded from /lib/libpistil.so
[39678200133] [[32mINFO [0m] [bloom::render] [CPU1] bloom: pistil font text renderer loaded with default /share/fonts/Inter-Regular.ttf
[39678974181] [[32mINFO [0m] [bloom::render] [CPU1] bloom: pistil symbol renderer loaded with /share/fonts/NotoSansSymbol2-Regular.ttf
[39689008326] [[32mINFO [0m] [bloom] [CPU1] bloom: initial theme configured Facet Frame
echo B[39893968884] [[32mINFO [0m] [cambium::catalog] [CPU1] DEVD CATALOG: registered driver '/drivers/hwrng' name='hwrng' class=Other kind='dev.rng.HwRng' start='_RNvCs7wlZbVUrQWf_5hwrng20thingos_driver_start'
DD_[40052379213] [[32mINFO [0m] [cambium::catalog] [CPU1] DEVD CATALOG: registered driver '/drivers/pci_stubd' name='pci_stubd' class=Other kind='drv.PciStubd' start='thingos_driver_start_safe'
CONSOL[40253715018] [[32mINFO [0m] [cambium::catalog] [CPU1] DEVD CATALOG: registered driver '/drivers/ps2_kbd' name='ps2_kbd' class=Input kind='drv.Ps2Keyboard' start='thingos_driver_start_safe'
E_REA[40419414981] [[32mINFO [0m] [cambium::catalog] [CPU1] DEVD CATALOG: registered driver '/drivers/ps2_mouse' name='ps2_mouse' class=Input kind='drv.Ps2Mouse' start='thingos_driver_start_safe'
DY_3[40573106442] [[32mINFO [0m] [cambium::catalog] [CPU1] DEVD CATALOG: registered driver '/drivers/rtc_cmos' name='rtc_cmos' class=Other kind='dev.rtc.Cmos' start='thingos_driver_start_safe'
0538[40730819250] [[32mINFO [0m] [cambium::catalog] [CPU1] DEVD CATALOG: registered driver '/drivers/rtl8168d' name='rtl8168d' class=Net kind='dev.net.Nic' start='thingos_driver_start_safe'
84_17[40895166774] [[32mINFO [0m] [cambium::catalog] [CPU1] DEVD CATALOG: registered driver '/drivers/virtio_netd' name='virtio_netd' class=Net kind='dev.net.Nic' start='thingos_driver_start_safe'
7766[41054531397] [[32mINFO [0m] [cambium::catalog] [CPU1] DEVD CATALOG: registered driver '/drivers/virtio_sound' name='virtio_sound' class=Audio kind='dev.sound.Virtio' start='thingos_driver_start_safe'
73303[41219767083] [[32mINFO [0m] [bloom] [CPU1] bloom: initial wallpaper configured /share/wallpapers/flower.png
276[41359845483] [[32mINFO [0m] [sprout::supervisor] [CPU0] SPROUT: Spawned wayland_hello (PID=11)
[41360896599] [[32mINFO [0m] [cambium::catalog] [CPU1] DEVD CATALOG: registered driver '/drivers/xhci' name='xhci' class=Block kind='dev.usb.Xhci' start='thingos_driver_start_safe'
2[41363556465] [[32mINFO [0m] [cambium::catalog] [CPU1] DEVD CATALOG: 15 driver(s) found
[41391992499] [[32mINFO [0m] [sprout::supervisor] [CPU0] SPROUT: Spawned clock (PID=12)
[41408656806] [[32mINFO [0m] [clock] [CPU3] clock: running at low scheduler priority tid=12
159[41482725372] [[32mINFO [0m] [rtc_cmos] [CPU2] RTC: claimed /sys/devices/isa-0070 (handle=1)
[41493624546] [[32mINFO [0m] [ps2_kbd] [CPU3] ps2_kbd: bristle pid=8
2[41504286186] [[32mINFO [0m] [rtc_cmos] [CPU2] RTC: 2026-05-01 20:28:50 = 1777667330 unix_secs
[41505416205] [[32mINFO [0m] [kernel::time] [CPU2] System clock anchored: unix_secs=1777667330, mono_ns=20752561071, offset=1777667309247438929ns
[41506336179] [[32mINFO [0m] [rtc_cmos] [CPU2] RTC: System clock anchored to 1777667330 unix_secs
[41529893559] [[32mINFO [0m] [ps2_mouse] [CPU1] ps2_mouse: bristle pid=8
[41537216820] [[32mINFO [0m] [ahci_disk] [CPU1] AHCI: Starting AHCI VFS driver

[41536674036] [[32mINFO [0m] [kernel::time] [CPU0] System clock tick: utc=2026-05-01 20:28:50.014640384 unix_secs=1777667330.014640384
[41562190824] [[32mINFO [0m] [ahci_disk] [CPU1] AHCI: Claimed device /sys/devices/pci-0000:00:1f.2
[41577165795] [[32mINFO [0m] [ahci_disk] [CPU1] AHCI: Mounted atapi2 at /dev/storage/atapi2
[41578016139] [[32mINFO [0m] [ahci_disk] [CPU1] AHCI: Provider loop online at /dev/storage/atapi2
[?25l[41603564970] [[32mINFO [0m] [bloom::render] [CPU1] bloom: cursor ready buffer=2 size=48x48 hotspot=11,6
[41613317823] [[32mINFO [0m] [bloom] [CPU1] bloom: watching wallpaper config /session/desktop/wallpaper
[41615419923] [[32mINFO [0m] [bloom] [CPU1] bloom: watching theme config /session/desktop/theme
BDD_CONSOLE_READY_3053884_1777667330327621592
[41653947324] [[32mINFO [0m] [bloom] [CPU1] bloom: Wayland server thread spawned
[41655736188] [[32mINFO [0m] [bloom::loop_types] [CPU1] bloom: service loop started
[41656635075] [[32mINFO [0m] [bloom::loop_types] [CPU1] bloom: output0 1280x800 @ 60000mHz ready
[41663706711] [[32mINFO [0m] [bloom::wayland] [CPU3] wayland-server: starting
[41684216805] [[32mINFO [0m] [bloom::wayland] [CPU3] wayland-server: listening on /run/wayland-0
[41685218190] [[32mINFO [0m] [bloom::wayland] [CPU3] wayland-server: advertising globals wl_compositor wl_shm xdg_wm_base wl_seat wl_output wl_subcompositor wl_data_device_manager zwp_linux_dmabuf_v1
[?25h[1;95mTHING[0m[1;96m-OS[0m [2;94m[[0m[1;92mOK[0m[2;94m][0m [1;93m/[0m [1;96m>[0m [?25h[41745271326] [[32mINFO [0m] [ps2_mouse] [CPU1] ps2_mouse: sample rate set to 60 Hz
[41772536421] [[32mINFO [0m] [clock] [CPU3] clock: connected to /run/wayland-0
[41837164281] [[32mINFO [0m] [wayland_hello] [CPU2] wayland_hello: connected to /run/wayland-0
[42089956293] [[32mINFO [0m] [clock] [CPU3] clock: pistil DSEG7 text renderer loaded with /share/fonts/DSEG7Classic-Regular.ttf
[42091107795] [[32mINFO [0m] [clock] [CPU3] clock: pistil generic text renderer loaded with /share/fonts/Inter-Regular.ttf
[42128471946] [[32mINFO [0m] [wayland_hello] [CPU2] wayland_hello: pistil text renderer loaded with default /share/fonts/Inter-Regular.ttf
[42355512375] [[32mINFO [0m] [
=== End Serial Log ===
