[2J[01;01H[=3h[2J[01;01H[2J[01;01H[8;042;160t0[2J[01;01H[2J[01;01H[8;056;240t0[2J[01;01HBdsDxe: loading Boot0002 "UEFI QEMU DVD-ROM QM00005 " from PciRoot(0x0)/Pci(0x1F,0x2)/Sata(0x2,0xFFFF,0x0)
BdsDxe: starting Boot0002 "UEFI QEMU DVD-ROM QM00005 " from PciRoot(0x0)/Pci(0x1F,0x2)/Sata(0x2,0xFFFF,0x0)
[2J[01;01H[01;01H[2J[01;01H[01;01H[37194640296] [[32mINFO [0m] [kernel::boot_progress] [CPU0] boot_progress: milestone="Framebuffer Initialized"
[37459472424] [[32mINFO [0m] [kernel::boot_progress] [CPU0] boot_progress: milestone="Memory Map OK"
[37479537843] [[32mINFO [0m] [kernel] [CPU0] Initializing global allocator...
[37511491941] [[32mINFO [0m] [kernel::boot_progress] [CPU0] boot_progress: milestone="Global Allocator"
[37543691163] [[32mINFO [0m] [kernel::boot_progress] [CPU0] boot_progress: milestone="Display Registry"
[37563500568] [[32mINFO [0m] [kernel] [CPU0] Initializing SIMD...
[37565334213] [[32mINFO [0m] [kernel::boot_progress] [CPU0] boot_progress: milestone="SIMD Ready"
[37604547255] [[33mWARN [0m] [kernel::entropy] [CPU0] ENTROPY: no hardware RNG available, using timer fallback (weak entropy)
[37606522536] [[32mINFO [0m] [kernel::boot_progress] [CPU0] boot_progress: milestone="SIMD Ready"
[37627092360] [[32mINFO [0m] [kernel] [CPU0] Initializing tasking...
[37643247444] [[32mINFO [0m] [kernel::sched] [CPU0] SCHED: 1 per-CPU scheduler(s) allocated
[37643951994] [[32mINFO [0m] [kernel::sched] [CPU0] SCHED: per-CPU preemption initialized (1 independent preemption domains, no global preemption lock)
[37680675813] [[32mINFO [0m] [kernel::sched] [CPU0] Scheduler initialized
[37681892424] [[32mINFO [0m] [kernel::boot_progress] [CPU0] boot_progress: milestone="Tasking Initialized"
[37771792641] [[32mINFO [0m] [kernel::boot_progress] [CPU0] boot_progress: milestone="VFS Root Ready"
[37854071046] [[32mINFO [0m] [kernel::boot_progress] [CPU0] boot_progress: milestone="PCI Bus Scanned"
[37875834975] [[32mINFO [0m] [kernel::boot_progress] [CPU0] boot_progress: milestone="Legacy Devices"
[37952753157] [[32mINFO [0m] [kernel::boot_progress] [CPU0] boot_progress: milestone="BSP Timer OK"
[38056924455] [[32mINFO [0m] [kernel::boot_progress] [CPU0] boot_progress: milestone="SMP Bring-up"
[38084064348] [[32mINFO [0m] [kernel::boot_progress] [CPU0] boot_progress: milestone="Boot Info OK"
[38107326510] [[32mINFO [0m] [kernel::boot_progress] [CPU0] boot_progress: milestone="Modules Scanned"
[38209167183] [[32mINFO [0m] [kernel::boot_progress] [CPU0] boot_progress: hint="Press F12 for a terminal"
[38267060238] [[32mINFO [0m] [kernel::boot_progress] [CPU0] boot_progress: milestone="Spawning Sprout"
[38406828042] [[32mINFO [0m] [kernel::boot_progress] [CPU0] boot_progress: milestone="Entering Scheduler"
[38666354826] [[32mINFO [0m] [kernel] [CPU0] [kernel:start] scheduler-entry total elapsed_ticks=963764076 elapsed_us=481882
[38667232857] [[32mINFO [0m] [kernel] [CPU0] Entering scheduler loop.
[38748588945] [[32mINFO [0m] [sprout] [CPU0] SPROUT: ENTERING MAIN (arg0=6291456)
[38754146871] [[32mINFO [0m] [sprout] [CPU0] SPROUT: v0.4.1 [REBUILT] starting (Supervisor Mode)...
[38797640442] [[32mINFO [0m] [sprout::supervisor] [CPU0] SPROUT: Initializing Supervisor...
[38839667658] [[32mINFO [0m] [sprout::supervisor] [CPU0] SPROUT: Supervisor session started (FULL PIPELINE MODE)
[38882136975] [[32mINFO [0m] [sprout::supervisor] [CPU0] SPROUT: Launching serial shell...
[38884433544] [[32mINFO [0m] [sprout::pipelines] [CPU0] SPROUT: Setting up serial shell on /dev/console...
[39033730197] [[32mINFO [0m] [sprout::pipelines] [CPU0] SPROUT: Spawned serial shell '/bin/sh' (PID=6)
[39040028808] [[32mINFO [0m] [sprout::supervisor] [CPU0] SPROUT: Serial shell launched; yielding 50ms so the prompt can take the foreground
[39046151958] [[32mINFO [0m] [sh] [CPU3] SH: starting v0.1.0-debug
[1;32m
        .-.
       /   \        [1;36mTHING-OS[1;32m
      |     |       [0;36m"People, places, things."[1;32m
       \   /        
        `-'        
       /   \        v0.1  •  
      |     |       2026-04-16
       \   /
        `-'
[0m
[2m--------------------------------------------------------------[0m
[1m sprout has taken root. the system is awake.[0m

  try:
    [36mls /bin[0m       browse available shoots
    [36mps[0m            observe living processes
    [36mcat /version[0m  inspect the genome

[2m--------------------------------------------------------------[0m
[1;95mTHING[0m[1;96m-OS[0m [2;94m[[0m[1;95mBOOT[0m[2;94m][0m [1;93m/[0m [1;96m>[0m [?25h[39188924907] [[32mINFO [0m] [sprout::supervisor] [CPU0] SPROUT: Continuing supervisor startup
[39190887912] [[32mINFO [0m] [sprout::supervisor] [CPU0] SPROUT: Spawning cambium for driver discovery...
[39227153757] [[32mINFO [0m] [sprout::pipelines] [CPU0] SPROUT: Skipping early /hosts mount; mesocarp is disabled in init
[39230071485] [[32mINFO [0m] [sprout::supervisor] [CPU0] SPROUT: Starting full pipeline (graphics + input)
[39231608823] [[32mINFO [0m] [cambium] [CPU1] CAMBIUM: main started
[39231819693] [[32mINFO [0m] [sprout::supervisor] [CPU0] SPROUT: Entering supervisor service loop (tick=100ms)
[39265636344] [[32mINFO [0m] [cambium] [CPU1] CAMBIUM: starting device discovery manager (daemon mode)
[39278608215] [[32mINFO [0m] [sprout::pipelines] [CPU0] SPROUT: Spawned bristle (PID=8)
[39282594846] [[32mINFO [0m] [sprout::supervisor] [CPU0] SPROUT: Starting display pipeline setup
[39284781492] [[32mINFO [0m] [sprout::pipelines] [CPU0] SPROUT: Probing /dev/fb0 for boot framebuffer metadata
[39291483990] [[32mINFO [0m] [sprout::pipelines] [CPU0] SPROUT: /dev/fb0 ready width=1920 height=1080 stride=7680 format=2
[39295065183] [[32mINFO [0m] [sprout::pipelines] [CPU0] SPROUT: Selected display driver '/drivers/display_virtio_gpu'
[39296766894] [[32mINFO [0m] [sprout::pipelines] [CPU0] SPROUT: Creating display request port
[39307726557] [[32mINFO [0m] [sprout::pipelines] [CPU0] SPROUT: Creating display response port
[39316411794] [[32mINFO [0m] [sprout::pipelines] [CPU0] SPROUT: Creating display bootstrap memfd
[39321189237] [[32mINFO [0m] [sprout::pipelines] [CPU0] SPROUT: Mapping display bootstrap memfd
[39326051688] [[32mINFO [0m] [sprout::pipelines] [CPU0] SPROUT: Launching display driver '/drivers/display_virtio_gpu' (boot_fd=3, bind_id=322371585)
[39336458733] [[32mINFO [0m] [bristle] [CPU2] bristle: published pid 8 to /run/bristle/pid
[39348830631] [[32mINFO [0m] [bristle] [CPU2] bristle: published device handles kbd_in=1 mouse_in=3
[39360862464] [[32mINFO [0m] [bristle] [CPU2] bristle: online (kbd_tok=Some(WaitToken(2)), mouse_tok=Some(WaitToken(3)))
[39391561539] [[32mINFO [0m] [sprout::supervisor] [CPU0] SPROUT: Display pipeline initialized (backend=virtio_gpu)
[39398219487] [[32mINFO [0m] [display_virtio_gpu] [CPU3] display_virtio_gpu: starting v0.4.1 (boot_arg=3)
[39503681679] [[32mINFO [0m] [virtio_gpu] [CPU3] virtio_gpu: caps from sysfs - common BAR2 off=0x1000, notify BAR2 off=0x3000 mult=4
[39522276783] [[32mINFO [0m] [virtio_gpu] [CPU3] virtio_gpu: device features=0x30000002 virgl=false
[39539630097] [[32mINFO [0m] [virtio_gpu] [CPU3] virtio_gpu: cursor queue (queue 1) configured
[39541474434] [[32mINFO [0m] [display_virtio_gpu] [CPU3] display_virtio_gpu: GPU initialized successfully
[39542764833] [[32mINFO [0m] [display_virtio_gpu] [CPU3] display_virtio_gpu: composition paths: gpu_opaque_copy=enabled cpu_alpha_blend=enabled
[39555095217] [[32mINFO [0m] [display_virtio_gpu] [CPU3] display_virtio_gpu: host scanout 1280x800 enabled=true (bootfb was 1920x1080)
[39582435552] [[32mINFO [0m] [cambium::catalog] [CPU1] DEVD CATALOG: registered driver '/drivers/ahci_disk' name='ahci_disk' class=Block kind='dev.storage.Ahci' start='thingos_driver_start_safe'
[39768302046] [[32mINFO [0m] [cambium::catalog] [CPU1] DEVD CATALOG: registered driver '/drivers/ata_disk' name='ata_disk' class=Block kind='dev.storage.Ide' start='thingos_driver_start_safe'
[39814465086] [[32mINFO [0m] [display_virtio_gpu] [CPU3] display_virtio_gpu: cursor DMA buffer ready (16 pages at phys=0x2723000)
[39881597151] [[32mINFO [0m] [sprout::supervisor] [CPU0] SPROUT: Mounted /dev/display/card0 successfully
[39890172729] [[32mINFO [0m] [display_virtio_gpu] [CPU3] display_virtio_gpu: Sovereign registration COMPLETE. Assigned: /dev/display/card0
[39895380195] [[32mINFO [0m] [display_virtio_gpu] [CPU3] display_virtio_gpu: VFS provider loop online
[39898203411] [[32mINFO [0m] [sprout::supervisor] [CPU0] SPROUT: Display service is ready at /dev/display/card0
[39946165248] [[32mINFO [0m] [cambium::catalog] [CPU1] DEVD CATALOG: registered driver '/drivers/chime' name='chime' class=Audio kind='dev.sound.Chime' start='thingos_driver_start_safe'
[40128861432] [[32mINFO [0m] [cambium::catalog] [CPU1] DEVD CATALOG: registered driver '/drivers/display_bootfb' name='display_bootfb' class=Display kind='dev.display.Gpu' start='thingos_driver_start_safe'
[40304647977] [[32mINFO [0m] [sprout::supervisor] [CPU0] SPROUT: Spawned bloom (PID=10)
[40335023025] [[32mINFO [0m] [bloom] [CPU1] bloom: ENTERING MAIN
[40336538616] [[32mINFO [0m] [bloom] [CPU1] bloom: compositor service starting
[40468479051] [[32mINFO [0m] [bloom] [CPU1] bloom: connected to /dev/display/card0 on try 0
[40489588821] [[32mINFO [0m] [bloom] [CPU1] bloom: output0 1280x800 @ 60000mHz
[40494940794] [[32mINFO [0m] [cambium::catalog] [CPU1] DEVD CATALOG: registered driver '/drivers/display_virtio_gpu' name='display_virtio_gpu' class=Display kind='dev.display.Gpu' start='thingos_driver_start_safe'
[40657108074] [[32mINFO [0m] [cambium::catalog] [CPU1] DEVD CATALOG: registered driver '/drivers/hdaudio' name='hdaudio' class=Audio kind='dev.sound.Hda' start='thingos_driver_start_safe'
[40815399372] [[32mINFO [0m] [cambium::catalog] [CPU1] DEVD CATALOG: registered driver '/drivers/hwrng' name='hwrng' class=Other kind='dev.rng.HwRng' start='_RNvCs7wlZbVUrQWf_5hwrng20thingos_driver_start'
[40976506428] [[32mINFO [0m] [bloom] [CPU1] bloom: display driver does not support VBLANK
[40977545367] [[32mINFO [0m] [bloom] [CPU1] bloom: display driver supports linear dmabuf import
[40978356837] [[32mINFO [0m] [bloom] [CPU1] bloom: display driver supports GPU blit (hardware transfer/flush)
[40979107125] [[32mINFO [0m] [bloom] [CPU1] bloom: display driver supports direct scanout (zero-copy path to display)
[40979779962] [[32mINFO [0m] [bloom] [CPU1] bloom: display driver supports partial flush (damage regions)
[40980429303] [[32mINFO [0m] [bloom] [CPU1] bloom: display driver supports resource cache (pre-allocated buffer pool)
[40981171935] [[32mINFO [0m] [bloom] [CPU1] bloom: creating service port...
ec[41304639684] [[32mINFO [0m] [bloom::render] [CPU1] bloom: pistil background renderer loaded from /lib/libpistil.so
[41306229195] [[32mINFO [0m] [bloom::render] [CPU1] bloom: pistil font text renderer loaded with default /share/fonts/Inter-Regular.ttf
[41307425610] [[32mINFO [0m] [bloom::render] [CPU1] bloom: pistil symbol renderer loaded with /share/fonts/NotoSansSymbol2-Regular.ttf
[41316094050] [[32mINFO [0m] [bloom] [CPU1] bloom: initial theme configured Facet Frame
ho BDD_[41547577533] [[32mINFO [0m] [cambium::catalog] [CPU1] DEVD CATALOG: registered driver '/drivers/pci_stubd' name='pci_stubd' class=Other kind='drv.PciStubd' start='thingos_driver_start_safe'
CONSOL[41799359085] [[32mINFO [0m] [bloom] [CPU1] bloom: initial wallpaper configured /share/wallpapers/flower.png
[41818188456] [[32mINFO [0m] [cambium::catalog] [CPU1] DEVD CATALOG: registered driver '/drivers/ps2_kbd' name='ps2_kbd' class=Input kind='drv.Ps2Keyboard' start='thingos_driver_start_safe'
E_REA[41982226077] [[32mINFO [0m] [cambium::catalog] [CPU1] DEVD CATALOG: registered driver '/drivers/ps2_mouse' name='ps2_mouse' class=Input kind='drv.Ps2Mouse' start='thingos_driver_start_safe'
DY_3[42157654143] [[32mINFO [0m] [cambium::catalog] [CPU1] DEVD CATALOG: registered driver '/drivers/rtc_cmos' name='rtc_cmos' class=Other kind='dev.rtc.Cmos' start='thingos_driver_start_safe'
053884[42327965493] [[32mINFO [0m] [cambium::catalog] [CPU1] DEVD CATALOG: registered driver '/drivers/rtl8168d' name='rtl8168d' class=Net kind='dev.net.Nic' start='thingos_driver_start_safe'
_177766[42611944122] [[32mINFO [0m] [cambium::catalog] [CPU1] DEVD CATALOG: registered driver '/drivers/virtio_netd' name='virtio_netd' class=Net kind='dev.net.Nic' start='thingos_driver_start_safe'
7[42674742726] [[32mINFO [0m] [sprout::supervisor] [CPU0] SPROUT: Spawned wayland_hello (PID=11)
3[42699126921] [[32mINFO [0m] [sprout::supervisor] [CPU0] SPROUT: Spawned clock (PID=12)
[42704817243] [[32mINFO [0m] [clock] [CPU3] clock: running at low scheduler priority tid=12
4571[42824389014] [[32mINFO [0m] [cambium::catalog] [CPU1] DEVD CATALOG: registered driver '/drivers/virtio_sound' name='virtio_sound' class=Audio kind='dev.sound.Virtio' start='thingos_driver_start_safe'
381[42934729134] [[32mINFO [0m] [bloom::render] [CPU1] bloom: cursor ready buffer=2 size=48x48 hotspot=11,6
[42947241249] [[32mINFO [0m] [bloom] [CPU1] bloom: watching wallpaper config /session/desktop/wallpaper
[42949404168] [[32mINFO [0m] [bloom] [CPU1] bloom: watching theme config /session/desktop/theme
407[43054822833] [[32mINFO [0m] [cambium::catalog] [CPU1] DEVD CATALOG: registered driver '/drivers/xhci' name='xhci' class=Block kind='dev.usb.Xhci' start='thingos_driver_start_safe'
[43056644994] [[32mINFO [0m] [cambium::catalog] [CPU1] DEVD CATALOG: 15 driver(s) found
5
[43125826326] [[32mINFO [0m] [ahci_disk] [CPU1] AHCI: Starting AHCI VFS driver
[?25l[43163368875] [[32mINFO [0m] [ahci_disk] [CPU1] AHCI: Claimed device /sys/devices/pci-0000:00:1f.2
BDD_CONSOLE_READY_3053884_1777667345713814075
[43180113174] [[32mINFO [0m] [ahci_disk] [CPU1] AHCI: Mounted atapi2 at /dev/storage/atapi2
[43181392914] [[32mINFO [0m] [ahci_disk] [CPU1] AHCI: Provider loop online at /dev/storage/atapi2
[43214821122] [[32mINFO [0m] [bloom] [CPU1] bloom: Wayland server thread spawned
[43216850226] [[32mINFO [0m] [bloom::loop_types] [CPU1] bloom: service loop started
[43217703606] [[32mINFO [0m] [bloom::loop_types] [CPU1] bloom: output0 1280x800 @ 60000mHz ready
[43238829843] [[32mINFO [0m] [bloom::wayland] [CPU3] wayland-server: starting
[43253267211] [[32mINFO [0m] [bloom::wayland] [CPU3] wayland-server: listening on /run/wayland-0
[43254255396] [[32mINFO [0m] [bloom::wayland] [CPU3] wayland-server: advertising globals wl_compositor wl_shm xdg_wm_base wl_seat wl_output wl_subcompositor wl_data_device_manager zwp_linux_dmabuf_v1
[?25h[1;95mTHING[0m[1;96m-OS[0m [2;94m[[0m[1;92mOK[0m[2;94m][0m [1;93m/[0m [1;96m>[0m [?25h[43306396386] [[32mINFO [0m] [clock] [CPU3] clock: connected to /run/wayland-0
[43309359918] [[32mINFO [0m] [ps2_kbd] [CPU2] ps2_kbd: bristle pid=8
[43319270016] [[32mINFO [0m] [wayland_hello] [CPU2] wayland_hello: connected to /run/wayland-0
[43331098371] [[32mINFO [0m] [rtc_cmos] [CPU1] RTC: claimed /sys/devices/isa-0070 (handle=2)
[43351659912] [[32mINFO [0m] [rtc_cmos] [CPU1] RTC: 2026-05-01 20:29:05 = 1777667345 unix_secs
[43352871144] [[32mINFO [0m] [kernel::time] [CPU1] System clock anchored: unix_secs=1777667345, mono_ns=21676269549, offset=1777667323323730451ns
[43354087425] [[32mINFO [0m] [rtc_cmos] [CPU1] RTC: System clock anchored to 1777667345 unix_secs
[43381137228] [[32mINFO [0m] [kernel::time] [CPU0] System clock tick: utc=2026-05-01 20:29:05.013269085 unix_secs=1777667345.013269085
[43565279175] [[32mINFO [0m] [ps2_mouse] [CPU3] ps2_mouse: bristle pid=8
[43609585767] [[32mINFO [0m] [wayland_hello] [CPU2] wayland_hello: pistil text renderer loaded with default /share/fonts/Inter-Regular.ttf
[43654173288] [[32mINFO [0m] [clock] [CPU3] clock: pistil DSEG7 text renderer loaded with /share/fonts/DSEG7Classic-Regular.ttf
[43655280075] [[32mINFO [0m] [clock] [CPU3] clock: pistil generic text renderer loaded with /share/fonts/Inter-Regular.ttf
[43748809434] [[32mINFO [0m] [ps2_kbd] [CPU2] ps2_kbd: read scancode 0x47
[43751318127] [[32mINFO [0m] [ps2_kbd] [CPU2] ps2_kbd: edge detected: Down { key: Unknown, mods: Mods(0), repeat: false }
[43754994426] [[32mINFO [0m] [ps2_kbd] [CPU2] ps2_kbd: sent Unknown to bristle (pid=8)
[43763924886] [[32mINFO [0m] [bristle] [CPU2] bristle: KeyDown received: Unknown
[43975901937] [[32mINFO [0m] [display_virtio_gpu] [CPU3] display_virtio_gpu: first commit copied buffer=1 rect=1280x800 src_px=0xff0b0a10 dst_px=0xff0b0a10 damage=1280x800+0,0 res_id=1 gpu_planes=0 cpu_planes=2
[43981436697] [[32mINFO [0m] [display_virtio_gpu] [CPU3] display_virtio_gpu: cursor plane blended buffer=2 at 638,399 src_px=0x10202020 dst_before=0xff0b0a10 dst_after=0xff0c0b11
[43993454637] [[32mINFO [0m] [bloom::loop_types] [CPU1] First frame rendered
[44007268635] [[32mINFO [0m] [bloom::services::wayland_cmd] [CPU1] bloom: registered titlebar drag zone surface=1 height=28 frame=6
[44018752833] [[32mINFO [0m] [bloom::services::input_service] [CPU1] bloom: registered bristle pointer sink
[44025284325] [[32mINFO [0m] [bloom::wayland::dispatch] [CPU3] wayland-server: xdg_toplevel obj=12 assigned to xdg_surface=11
[44026756950] [[32mINFO [0m] [bristle] [CPU2] bristle: bloom sink registered (handle=5 mask=0x03)
e[44556683919] [[32mINFO [0m] [wayland_hello] [CPU2] wayland_hello: using zwp_linux_dmabuf_v1 buffers
[44558387643] [[32mINFO [0m] [wayland_hello] [CPU2] wayland_hello: bound wp_presentation
[44564734929] [[32mINFO [0m] [wayland_hello] [CPU2] wayland_hello: wl_region smoke test: create+add+set_opaque+destroy
[44622234459] [[32mINFO [0m] [bloom::services::wayland_cmd] [CPU1] bloom: registered titlebar drag zone surface=2 height=28 frame=6
[44630144130] [[32mINFO [0m] [bloom::services::wallpaper] [CPU1] bloom: preparing background /share/wallpapers/flower.png
[44636305065] [[32mINFO [0m] [bloom::wayland::dispatch] [CPU3] wayland-server: xdg_toplevel obj=12 assigned to xdg_surface=11
[44715398970] [[32mINFO [0m] [bloom::wayland::dispatch] [CPU3] wayland-server: imported dmabuf wl_buffer=111 480x320 format=0x34325241
cho -e 'a\nb\nc' | grep -v b
[?25la
c
[?25h[1;95mTHING[0m[1;96m-OS[0m [2;94m[[0m[1;92mOK[0m[2;94m][0m [1;93m/[0m [1;96m>[0m [?25h[47925800670] [[32mINFO [0m] [bloom::services::wayland_cmd] [CPU1] bloom: registered titlebar drag zone surface=3 height=28 frame=6
[47945202393] [[32mINFO [0m] [bloom::wayland::dispatch] [CPU3] wayland-server: xdg_popup obj=23 assigned to xdg_surface=21
[47995768095] [[32mINFO [0m] [bloom::wayland::dispatch] [CPU3] wayland-server: imported dmabuf wl_buffer=121 160x96 format=0x34325241
[48623909532] [[32mINFO [0m] [bloom::render] [CPU1] bloom: flat window overlays ready size=1280x800
[49401498993] [[32mINFO [0m] [kernel::time] [CPU0] System clock tick: utc=2026-05-01 20:29:08.024371047 unix_secs=1777667348.024371047
[50577638826] [[32mINFO [0m] [wayland_hello] [CPU2] wayland_hello: frame callback done object=1000 data=25277
[50580792801] [[32mINFO [0m] [wayland_hello] [CPU2] wayland_hello: wp_presentation_feedback.presented object=1001 tv=25.283942013 refresh_ns=16666666 seq=0
[51104234247] [[32mINFO [0m] [wayland_hello] [CPU2] wayland_hello: frame callback done object=1002 data=25544
[51106505934] [[32mINFO [0m] [wayland_hello] [CPU2] wayland_hello: wp_presentation_feedback.presented object=1003 tv=25.549275625 refresh_ns=16666666 seq=1
[55423422054] [