=== Console Readiness ===
ec[41304639684] [INFO ] [bloom::render] [CPU1] bloom: pistil background renderer loaded from /lib/libpistil.so
[41306229195] [INFO ] [bloom::render] [CPU1] bloom: pistil font text renderer loaded with default /share/fonts/Inter-Regular.ttf
[41307425610] [INFO ] [bloom::render] [CPU1] bloom: pistil symbol renderer loaded with /share/fonts/NotoSansSymbol2-Regular.ttf
[41316094050] [INFO ] [bloom] [CPU1] bloom: initial theme configured Facet Frame
ho BDD_[41547577533] [INFO ] [cambium::catalog] [CPU1] DEVD CATALOG: registered driver '/drivers/pci_stubd' name='pci_stubd' class=Other kind='drv.PciStubd' start='thingos_driver_start_safe'
CONSOL[41799359085] [INFO ] [bloom] [CPU1] bloom: initial wallpaper configured /share/wallpapers/flower.png
[41818188456] [INFO ] [cambium::catalog] [CPU1] DEVD CATALOG: registered driver '/drivers/ps2_kbd' name='ps2_kbd' class=Input kind='drv.Ps2Keyboard' start='thingos_driver_start_safe'
E_REA[41982226077] [INFO ] [cambium::catalog] [CPU1] DEVD CATALOG: registered driver '/drivers/ps2_mouse' name='ps2_mouse' class=Input kind='drv.Ps2Mouse' start='thingos_driver_start_safe'
DY_3[42157654143] [INFO ] [cambium::catalog] [CPU1] DEVD CATALOG: registered driver '/drivers/rtc_cmos' name='rtc_cmos' class=Other kind='dev.rtc.Cmos' start='thingos_driver_start_safe'
053884[42327965493] [INFO ] [cambium::catalog] [CPU1] DEVD CATALOG: registered driver '/drivers/rtl8168d' name='rtl8168d' class=Net kind='dev.net.Nic' start='thingos_driver_start_safe'
_177766[42611944122] [INFO ] [cambium::catalog] [CPU1] DEVD CATALOG: registered driver '/drivers/virtio_netd' name='virtio_netd' class=Net kind='dev.net.Nic' start='thingos_driver_start_safe'
7[42674742726] [INFO ] [sprout::supervisor] [CPU0] SPROUT: Spawned wayland_hello (PID=11)
3[42699126921] [INFO ] [sprout::supervisor] [CPU0] SPROUT: Spawned clock (PID=12)
[42704817243] [INFO ] [clock] [CPU3] clock: running at low scheduler priority tid=12
4571[42824389014] [INFO ] [cambium::catalog] [CPU1] DEVD CATALOG: registered driver '/drivers/virtio_sound' name='virtio_sound' class=Audio kind='dev.sound.Virtio' start='thingos_driver_start_safe'
381[42934729134] [INFO ] [bloom::render] [CPU1] bloom: cursor ready buffer=2 size=48x48 hotspot=11,6
[42947241249] [INFO ] [bloom] [CPU1] bloom: watching wallpaper config /session/desktop/wallpaper
[42949404168] [INFO ] [bloom] [CPU1] bloom: watching theme config /session/desktop/theme
407[43054822833] [INFO ] [cambium::catalog] [CPU1] DEVD CATALOG: registered driver '/drivers/xhci' name='xhci' class=Block kind='dev.usb.Xhci' start='thingos_driver_start_safe'
[43056644994] [INFO ] [cambium::catalog] [CPU1] DEVD CATALOG: 15 driver(s) found
5
[43125826326] [INFO ] [ahci_disk] [CPU1] AHCI: Starting AHCI VFS driver
[43163368875] [INFO ] [ahci_disk] [CPU1] AHCI: Claimed device /sys/devices/pci-0000:00:1f.2
BDD_CONSOLE_READY_3053884_1777667345713814075
[43180113174] [INFO ] [ahci_disk] [CPU1] AHCI: Mounted atapi2 at /dev/storage/atapi2
[43181392914] [INFO ] [ahci_disk] [CPU1] AHCI: Provider loop online at /dev/storage/atapi2
[43214821122] [INFO ] [bloom] [CPU1] bloom: Wayland server thread spawned
[43216850226] [INFO ] [bloom::loop_types] [CPU1] bloom: service loop started
[43217703606] [INFO ] [bloom::loop_types] [CPU1] bloom: output0 1280x800 @ 60000mHz ready
[43238829843] [INFO ] [bloom::wayland] [CPU3] wayland-server: starting
[43253267211] [INFO ] [bloom::wayland] [CPU3] wayland-server: listening on /run/wayland-0
[43254255396] [INFO ] [bloom::wayland] [CPU3] wayland-server: advertising globals wl_compositor wl_shm xdg_wm_base wl_seat wl_output wl_subcompositor wl_data_device_manager zwp_linux_dmabuf_v1
THING-OS [OK] / > [43306396386] [INFO ] [clock] [CPU3] clock: connected to /run/wayland-0
[43309359918] [INFO ] [ps2_kbd] [CPU2] ps2_kbd: bristle pid=8
[43319270016] [INFO ] [wayland_hello] [CPU2] wayland_hello: connected to /run/wayland-0
[43331098371] [INFO ] [rtc_cmos] [CPU1] RTC: claimed /sys/devices/isa-0070 (handle=2)
[43351659912] [INFO ] [rtc_cmos] [CPU1] RTC: 2026-05-01 20:29:05 = 1777667345 unix_secs
[43352871144] [INFO ] [kernel::time] [CPU1] System clock anchored: unix_secs=1777667345, mono_ns=21676269549, offset=1777667323323730451ns
[43354087425] [INFO ] [rtc_cmos] [CPU1] RTC: System clock anchored to 1777667345 unix_secs
[43381137228] [INFO ] [kernel::time] [CPU0] System clock tick: utc=2026-05-01 20:29:05.013269085 unix_secs=1777667345.013269085

=== End Console Readiness ===

=== Serial Log (since step start) ===
[32mINFO [0m] [sprout::supervisor] [CPU0] SPROUT: Spawned bloom (PID=10)
[40335023025] [[32mINFO [0m] [bloom] [CPU1] bloom: ENTERING MAIN
[40336538616] [[32mINFO [0m] [bloom] [CPU1] bloom: compositor service starting
[40468479051] [[32mINFO [0m] [bloom] [CPU1] bloom: connected to /dev/display/card0 on try 0
[40489588821] [[32mINFO [0m] [bloom] [CPU1] bloom: output0 1280x800 @ 60000mHz
[40494940794] [[32mINFO [0m] [cambium::catalog] [CPU1] DEVD CATALOG: registered driver '/drivers/display_virtio_gpu' name='display_virtio_gpu' class=Display kind='dev.display.Gpu' start='thingos_driver_start_safe'
[40657108074] [[32mINFO [0m] [cambium::catalog] [CPU1] DEVD CATALOG: registered driver '/drivers/hdaudio' name='hdaudio' class=Audio kind='dev.sound.Hda' start='thingos_driver_start_safe'
[40815399372] [[32mINFO [0m] [cambium::catalog] [CPU1] DEVD CATALOG: registered driver '/drivers/hwrng' name='hwrng' class=Other kind='dev.rng.HwRng' start='_RNvCs7wlZbVUrQWf_5hwrng20thingos_driver_start'
[40976506428] [[32mINFO [0m] [bloom] [CPU1] bloom: display driver does not support VBLANK
[40977545367] [[32mINFO [0m] [bloom] [CPU1] bloom: display driver supports linear dmabuf import
[40978356837] [[32mINFO [0m] [bloom] [CPU1] bloom: display driver supports GPU blit (hardware transfer/flush)
[40979107125] [[32mINFO [0m] [bloom] [CPU1] bloom: display driver supports direct scanout (zero-copy path to display)
[40979779962] [[32mINFO [0m] [bloom] [CPU1] bloom: display driver supports partial flush (damage regions)
[40980429303] [[32mINFO [0m] [bloom] [CPU1] bloom: display driver supports resource cache (pre-allocated buffer pool)
[40981171935] [[32mINFO [0m] [bloom] [CPU1] bloom: creating service port...
ec[41304639684] [[32mINFO [0m] [bloom::render] [CPU1] bloom: pistil background renderer loaded from /lib/libpistil.so
[41306229195] [[32mINFO [0m] [bloom::render] [CPU1] bloom: pistil font text renderer loaded with default /share/fonts/Inter-Regular.ttf
[41307425610] [[32mINFO [0m] [bloom::render] [CPU1] bloom: pistil symbol renderer loaded with /share/fonts/NotoSansSymbol2-Regular.ttf
[41316094050] [[32mINFO [0m] [bloom] [CPU1] bloom: initial theme configured Facet Frame
ho BDD_[41547577533] [[32mINFO [0m] [cambium::catalog] [CPU1] DEVD CATALOG: registered driver '/drivers/pci_stubd' name='pci_stubd' class=Other kind='drv.PciStubd' start='thingos_driver_start_safe'
CONSOL[41799359085] [[32mINFO [0m] [bloom] [CPU1] bloom: initial wallpaper configured /share/wallpapers/flower.png
[41818188456] [[32mINFO [0m] [cambium::catalog] [CPU1] DEVD CATALOG: registered driver '/drivers/ps2_kbd' name='ps2_kbd' class=Input kind='drv.Ps2Keyboard' start='thingos_driver_start_safe'
E_REA[41982226077] [[32mINFO [0m] [cambium::catalog] [CPU1] DEVD CATALOG: registered driver '/drivers/ps2_mouse' name='ps2_mouse' class=Input kind='drv.Ps2Mouse' start='thingos_driver_start_safe'
DY_3[42157654143] [[32mINFO [0m] [cambium::catalog] [CPU1] DEVD CATALOG: registered driver '/drivers/rtc_cmos' name='rtc_cmos' class=Other kind='dev.rtc.Cmos' start='thingos_driver_start_safe'
053884[42327965493] [[32mINFO [0m] [cambium::catalog] [CPU1] DEVD CATALOG: registered driver '/drivers/rtl8168d' name='rtl8168d' class=Net kind='dev.net.Nic' start='thingos_driver_start_safe'
_177766[42611944122] [[32mINFO [0m] [cambium::catalog] [CPU1] DEVD CATALOG: registered driver '/drivers/virtio_netd' name='virtio_netd' class=Net kind='dev.net.Nic' start='thingos_driver_start_safe'
7[42674742726] [[32mINFO [0m] [sprout::supervisor] [CPU0] SPROUT: Spawned wayland_hello (PID=11)
3[42699126921] [[32mINFO [0m] [sprout::supervisor] [CPU0] SPROUT: Spawned clock (PID=12)
[42704817243] [[32mINFO [0m] [clock] [CPU3] clock: running at low scheduler priority tid=12
4571[42824389014] [[32mINFO [0m] [cambium::catalog] [CPU1] DEVD CATALOG: registered driver '/drivers/virtio_sound' name='virtio_sound' class=Audio kind='dev.sound.Virtio' start='thingos_driver_start_safe'
381[42934729134] [[32mINFO [0m] [bloom::render] [CPU1] bloom: cursor ready buffer=2 size=48x48 hotspot=11,6
[42947241249] [[32mINFO [0m] [bloom] [CPU1] bloom: watching wallpaper config /session/desktop/wallpaper
[42949404168] [[32mINFO [0m] [bloom] [CPU1] bloom: watching theme config /session/desktop/theme
407[43054822833] [[32mINFO [0m] [cambium::catalog] [CPU1] DEVD CATALOG: registered driver '/drivers/xhci' name='xhci' class=Block kind='dev.usb.Xhci' start='thingos_driver_start_safe'
[43056644994] [[32mINFO [0m] [cambium::catalog] [CPU1] DEVD CATALOG: 15 driver(s) found
5
[43125826326] [[32mINFO [0m] [ahci_disk] [CPU1] AHCI: Starting AHCI VFS driver
[?25l[43163368875] [[32mINFO [0m] [ahci_disk] [CPU1] AHCI: Claimed device /sys/devices/pci-0000:00:1f.2
BDD_CONSOLE_READY_3053884_1777667345713814075
[43180113174] [[32mINFO [0m] [ahci_disk] [CPU1] AHCI: Mounted atapi2 at /dev/storage/atapi2
[43181392914] [[32mINFO [0m] [ahci_disk] [CPU1] AHCI: Provider loop online at /dev/storage/atapi2
[43214821122] [[32mINFO [0m] [bloom] [CPU1] bloom: Wayland server thread spawned
[43216850226] [[32mINFO [0m] [bloom::loop_types] [CPU1] bloom: service loop started
[43217703606] [[32mINFO [0m] [bloom::loop_types] [CPU1] bloom: output0 1280x800 @ 60000mHz ready
[43238829843] [[32mINFO [0m] [bloom::wayland] [CPU3] wayland-server: starting
[43253267211] [[32mINFO [0m] [bloom::wayland] [CPU3] wayland-server: listening on /run/wayland-0
[43254255396] [[32mINFO [0m] [bloom::wayland] [CPU3] wayland-server: advertising globals wl_compositor wl_shm xdg_wm_base wl_seat wl_output wl_subcompositor wl_data_device_manager zwp_linux_dmabuf_v1
[?25h[1;95mTHING[0m[1;96m-OS[0m [2;94m[[0m[1;92mOK[0m[2;94m][0m [1;93m/[0m [1;96m>[0m [?25h[43306396386] [[32mINFO [0m] [clock] [CPU3] clock: connected to /run/wayland-0
[43309359918] [[32mINFO [0m] [ps2_kbd] [CPU2] ps2_kbd: bristle pid=8
[43319270016] [[32mINFO [0m] [wayland_hello] [CPU2] wayland_hello: connected to /run/wayland-0
[43331098371] [[32mINFO [0m] [rtc_cmos] [CPU1] RTC: claimed /sys/devices/isa-0070 (handle=2)
[43351659912] [[32mINFO [0m] [rtc_cmos] [CPU1] RTC: 2026-05-01 20:29:05 = 1777667345 unix_secs
[43352871144] [[32mINFO [0m] [kernel::time] [CPU1] System clock anchored: unix_secs=1777667345, mono_ns=21676269549, offset=1777667323323730451ns
[43354087425] [[32mINFO [0m] [rtc_cmos] [CPU1] RTC: System clock anchored to 1777667345 unix_secs
[43381137228] [[32mINFO [0m] [kernel::time] [CPU0] System clock tick: utc=2026-05-01 20:29:05.013269085 unix_secs=1777667345.013269085
[43565279175] [[32mINFO [0m] [ps2_mouse] [CPU3] ps2_mouse: bristle pid=8
[43609585767] [[32mINFO [0m] [wayland_hello] [CPU2] wayland_hello: pistil text renderer loaded with default /share/fonts/Inter-Regular.ttf
[43654173288] [[32mINFO [0m] [clock] [CPU3] clock: pistil DSEG7 text renderer loaded with /share/fonts/DSEG7Classic-Regular.ttf
[43655280075] [[32mINFO [0m] [clock] [CPU3] clock: pistil generic text renderer loaded with /share/fonts/Inter-Regular.ttf
[43748809434] [[32mINFO [0m] [ps2_kbd] [CPU2] ps2_kbd: read scancode 0x47
[43751318127] [[32mINFO [0m] [ps2_kbd] [CPU2] ps2_kbd: edge detected: Down { key: Unknown, mods: Mods(0), repeat: false }
[43754994426] [[32mINFO [0m] [ps2_kbd] [CPU2] ps2_kbd: sent Unknown to bristle (pid=8)
[43763924886] [[32mINFO [0m] [bristle] [CPU2] bristle: KeyDown received: Unknown
[43975901937] [
=== End Serial Log ===
