UEFI firmware (version  built at 23:58:55 on Oct  8 2025)
[2J[01;01H[=3h[2J[01;01H[2J[01;01H[8;031;100t0[2J[01;01HBdsDxe: loading Boot0002 "UEFI Misc Device" from PciRoot(0x0)/Pci(0x3,0x0)
BdsDxe: starting Boot0002 "UEFI Misc Device" from PciRoot(0x0)/Pci(0x3,0x0)
[2J[01;01H[01;01H[2J[01;01H[01;01HKMAIN
[828368493] [[32mINFO [0m] [kernel::boot_progress] [CPU0] boot_progress: milestone="Framebuffer Initialized"
[866109401] [[32mINFO [0m] [kernel::boot_progress] [CPU0] boot_progress: milestone="Memory Map OK"
[867723066] [[32mINFO [0m] [kernel] [CPU0] Initializing global allocator...
[871704200] [[32mINFO [0m] [kernel::boot_progress] [CPU0] boot_progress: milestone="Global Allocator"
[873562649] [[32mINFO [0m] [kernel::boot_progress] [CPU0] boot_progress: milestone="Display Registry"
[875173511] [[32mINFO [0m] [kernel] [CPU0] Initializing SIMD...
[875226729] [[32mINFO [0m] [kernel::boot_progress] [CPU0] boot_progress: milestone="SIMD Ready"
[876918464] [[33mWARN [0m] [kernel::entropy] [CPU0] ENTROPY: no hardware RNG available, using timer fallback (weak entropy)
[876987028] [[32mINFO [0m] [kernel::boot_progress] [CPU0] boot_progress: milestone="SIMD Ready"
[878629022] [[32mINFO [0m] [kernel] [CPU0] Initializing tasking...
[878896037] [[32mINFO [0m] [kernel::sched] [CPU0] SCHED: 1 per-CPU scheduler(s) allocated
[878950508] [[32mINFO [0m] [kernel::sched] [CPU0] SCHED: per-CPU preemption initialized (1 independent preemption domains, no global preemption lock)
[879906926] [[32mINFO [0m] [kernel::sched] [CPU0] Scheduler initialized
[879967738] [[32mINFO [0m] [kernel::boot_progress] [CPU0] boot_progress: milestone="Tasking Initialized"
[884474546] [[32mINFO [0m] [kernel::boot_progress] [CPU0] boot_progress: milestone="VFS Root Ready"
[886203380] [[32mINFO [0m] [kernel::boot_progress] [CPU0] boot_progress: milestone="PCI Bus Scanned"
[887945142] [[32mINFO [0m] [kernel::boot_progress] [CPU0] boot_progress: milestone="Legacy Devices"
[889718503] [[32mINFO [0m] [kernel::boot_progress] [CPU0] boot_progress: milestone="BSP Timer OK"
[891385277] [[32mINFO [0m] [kernel::boot_progress] [CPU0] boot_progress: milestone="SMP Bring-up"
[893097037] [[32mINFO [0m] [kernel::boot_progress] [CPU0] boot_progress: milestone="Boot Info OK"
[894939206] [[32mINFO [0m] [kernel::boot_progress] [CPU0] boot_progress: milestone="Modules Scanned"
[905379219] [[32mINFO [0m] [kernel::boot_progress] [CPU0] boot_progress: hint="Press F12 for a terminal"
[905590312] [[32mINFO [0m] [bran::arch::aarch64] [CPU0] make_user_address_space: created aspace phys=0x41008000
[909935133] [[32mINFO [0m] [bran::arch::aarch64] [CPU0] activate_address_space: setting TTBR0 to 0x41008000
[911214682] [[32mINFO [0m] [kernel::boot_progress] [CPU0] boot_progress: milestone="Spawning Sprout"
[925996691] [[32mINFO [0m] [kernel::boot_progress] [CPU0] boot_progress: milestone="Entering Scheduler"
[954443575] [[32mINFO [0m] [kernel] [CPU0] [kernel:start] scheduler-entry total elapsed_ticks=72844221 elapsed_us=1165507
[954512288] [[32mINFO [0m] [kernel] [CPU0] Entering scheduler loop.
[955021671] [[32mINFO [0m] [bran::arch::aarch64] [CPU0] activate_address_space: setting TTBR0 to 0x41008000
[955136908] [[32mINFO [0m] [bran::arch::aarch64] [CPU0] enter_user: TTBR0=0x41008000 entry_pc=0x208e68 user_sp=0x800000 tls_base=0x0
[955470340] [[32mINFO [0m] [sprout] [CPU0] SPROUT: ENTERING MAIN (arg0=6291456)
[955571164] [[32mINFO [0m] [sprout] [CPU0] SPROUT: v0.4.1 [REBUILT] starting (Supervisor Mode)...
[956514733] [[32mINFO [0m] [sprout::supervisor] [CPU0] SPROUT: Initializing Supervisor...
[960773504] [[32mINFO [0m] [sprout::supervisor] [CPU0] SPROUT: Supervisor session started (FULL PIPELINE MODE)
[961066399] [[32mINFO [0m] [sprout::supervisor] [CPU0] SPROUT: Launching serial shell...
[961135713] [[32mINFO [0m] [sprout::pipelines] [CPU0] SPROUT: Setting up serial shell on /dev/console...
[967235293] [[32mINFO [0m] [bran::arch::aarch64] [CPU0] make_user_address_space: created aspace phys=0x41072000
[972609610] [[32mINFO [0m] [sprout::pipelines] [CPU0] SPROUT: Spawned serial shell '/bin/sh' (PID=3)
[972799143] [[32mINFO [0m] [sprout::supervisor] [CPU0] SPROUT: Serial shell launched; yielding 50ms so the prompt can take the foreground
[973080350] [[32mINFO [0m] [bran::arch::aarch64] [CPU0] activate_address_space: setting TTBR0 to 0x41072000
[973152122] [[32mINFO [0m] [bran::arch::aarch64] [CPU0] enter_user: TTBR0=0x41072000 entry_pc=0x20b3bc user_sp=0x800000 tls_base=0x0
[973314589] [[32mINFO [0m] [sh] [CPU0] SH: starting v0.1.0-debug
[1;32m
        .-.
       /   \        [1;36mTHING-OS[1;32m
      |     |       [0;36m"People, places, things."[1;32m
       \   /        
        `-'        
       /   \        v0.1  •  
      |     |       2026-04-16
       \   /
        `-'
[0m
[2m--------------------------------------------------------------[0m
[1m sprout has taken root. the system is awake.[0m

  try:
    [36mls /bin[0m       browse available shoots
    [36mps[0m            observe living processes
    [36mcat /version[0m  inspect the genome

[2m--------------------------------------------------------------[0m
[1;95mTHING[0m[1;96m-OS[0m [2;94m[[0m[1;95mBOOT[0m[2;94m][0m [1;93m/[0m [1;96m>[0m [?25h[978048727] [[32mINFO [0m] [bran::arch::aarch64] [CPU0] activate_address_space: setting TTBR0 to 0xb65f4000
