[2J[01;01H[=3h[2J[01;01H[2J[01;01H[8;042;160t0[2J[01;01H[2J[01;01H[8;056;240t0[2J[01;01HBdsDxe: loading Boot0002 "UEFI QEMU DVD-ROM QM00005 " from PciRoot(0x0)/Pci(0x1F,0x2)/Sata(0x2,0xFFFF,0x0)
BdsDxe: starting Boot0002 "UEFI QEMU DVD-ROM QM00005 " from PciRoot(0x0)/Pci(0x1F,0x2)/Sata(0x2,0xFFFF,0x0)
[2J[01;01H[01;01H[2J[01;01H[01;01H[89098082502] [[32mINFO [0m] [kernel::boot_progress] [CPU0] boot_progress: milestone="Framebuffer Initialized"
[89356070628] [[32mINFO [0m] [kernel::boot_progress] [CPU0] boot_progress: milestone="Memory Map OK"
[89375945472] [[32mINFO [0m] [kernel] [CPU0] Initializing global allocator...
[89407783740] [[32mINFO [0m] [kernel::boot_progress] [CPU0] boot_progress: milestone="Global Allocator"
[89440194360] [[32mINFO [0m] [kernel::boot_progress] [CPU0] boot_progress: milestone="Display Registry"
[89460079797] [[32mINFO [0m] [kernel] [CPU0] Initializing SIMD...
[89461911957] [[32mINFO [0m] [kernel::boot_progress] [CPU0] boot_progress: milestone="SIMD Ready"
[89500264623] [[33mWARN [0m] [kernel::entropy] [CPU0] ENTROPY: no hardware RNG available, using timer fallback (weak entropy)
[89502168261] [[32mINFO [0m] [kernel::boot_progress] [CPU0] boot_progress: milestone="SIMD Ready"
[89521812369] [[32mINFO [0m] [kernel] [CPU0] Initializing tasking...
[89536742658] [[32mINFO [0m] [kernel::sched] [CPU0] SCHED: 1 per-CPU scheduler(s) allocated
[89537423481] [[32mINFO [0m] [kernel::sched] [CPU0] SCHED: per-CPU preemption initialized (1 independent preemption domains, no global preemption lock)
[89573616792] [[32mINFO [0m] [kernel::sched] [CPU0] Scheduler initialized
[89574832446] [[32mINFO [0m] [kernel::boot_progress] [CPU0] boot_progress: milestone="Tasking Initialized"
[89684480985] [[32mINFO [0m] [kernel::boot_progress] [CPU0] boot_progress: milestone="VFS Root Ready"
[89778069051] [[32mINFO [0m] [kernel::boot_progress] [CPU0] boot_progress: milestone="PCI Bus Scanned"
[89801667615] [[32mINFO [0m] [kernel::boot_progress] [CPU0] boot_progress: milestone="Legacy Devices"
[89879825079] [[32mINFO [0m] [kernel::boot_progress] [CPU0] boot_progress: milestone="BSP Timer OK"
[89980021857] [[32mINFO [0m] [kernel::boot_progress] [CPU0] boot_progress: milestone="SMP Bring-up"
[90005929101] [[32mINFO [0m] [kernel::boot_progress] [CPU0] boot_progress: milestone="Boot Info OK"
[90028828593] [[32mINFO [0m] [kernel::boot_progress] [CPU0] boot_progress: milestone="Modules Scanned"
[90132035466] [[32mINFO [0m] [kernel::boot_progress] [CPU0] boot_progress: hint="Press F12 for a terminal"
[90183822828] [[32mINFO [0m] [kernel::boot_progress] [CPU0] boot_progress: milestone="Spawning Sprout"
[90317934795] [[32mINFO [0m] [kernel::boot_progress] [CPU0] boot_progress: milestone="Entering Scheduler"
[90572547978] [[32mINFO [0m] [kernel] [CPU0] [kernel:start] scheduler-entry total elapsed_ticks=977416473 elapsed_us=488708
[90573510852] [[32mINFO [0m] [kernel] [CPU0] Entering scheduler loop.
[90655407678] [[32mINFO [0m] [sprout] [CPU0] SPROUT: ENTERING MAIN (arg0=6291456)
[90658789122] [[32mINFO [0m] [sprout] [CPU0] SPROUT: v0.4.1 [REBUILT] starting (Supervisor Mode)...
[90700917384] [[32mINFO [0m] [sprout::supervisor] [CPU0] SPROUT: Initializing Supervisor...
[90747679143] [[32mINFO [0m] [sprout::supervisor] [CPU0] SPROUT: Supervisor session started (FULL PIPELINE MODE)
[90757176147] [[32mINFO [0m] [sprout::supervisor] [CPU0] SPROUT: Launching serial shell...
[90758795457] [[32mINFO [0m] [sprout::pipelines] [CPU0] SPROUT: Setting up serial shell on /dev/console...
[90854471499] [[32mINFO [0m] [sprout::pipelines] [CPU0] SPROUT: Spawned serial shell '/bin/sh' (PID=6)
[90858174264] [[32mINFO [0m] [sprout::supervisor] [CPU0] SPROUT: Serial shell launched; yielding 50ms so the prompt can take the foreground
[90864244482] [[32mINFO [0m] [sh] [CPU3] SH: starting v0.1.0-debug
[1;32m
        .-.
       /   \        [1;36mTHING-OS[1;32m
      |     |       [0;36m"People, places, things."[1;32m
       \   /        
        `-'        
       /   \        v0.1  •  
      |     |       2026-04-16
       \   /
        `-'
[0m
[2m--------------------------------------------------------------[0m
[1m sprout has taken root. the system is awake.[0m

  try:
    [36mls /bin[0m       browse available shoots
    [36mps[0m            observe living processes
    [36mcat /version[0m  inspect the genome

[2m--------------------------------------------------------------[0m
[1;95mTHING[0m[1;96m-OS[0m [2;94m[[0m[1;95mBOOT[0m[2;94m][0m [1;93m/[0m [1;96m>[0m [?25h[91021825851] [[32mINFO [0m] [sprout::supervisor] [CPU0] SPROUT: Continuing supervisor startup
[91023575346] [[32mINFO [0m] [sprout::supervisor] [CPU0] SPROUT: Spawning cambium for driver discovery...
[91058125455] [[32mINFO [0m] [sprout::pipelines] [CPU0] SPROUT: Skipping early /hosts mount; mesocarp is disabled in init
[91061914647] [[32mINFO [0m] [sprout::supervisor] [CPU0] SPROUT: Starting full pipeline (graphics + input)
[91061920455] [[32mINFO [0m] [cambium] [CPU1] CAMBIUM: main started
[91064511417] [[32mINFO [0m] [sprout::supervisor] [CPU0] SPROUT: Entering supervisor service loop (tick=100ms)
[91086672171] [[32mINFO [0m] [cambium] [CPU1] CAMBIUM: starting device discovery manager (daemon mode)
[91103597937] [[32mINFO [0m] [sprout::pipelines] [CPU0] SPROUT: Spawned bristle (PID=8)
[91150219149] [[32mINFO [0m] [sprout::supervisor] [CPU0] SPROUT: Starting display pipeline setup
[91153033059] [[32mINFO [0m] [sprout::pipelines] [CPU0] SPROUT: Probing /dev/fb0 for boot framebuffer metadata
[91161475218] [[32mINFO [0m] [sprout::pipelines] [CPU0] SPROUT: /dev/fb0 ready width=1920 height=1080 stride=7680 format=2
[91166617542] [[32mINFO [0m] [sprout::pipelines] [CPU0] SPROUT: Selected display driver '/drivers/display_virtio_gpu'
[91169414655] [[32mINFO [0m] [sprout::pipelines] [CPU0] SPROUT: Creating display request port
[91171673637] [[32mINFO [0m] [bristle] [CPU2] bristle: published pid 8 to /run/bristle/pid
[91187223369] [[32mINFO [0m] [sprout::pipelines] [CPU0] SPROUT: Creating display response port
[91190318934] [[32mINFO [0m] [sprout::pipelines] [CPU0] SPROUT: Creating display bootstrap memfd
[91196313219] [[32mINFO [0m] [sprout::pipelines] [CPU0] SPROUT: Mapping display bootstrap memfd
[91202064492] [[32mINFO [0m] [sprout::pipelines] [CPU0] SPROUT: Launching display driver '/drivers/display_virtio_gpu' (boot_fd=3, bind_id=322371585)
[91202413797] [[32mINFO [0m] [bristle] [CPU2] bristle: published device handles kbd_in=1 mouse_in=3
[91214080089] [[32mINFO [0m] [bristle] [CPU2] bristle: online (kbd_tok=Some(WaitToken(2)), mouse_tok=Some(WaitToken(3)))
[91264225833] [[32mINFO [0m] [sprout::supervisor] [CPU0] SPROUT: Display pipeline initialized (backend=virtio_gpu)
[91269152469] [[32mINFO [0m] [display_virtio_gpu] [CPU3] display_virtio_gpu: starting v0.4.1 (boot_arg=3)
[91368416931] [[32mINFO [0m] [virtio_gpu] [CPU3] virtio_gpu: caps from sysfs - common BAR2 off=0x1000, notify BAR2 off=0x3000 mult=4
[91381208820] [[32mINFO [0m] [virtio_gpu] [CPU3] virtio_gpu: device features=0x30000002 virgl=false
[91393437267] [[32mINFO [0m] [virtio_gpu] [CPU3] virtio_gpu: cursor queue (queue 1) configured
[91394700969] [[32mINFO [0m] [display_virtio_gpu] [CPU3] display_virtio_gpu: GPU initialized successfully
[91395420963] [[32mINFO [0m] [display_virtio_gpu] [CPU3] display_virtio_gpu: composition paths: gpu_opaque_copy=enabled cpu_alpha_blend=enabled
[91398021858] [[32mINFO [0m] [cambium::catalog] [CPU1] DEVD CATALOG: registered driver '/drivers/ahci_disk' name='ahci_disk' class=Block kind='dev.storage.Ahci' start='thingos_driver_start_safe'
[91406233413] [[32mINFO [0m] [display_virtio_gpu] [CPU3] display_virtio_gpu: host scanout 1280x800 enabled=true (bootfb was 1920x1080)
[91571168106] [[32mINFO [0m] [cambium::catalog] [CPU1] DEVD CATALOG: registered driver '/drivers/ata_disk' name='ata_disk' class=Block kind='dev.storage.Ide' start='thingos_driver_start_safe'
[91657634079] [[32mINFO [0m] [display_virtio_gpu] [CPU3] display_virtio_gpu: cursor DMA buffer ready (16 pages at phys=0x2723000)
[91740616803] [[32mINFO [0m] [sprout::supervisor] [CPU0] SPROUT: Mounted /dev/display/card0 successfully
[91745333130] [[32mINFO [0m] [cambium::catalog] [CPU1] DEVD CATALOG: registered driver '/drivers/chime' name='chime' class=Audio kind='dev.sound.Chime' start='thingos_driver_start_safe'
[91754453043] [[32mINFO [0m] [display_virtio_gpu] [CPU3] display_virtio_gpu: Sovereign registration COMPLETE. Assigned: /dev/display/card0
[91759778880] [[32mINFO [0m] [display_virtio_gpu] [CPU3] display_virtio_gpu: VFS provider loop online
[91763593383] [[32mINFO [0m] [sprout::supervisor] [CPU0] SPROUT: Display service is ready at /dev/display/card0
[91916820204] [[32mINFO [0m] [cambium::catalog] [CPU1] DEVD CATALOG: registered driver '/drivers/display_bootfb' name='display_bootfb' class=Display kind='dev.display.Gpu' start='thingos_driver_start_safe'
[92106214266] [[32mINFO [0m] [cambium::catalog] [CPU1] DEVD CATALOG: registered driver '/drivers/display_virtio_gpu' name='display_virtio_gpu' class=Display kind='dev.display.Gpu' start='thingos_driver_start_safe'
[92162140092] [[32mINFO [0m] [sprout::supervisor] [CPU0] SPROUT: Spawned bloom (PID=10)
[92211437505] [[32mINFO [0m] [bloom] [CPU1] bloom: ENTERING MAIN
[92212824957] [[32mINFO [0m] [bloom] [CPU1] bloom: compositor service starting
[92337192024] [[32mINFO [0m] [cambium::catalog] [CPU1] DEVD CATALOG: registered driver '/drivers/hdaudio' name='hdaudio' class=Audio kind='dev.sound.Hda' start='thingos_driver_start_safe'
[92566725240] [[32mINFO [0m] [cambium::catalog] [CPU1] DEVD CATALOG: registered driver '/drivers/hwrng' name='hwrng' class=Other kind='dev.rng.HwRng' start='_RNvCs7wlZbVUrQWf_5hwrng20thingos_driver_start'
[92665657458] [[32mINFO [0m] [bloom] [CPU1] bloom: connected to /dev/display/card0 on try 0
[92686184085] [[32mINFO [0m] [bloom] [CPU1] bloom: output0 1280x800 @ 60000mHz
[92687373735] [[32mINFO [0m] [bloom] [CPU1] bloom: display driver does not support VBLANK
[92688079242] [[32mINFO [0m] [bloom] [CPU1] bloom: display driver supports linear dmabuf import
[92688782901] [[32mINFO [0m] [bloom] [CPU1] bloom: display driver supports GPU blit (hardware transfer/flush)
[92689533717] [[32mINFO [0m] [bloom] [CPU1] bloom: display driver supports direct scanout (zero-copy path to display)
[92768249805] [[32mINFO [0m] [cambium::catalog] [CPU1] DEVD CATALOG: registered driver '/drivers/pci_stubd' name='pci_stubd' class=Other kind='drv.PciStubd' start='thingos_driver_start_safe'
[92928535854] [[32mINFO [0m] [cambium::catalog] [CPU1] DEVD CATALOG: registered driver '/drivers/ps2_kbd' name='ps2_kbd' class=Input kind='drv.Ps2Keyboard' start='thingos_driver_start_safe'
[93016163724] [[32mINFO [0m] [bloom] [CPU1] bloom: display driver supports partial flush (damage regions)
[93017344101] [[32mINFO [0m] [bloom] [CPU1] bloom: display driver supports resource cache (pre-allocated buffer pool)
[93018087756] [[32mINFO [0m] [bloom] [CPU1] bloom: creating service port...
[93326187900] [[32mINFO [0m] [bloom::render] [CPU1] bloom: pistil background renderer loaded from /lib/libpistil.so
[93327379596] [[32mINFO [0m] [bloom::render] [CPU1] bloom: pistil font text renderer loaded with default /share/fonts/Inter-Regular.ttf
[93328347585] [[32mINFO [0m] [bloom::render] [CPU1] bloom: pistil symbol renderer loaded with /share/fonts/NotoSansSymbol2-Regular.ttf
[93336355530] [[32mINFO [0m] [bloom] [CPU1] bloom: initial theme configured Facet Frame
[93648169824] [[32mINFO [0m] [cambium::catalog] [CPU1] DEVD CATALOG: registered driver '/drivers/ps2_mouse' name='ps2_mouse' class=Input kind='drv.Ps2Mouse' start='thingos_driver_start_safe'
[93825840273] [[32mINFO [0m] [bloom] [CPU1] bloom: initial wallpaper configured /share/wallpapers/flower.png
[93964126212] [[32mINFO [0m] [cambium::catalog] [CPU1] DEVD CATALOG: registered driver '/drivers/rtc_cmos' name='rtc_cmos' class=Other kind='dev.rtc.Cmos' start='thingos_driver_start_safe'
[94051566576] [[32mINFO [0m] [bloom::render] [CPU1] bloom: cursor ready buffer=2 size=48x48 hotspot=11,6
[94062691701] [[32mINFO [0m] [bloom] [CPU1] bloom: watching wallpaper config /session/desktop/wallpaper
[94065131820] [[32mINFO [0m] [bloom] [CPU1] bloom: watching theme config /session/desktop/theme
[94116962148] [[32mINFO [0m] [bloom] [CPU1] bloom: Wayland server thread spawned
[94119194334] [[32mINFO [0m] [bloom::loop_types] [CPU1] bloom: service loop started
[94120221789] [[32mINFO [0m] [bloom::loop_types] [CPU1] bloom: output0 1280x800 @ 60000mHz ready
[94120487538] [[32mINFO [0m] [bloom::wayland] [CPU2] wayland-server: starting
[94137487290] [[32mINFO [0m] [bloom::wayland] [CPU2] wayland-server: listening on /run/wayland-0
[94138543620] [[32mINFO [0m] [bloom::wayland] [CPU2] wayland-server: advertising globals wl_compositor wl_shm xdg_wm_base wl_seat wl_output wl_subcompositor wl_data_device_manager zwp_linux_dmabuf_v1
[94203308397] [[32mINFO [0m] [cambium::catalog] [CPU1] DEVD CATALOG: registered driver '/drivers/rtl8168d' name='rtl8168d' class=Net kind='dev.net.Nic' start='thingos_driver_start_safe'
[94212866814] [[32mINFO [0m] [sprout::supervisor] [CPU0] SPROUT: Spawned wayland_hello (PID=12)
[94237517583] [[32mINFO [0m] [sprout::supervisor] [CPU0] SPROUT: Spawned clock (PID=13)
[94238803956] [[32mINFO [0m] [wayland_hello] [CPU3] wayland_hello: connected to /run/wayland-0
[94303791153] [[32mINFO [0m] [clock] [CPU1] clock: running at low scheduler priority tid=13
[94307178966] [[32mINFO [0m] [clock] [CPU1] clock: connected to /run/wayland-0
[94573187676] [[32mINFO [0m] [wayland_hello] [CPU3] wayland_hello: pistil text renderer loaded with default /share/fonts/Inter-Regular.ttf
[94672671819] [[32mINFO [0m] [clock] [CPU1] clock: pistil DSEG7 text renderer loaded with /share/fonts/DSEG7Classic-Regular.ttf
[94673865000] [[32mINFO [0m] [clock] [CPU1] clock: pistil generic text renderer loaded with /share/fonts/Inter-Regular.ttf
[94701104850] [[32mINFO [0m] [wayland_hello] [CPU3] wayland_hello: using zwp_linux_dmabuf_v1 buffers
[94702762440] [[32mINFO [0m] [wayland_hello] [CPU3] wayland_hello: bound wp_presentation
[94707854571] [[32mINFO [0m] [wayland_hello] [CPU3] wayland_hello: wl_region smoke test: create+add+set_opaque+destroy
[94761362289] [[32mINFO [0m] [cambium::catalog] [CPU1] DEVD CATALOG: registered driver '/drivers/virtio_netd' name='virtio_netd' class=Net kind='dev.net.Nic' start='thingos_driver_start_safe'
[94799679876] [[32mINFO [0m] [display_virtio_gpu] [CPU3] display_virtio_gpu: first commit copied buffer=1 rect=1280x800 src_px=0xff0b0a10 dst_px=0xff0b0a10 damage=1280x800+0,0 res_id=1 gpu_planes=0 cpu_planes=2
[94801114551] [[32mINFO [0m] [display_virtio_gpu] [CPU3] display_virtio_gpu: cursor plane blended buffer=2 at 638,399 src_px=0x10202020 dst_before=0xff0b0a10 dst_after=0xff0c0b11
[94864494582] [[32mINFO [0m] [bloom::loop_types] [CPU1] First frame rendered
[94954115784] [[32mINFO [0m] [bloom::services::wayland_cmd] [CPU1] bloom: registered titlebar drag zone surface=1 height=28 frame=6
[94965132207] [[32mINFO [0m] [bloom::services::input_service] [CPU1] bloom: registered bristle pointer sink
[94977247464] [[32mINFO [0m] [bristle] [CPU2] bristle: bloom sink registered (handle=5 mask=0x03)
[94979345274] [[32mINFO [0m] [cambium::catalog] [CPU1] DEVD CATALOG: registered driver '/drivers/virtio_sound' name='virtio_sound' class=Audio kind='dev.sound.Virtio' start='thingos_driver_start_safe'
[94988803635] [[32mINFO [0m] [bloom::wayland::dispatch] [CPU2] wayland-server: xdg_toplevel obj=12 assigned to xdg_surface=11
[95088703083] [[32mINFO [0m] [bloom::wayland::dispatch] [CPU2] wayland-server: imported dmabuf wl_buffer=111 480x320 format=0x34325241
[95151956097] [[32mINFO [0m] [cambium::catalog] [CPU1] DEVD CATALOG: registered driver '/drivers/xhci' name='xhci' class=Block kind='dev.usb.Xhci' start='thingos_driver_start_safe'
[95153879040] [[32mINFO [0m] [cambium::catalog] [CPU1] DEVD CATALOG: 15 driver(s) found
ech[95234795931] [[32mINFO [0m] [ahci_disk] [CPU2] AHCI: Starting AHCI VFS driver
[95273619474] [[32mINFO [0m] [ahci_disk] [CPU2] AHCI: Claimed device /sys/devices/pci-0000:00:1f.2
[95282259600] [[32mINFO [0m] [clock] [CPU1] clock: waiting for system clock anchor
[95301627267] [[32mINFO [0m] [ahci_disk] [CPU2] AHCI: Mounted atapi2 at /dev/storage/atapi2
[95303195625] [[32mINFO [0m] [ahci_disk] [CPU2] AHCI: Provider loop online at /dev/storage/atapi2
[95385774693] [[32mINFO [0m] [ps2_mouse] [CPU2] ps2_mouse: bristle pid=8
[95423567184] [[32mINFO [0m] [rtc_cmos] [CPU3] RTC: claimed /sys/devices/isa-0070 (handle=2)
[95425391886] [[32mINFO [0m] [ps2_mouse] [CPU2] ps2_mouse: sample rate set to 60 Hz
[95427041457] [[32mINFO [0m] [ps2_kbd] [CPU1] ps2_kbd: bristle pid=8
[95449579434] [[32mINFO [0m] [rtc_cmos] [CPU3] RTC: 2026-05-01 20:35:40 = 1777667740 unix_secs
[95450982858] [[32mINFO [0m] [kernel::time] [CPU3] System clock anchored: unix_secs=1777667740, mono_ns=47725327831, offset=1777667692274672169ns
[95453491353] [[32mINFO [0m] [rtc_cmos] [CPU3] RTC: System clock anchored to 1777667740 unix_secs
o BDD_CO[95479565841] [[32mINFO [0m] [kernel::time] [CPU0] System clock tick: utc=2026-05-01 20:35:40.013565921 unix_secs=1777667740.013565921
NSOLE_REA[95827054158] [[32mINFO [0m] [bloom::services::wayland_cmd] [CPU1] bloom: registered titlebar drag zone surface=2 height=28 frame=6
[95832996633] [[32mINFO [0m] [bloom::wayland::dispatch] [CPU2] wayland-server: xdg_toplevel obj=12 assigned to xdg_surface=11
[95836327983] [[32mINFO [0m] [bloom::services::wallpaper] [CPU1] bloom: preparing background /share/wallpapers/flower.png
DY_3053884_1777667741378484136
BDD_CONSOLE_READY_3053884_1777667741378484136
[?25l[?25h[1;95mTHING[0m[1;96m-OS[0m [2;94m[[0m[1;92mOK[0m[2;94m][0m [1;93m/[0m [1;96m>[0m [?25hecho /share/wallpapers/flower.png > /sess[100951973001] [[32mINFO [0m] [bloom::services::wayland_cmd] [CPU1] bloom: registered titlebar drag zone surface=3 height=28 frame=6
i[100969518738] [[32mINFO [0m] [bloom::wayland::dispatch] [CPU2] wayland-server: xdg_popup obj=23 assigned to xdg_surface=21
[101010576513] [[32mINFO [0m] [bloom::wayland::dispatch] [CPU2] wayland-server: imported dmabuf wl_buffer=121 160x96 format=0x34325241
on/deskto[101508349305] [[32mINFO [0m] [kernel::time] [CPU0] System clock tick: utc=2026-05-01 20:35:43.028733450 unix_secs=1777667743.028733450
p/wall[101809360125] [[32mINFO [0m] [bloom::render] [CPU1] bloom: flat window overlays ready size=1280x800
paper
[?25l[?25h[1;95mTHING[0m[1;96m-OS[0m [2;94m[[0m[1;92mOK[0m[2;94m][0m [1;93m/[0m [1;96m>[0m [?25h[103879514706] [[32mINFO [0m] [wayland_hello] [CPU3] wayland_hello: frame callback done object=1000 data=51931
[103881424977] [[32mINFO [0m] [wayland_hello] [CPU3] wayland_hello: wp_presentation_feedback.presented object=1001 tv=51.936557145 refresh_ns=16666666 seq=0
[103907674200] [[32mINFO [0m] [bloom::services::wallpaper] [CPU1] bloom: reacting to wallpaper change: /share/wallpapers/flower.png
[104718596334] [[32mINFO [0m] [wayland_hello] [CPU3] wayland_hello: frame callback done object=1002 data=52345
[104720353617] [[32mINFO [0m] [wayland_hello] [CPU3] wayland_hello: wp_presentation_feedback.presented object=1003 tv=52.354510824 refresh_ns=16666666 seq=1
[104759216265] [[32mINFO [0m] [bloom::services::wallpaper] [CPU1] bloom: reacting to wallpaper change: /share/wallpapers/flower.png
[105673507533] [