=== Console Readiness ===
echo[37094725206] [INFO ] [bloom::render] [CPU1] bloom: pistil background renderer loaded from /lib/libpistil.so
[37096739922] [INFO ] [bloom::render] [CPU1] bloom: pistil font text renderer loaded with default /share/fonts/Inter-Regular.ttf
[37098317586] [INFO ] [bloom::render] [CPU1] bloom: pistil symbol renderer loaded with /share/fonts/NotoSansSymbol2-Regular.ttf
[37106043117] [INFO ] [bloom] [CPU1] bloom: initial theme configured Facet Frame
 BDD_C[37307880027] [INFO ] [cambium::catalog] [CPU1] DEVD CATALOG: registered driver '/drivers/pci_stubd' name='pci_stubd' class=Other kind='drv.PciStubd' start='thingos_driver_start_safe'
ONSO[37471971240] [INFO ] [cambium::catalog] [CPU1] DEVD CATALOG: registered driver '/drivers/ps2_kbd' name='ps2_kbd' class=Input kind='drv.Ps2Keyboard' start='thingos_driver_start_safe'
LE_R[37626822915] [INFO ] [cambium::catalog] [CPU1] DEVD CATALOG: registered driver '/drivers/ps2_mouse' name='ps2_mouse' class=Input kind='drv.Ps2Mouse' start='thingos_driver_start_safe'
EADY_30[37835376678] [INFO ] [cambium::catalog] [CPU1] DEVD CATALOG: registered driver '/drivers/rtc_cmos' name='rtc_cmos' class=Other kind='dev.rtc.Cmos' start='thingos_driver_start_safe'
53[37934606292] [INFO ] [bloom] [CPU1] bloom: initial wallpaper configured /share/wallpapers/flower.png
884_17[38151519747] [INFO ] [cambium::catalog] [CPU1] DEVD CATALOG: registered driver '/drivers/rtl8168d' name='rtl8168d' class=Net kind='dev.net.Nic' start='thingos_driver_start_safe'
77[38249181828] [INFO ] [bloom::render] [CPU1] bloom: cursor ready buffer=2 size=48x48 hotspot=11,6
6[38259801261] [INFO ] [bloom] [CPU1] bloom: watching wallpaper config /session/desktop/wallpaper
[38263680015] [INFO ] [bloom] [CPU1] bloom: watching theme config /session/desktop/theme
6[38311031715] [INFO ] [bloom] [CPU1] bloom: Wayland server thread spawned
[38313331452] [INFO ] [bloom::loop_types] [CPU1] bloom: service loop started
[38314141041] [INFO ] [bloom::loop_types] [CPU1] bloom: output0 1280x800 @ 60000mHz ready
7[38319714642] [INFO ] [bloom::wayland] [CPU2] wayland-server: starting
[38338003341] [INFO ] [bloom::wayland] [CPU2] wayland-server: listening on /run/wayland-0
[38339112339] [INFO ] [bloom::wayland] [CPU2] wayland-server: advertising globals wl_compositor wl_shm xdg_wm_base wl_seat wl_output wl_subcompositor wl_data_device_manager zwp_linux_dmabuf_v1
57[38407217409] [INFO ] [cambium::catalog] [CPU1] DEVD CATALOG: registered driver '/drivers/virtio_netd' name='virtio_netd' class=Net kind='dev.net.Nic' start='thingos_driver_start_safe'
[38562647145] [INFO ] [sprout::supervisor] [CPU0] SPROUT: Spawned wayland_hello (PID=12)
[38578158564] [INFO ] [cambium::catalog] [CPU1] DEVD CATALOG: registered driver '/drivers/virtio_sound' name='virtio_sound' class=Audio kind='dev.sound.Virtio' start='thingos_driver_start_safe'
[38582867037] [INFO ] [wayland_hello] [CPU3] wayland_hello: connected to /run/wayland-0
[38586715431] [INFO ] [sprout::supervisor] [CPU0] SPROUT: Spawned clock (PID=13)
[38680275447] [INFO ] [clock] [CPU1] clock: running at low scheduler priority tid=13
[38683725531] [INFO ] [clock] [CPU1] clock: connected to /run/wayland-0
[38901511440] [INFO ] [wayland_hello] [CPU3] wayland_hello: pistil text renderer loaded with default /share/fonts/Inter-Regular.ttf
5670799793
[38983727211] [INFO ] [clock] [CPU1] clock: pistil DSEG7 text renderer loaded with /share/fonts/DSEG7Classic-Regular.ttf
BDD_CONSOLE_READY_3053884_1777667575670799793
[39002058084] [INFO ] [display_virtio_gpu] [CPU3] display_virtio_gpu: first commit copied buffer=1 rect=1280x800 src_px=0xff0b0a10 dst_px=0xff0b0a10 damage=1280x800+0,0 res_id=1 gpu_planes=0 cpu_planes=2
[39003557274] [INFO ] [display_virtio_gpu] [CPU3] display_virtio_gpu: cursor plane blended buffer=2 at 638,399 src_px=0x10202020 dst_before=0xff0b0a10 dst_after=0xff0c0b11
[39059621997] [INFO ] [wayland_hello] [CPU3] wayland_hello: using zwp_linux_dmabuf_v1 buffers
[39061425216] [INFO ] [wayland_hello] [CPU3] wayland_hello: bound wp_presentation
[39069694554] [INFO ] [bloom::loop_types] [CPU1] First frame rendered
[39071474706] [INFO ] [wayland_hello] [CPU3] wayland_hello: wl_region smoke test: create+add+set_opaque+destroy
[39074969241] [INFO ] [clock] [CPU1] clock: pistil generic text renderer loaded with /share/fonts/Inter-Regular.ttf
[39081116019] [INFO ] [cambium::catalog] [CPU1] DEVD CATALOG: registered driver '/drivers/xhci' name='xhci' class=Block kind='dev.usb.Xhci' start='thingos_driver_start_safe'
[39082760376] [INFO ] [cambium::catalog] [CPU1] DEVD CATALOG: 15 driver(s) found
THING-OS [OK] / > 
=== End Console Readiness ===

=== Serial Log (since step start) ===
32mINFO [0m] [cambium::catalog] [CPU1] DEVD CATALOG: registered driver '/drivers/display_bootfb' name='display_bootfb' class=Display kind='dev.display.Gpu' start='thingos_driver_start_safe'
[36141600660] [[32mINFO [0m] [cambium::catalog] [CPU1] DEVD CATALOG: registered driver '/drivers/display_virtio_gpu' name='display_virtio_gpu' class=Display kind='dev.display.Gpu' start='thingos_driver_start_safe'
[36248173038] [[32mINFO [0m] [sprout::supervisor] [CPU0] SPROUT: Spawned bloom (PID=10)
[36328342017] [[32mINFO [0m] [bloom] [CPU1] bloom: ENTERING MAIN
[36329509689] [[32mINFO [0m] [bloom] [CPU1] bloom: compositor service starting
[36346593789] [[32mINFO [0m] [cambium::catalog] [CPU1] DEVD CATALOG: registered driver '/drivers/hdaudio' name='hdaudio' class=Audio kind='dev.sound.Hda' start='thingos_driver_start_safe'
[36505776417] [[32mINFO [0m] [cambium::catalog] [CPU1] DEVD CATALOG: registered driver '/drivers/hwrng' name='hwrng' class=Other kind='dev.rng.HwRng' start='_RNvCs7wlZbVUrQWf_5hwrng20thingos_driver_start'
[36737589339] [[32mINFO [0m] [bloom] [CPU1] bloom: connected to /dev/display/card0 on try 0
[36758656143] [[32mINFO [0m] [bloom] [CPU1] bloom: output0 1280x800 @ 60000mHz
[36759660333] [[32mINFO [0m] [bloom] [CPU1] bloom: display driver does not support VBLANK
[36760273935] [[32mINFO [0m] [bloom] [CPU1] bloom: display driver supports linear dmabuf import
[36760974822] [[32mINFO [0m] [bloom] [CPU1] bloom: display driver supports GPU blit (hardware transfer/flush)
[36761696697] [[32mINFO [0m] [bloom] [CPU1] bloom: display driver supports direct scanout (zero-copy path to display)
[36762360195] [[32mINFO [0m] [bloom] [CPU1] bloom: display driver supports partial flush (damage regions)
[36763101837] [[32mINFO [0m] [bloom] [CPU1] bloom: display driver supports resource cache (pre-allocated buffer pool)
[36763952907] [[32mINFO [0m] [bloom] [CPU1] bloom: creating service port...
echo[37094725206] [[32mINFO [0m] [bloom::render] [CPU1] bloom: pistil background renderer loaded from /lib/libpistil.so
[37096739922] [[32mINFO [0m] [bloom::render] [CPU1] bloom: pistil font text renderer loaded with default /share/fonts/Inter-Regular.ttf
[37098317586] [[32mINFO [0m] [bloom::render] [CPU1] bloom: pistil symbol renderer loaded with /share/fonts/NotoSansSymbol2-Regular.ttf
[37106043117] [[32mINFO [0m] [bloom] [CPU1] bloom: initial theme configured Facet Frame
 BDD_C[37307880027] [[32mINFO [0m] [cambium::catalog] [CPU1] DEVD CATALOG: registered driver '/drivers/pci_stubd' name='pci_stubd' class=Other kind='drv.PciStubd' start='thingos_driver_start_safe'
ONSO[37471971240] [[32mINFO [0m] [cambium::catalog] [CPU1] DEVD CATALOG: registered driver '/drivers/ps2_kbd' name='ps2_kbd' class=Input kind='drv.Ps2Keyboard' start='thingos_driver_start_safe'
LE_R[37626822915] [[32mINFO [0m] [cambium::catalog] [CPU1] DEVD CATALOG: registered driver '/drivers/ps2_mouse' name='ps2_mouse' class=Input kind='drv.Ps2Mouse' start='thingos_driver_start_safe'
EADY_30[37835376678] [[32mINFO [0m] [cambium::catalog] [CPU1] DEVD CATALOG: registered driver '/drivers/rtc_cmos' name='rtc_cmos' class=Other kind='dev.rtc.Cmos' start='thingos_driver_start_safe'
53[37934606292] [[32mINFO [0m] [bloom] [CPU1] bloom: initial wallpaper configured /share/wallpapers/flower.png
884_17[38151519747] [[32mINFO [0m] [cambium::catalog] [CPU1] DEVD CATALOG: registered driver '/drivers/rtl8168d' name='rtl8168d' class=Net kind='dev.net.Nic' start='thingos_driver_start_safe'
77[38249181828] [[32mINFO [0m] [bloom::render] [CPU1] bloom: cursor ready buffer=2 size=48x48 hotspot=11,6
6[38259801261] [[32mINFO [0m] [bloom] [CPU1] bloom: watching wallpaper config /session/desktop/wallpaper
[38263680015] [[32mINFO [0m] [bloom] [CPU1] bloom: watching theme config /session/desktop/theme
6[38311031715] [[32mINFO [0m] [bloom] [CPU1] bloom: Wayland server thread spawned
[38313331452] [[32mINFO [0m] [bloom::loop_types] [CPU1] bloom: service loop started
[38314141041] [[32mINFO [0m] [bloom::loop_types] [CPU1] bloom: output0 1280x800 @ 60000mHz ready
7[38319714642] [[32mINFO [0m] [bloom::wayland] [CPU2] wayland-server: starting
[38338003341] [[32mINFO [0m] [bloom::wayland] [CPU2] wayland-server: listening on /run/wayland-0
[38339112339] [[32mINFO [0m] [bloom::wayland] [CPU2] wayland-server: advertising globals wl_compositor wl_shm xdg_wm_base wl_seat wl_output wl_subcompositor wl_data_device_manager zwp_linux_dmabuf_v1
57[38407217409] [[32mINFO [0m] [cambium::catalog] [CPU1] DEVD CATALOG: registered driver '/drivers/virtio_netd' name='virtio_netd' class=Net kind='dev.net.Nic' start='thingos_driver_start_safe'
[38562647145] [[32mINFO [0m] [sprout::supervisor] [CPU0] SPROUT: Spawned wayland_hello (PID=12)
[38578158564] [[32mINFO [0m] [cambium::catalog] [CPU1] DEVD CATALOG: registered driver '/drivers/virtio_sound' name='virtio_sound' class=Audio kind='dev.sound.Virtio' start='thingos_driver_start_safe'
[38582867037] [[32mINFO [0m] [wayland_hello] [CPU3] wayland_hello: connected to /run/wayland-0
[38586715431] [[32mINFO [0m] [sprout::supervisor] [CPU0] SPROUT: Spawned clock (PID=13)
[38680275447] [[32mINFO [0m] [clock] [CPU1] clock: running at low scheduler priority tid=13
[38683725531] [[32mINFO [0m] [clock] [CPU1] clock: connected to /run/wayland-0
[38901511440] [[32mINFO [0m] [wayland_hello] [CPU3] wayland_hello: pistil text renderer loaded with default /share/fonts/Inter-Regular.ttf
5670799793
[?25l[38983727211] [[32mINFO [0m] [clock] [CPU1] clock: pistil DSEG7 text renderer loaded with /share/fonts/DSEG7Classic-Regular.ttf
BDD_CONSOLE_READY_3053884_1777667575670799793
[39002058084] [[32mINFO [0m] [display_virtio_gpu] [CPU3] display_virtio_gpu: first commit copied buffer=1 rect=1280x800 src_px=0xff0b0a10 dst_px=0xff0b0a10 damage=1280x800+0,0 res_id=1 gpu_planes=0 cpu_planes=2
[39003557274] [[32mINFO [0m] [display_virtio_gpu] [CPU3] display_virtio_gpu: cursor plane blended buffer=2 at 638,399 src_px=0x10202020 dst_before=0xff0b0a10 dst_after=0xff0c0b11
[39059621997] [[32mINFO [0m] [wayland_hello] [CPU3] wayland_hello: using zwp_linux_dmabuf_v1 buffers
[39061425216] [[32mINFO [0m] [wayland_hello] [CPU3] wayland_hello: bound wp_presentation
[39069694554] [[32mINFO [0m] [bloom::loop_types] [CPU1] First frame rendered
[39071474706] [[32mINFO [0m] [wayland_hello] [CPU3] wayland_hello: wl_region smoke test: create+add+set_opaque+destroy
[39074969241] [[32mINFO [0m] [clock] [CPU1] clock: pistil generic text renderer loaded with /share/fonts/Inter-Regular.ttf
[39081116019] [[32mINFO [0m] [cambium::catalog] [CPU1] DEVD CATALOG: registered driver '/drivers/xhci' name='xhci' class=Block kind='dev.usb.Xhci' start='thingos_driver_start_safe'
[39082760376] [[32mINFO [0m] [cambium::catalog] [CPU1] DEVD CATALOG: 15 driver(s) found
[?25h[1;95mTHING[0m[1;96m-OS[0m [2;94m[[0m[1;92mOK[0m[2;94m][0m [1;93m/[0m [1;96m>[0m [?25h[39194457819] [[32mINFO [0m] [ahci_disk] [CPU3] AHCI: Starting AHCI VFS driver
[39223250814] [[32mINFO [0m] [ahci_disk] [CPU3] AHCI: Claimed device /sys/devices/pci-0000:00:1f.2
[39245113479] [[32mINFO [0m] [ahci_disk] [CPU3] AHCI: Mounted atapi2 at /dev/storage/atapi2
[39246652269] [[32mINFO [0m] [ahci_disk] [CPU3] AHCI: Provider loop online at /dev/storage/atapi2
[39263171178] [[32mINFO [0m] [rtc_cmos] [CPU1] RTC: claimed /sys/devices/isa-0070 (handle=2)
[39292219890] [[32mINFO [0m] [rtc_cmos] [CPU1] RTC: 2026-05-01 20:32:55 = 1777667575 unix_secs
[39293761254] [[32mINFO [0m] [kernel::time] [CPU1] System clock anchored: unix_secs=1777667575, mono_ns=19646637862, offset=1777667555353362138ns
[39295181574] [[32mINFO [0m] [rtc_cmos] [CPU1] RTC: System clock anchored to 1777667575 unix_secs
[39300124347] [[32mINFO [0m] [bloom::services::wayland_cmd] [CPU1] bloom: registered titlebar drag zone surface=1 height=28 frame=6
[39312707940] [[32mINFO [0m] [bloom::services::input_service] [CPU1] bloom: registered bristle pointer sink
[39326527812] [[32mINFO [0m] [kernel::time] [CPU0] System clock tick: utc=2026-05-01 20:32:55.015777515 unix_secs=1777667575.015777515
[39329057097] [[32mINFO [0m] [bristle] [CPU2] bristle: bloom sink registered (handle=5 mask=0x03)
[39373682172] [[32mINFO [0m] [bloom::wayland::dispatch] [CPU2] wayland-server: xdg_toplevel obj=12 assigned to xdg_surface=11
[39408011346] [[32mINFO [0m] [ps2_kbd] [CPU2] ps2_kbd: bristle pid=8
[39456738354] [
=== End Serial Log ===
