[40498130607] [[32mINFO [0m] [bloom::services::wayland_cmd] [CPU1] bloom: registered titlebar drag zone surface=2 height=28 frame=6
[40506067899] [[32mINFO [0m] [bloom::wayland::dispatch] [CPU2] wayland-server: xdg_toplevel obj=12 assigned to xdg_surface=11
[40507502475] [[32mINFO [0m] [bloom::services::wallpaper] [CPU1] bloom: preparing background /share/wallpapers/flower.png
[40538891151] [[32mINFO [0m] [ps2_kbd] [CPU2] ps2_kbd: read scancode 0x47
[40542280383] [[32mINFO [0m] [ps2_kbd] [CPU2] ps2_kbd: edge detected: Down { key: Unknown, mods: Mods(0), repeat: false }
[40549870515] [[32mINFO [0m] [bristle] [CPU2] bristle: KeyDown received: Unknown
[40554635946] [[32mINFO [0m] [ps2_kbd] [CPU2] ps2_kbd: sent Unknown to bristle (pid=8)
[40636426182] [[32mINFO [0m] [ps2_mouse] [CPU3] ps2_mouse: sample rate set to 60 Hz
est_dlopen
[?25l[41363227950] [[32mINFO [0m] [user.print] [CPU1] --- test_dlopen starting ---
[41364583755] [[32mINFO [0m] [user.print] [CPU1] [test_dlopen] test_dlopen_nonexistent: starting
[41369565105] [[32mINFO [0m] [user.print] [CPU1]   dlerror: dlopen: cannot read library file
[41370493131] [[32mINFO [0m] [user.print] [CPU1] [test_dlopen] test_dlopen_nonexistent: PASS
[41371281204] [[32mINFO [0m] [user.print] [CPU1] [test_dlopen] test_dlopen_null_path: starting
[41372077758] [[32mINFO [0m] [user.print] [CPU1] [test_dlopen] test_dlopen_null_path: PASS
[41372926056] [[32mINFO [0m] [user.print] [CPU1] [test_dlopen] test_dlerror_cleared_after_read: starting
[41375250840] [[32mINFO [0m] [user.print] [CPU1] [test_dlopen] test_dlerror_cleared_after_read: PASS
[41376135273] [[32mINFO [0m] [user.print] [CPU1] [test_dlopen] test_dlsym_unknown_symbol: starting
[41377294167] [[32mINFO [0m] [user.print] [CPU1]   dlerror: dlsym: symbol not found
[41378132499] [[32mINFO [0m] [user.print] [CPU1] [test_dlopen] test_dlsym_unknown_symbol: PASS
[41378981061] [[32mINFO [0m] [user.print] [CPU1] [test_dlopen] test_dlsym_invalid_handle: starting
[41379814179] [[32mINFO [0m] [user.print] [CPU1]   dlerror: dlsym: invalid handle
[41380652676] [[32mINFO [0m] [user.print] [CPU1] [test_dlopen] test_dlsym_invalid_handle: PASS
[41381430486] [[32mINFO [0m] [user.print] [CPU1] [test_dlopen] test_dlclose_rtld_default: starting
[41383544070] [[32mINFO [0m] [user.print] [CPU1]   dlerror: dlclose: cannot close RTLD_DEFAULT
[41384327820] [[32mINFO [0m] [user.print] [CPU1] [test_dlopen] test_dlclose_rtld_default: PASS
[41385161136] [[32mINFO [0m] [user.print] [CPU1] [test_dlopen] test_dlclose_invalid_handle: starting
[41386144173] [[32mINFO [0m] [user.print] [CPU1]   dlerror: dlclose: invalid handle
[41388822024] [[32mINFO [0m] [user.print] [CPU1] [test_dlopen] test_dlclose_invalid_handle: PASS
[41389765560] [[32mINFO [0m] [user.print] [CPU1] [test_dlopen] test_dlclose_double_close: starting
[41390422095] [[32mINFO [0m] [user.print] [CPU1]   dlerror: dlclose: cannot close RTLD_DEFAULT
[41391020055] [[32mINFO [0m] [user.print] [CPU1] [test_dlopen] test_dlclose_double_close: PASS
[41391653853] [[32mINFO [0m] [user.print] [CPU1] [test_dlopen] test_dlopen_pistil_shared_library: starting
[42173094018] [[32mINFO [0m] [user.print] [CPU1] [test_dlopen] pistil_draw_vector_smoke: PASS
[45348960987] [[32mINFO [0m] [kernel::time] [CPU0] System clock tick: utc=2026-05-01 20:32:58.027727478 unix_secs=1777667578.027727478
[45992786202] [[32mINFO [0m] [bloom::input] [CPU1] bloom: KeyDown received: Unknown (raw=0xffff, mods=Mods(0), repeat=false)
[46108696491] [[32mINFO [0m] [bloom::services::wayland_cmd] [CPU1] bloom: registered titlebar drag zone surface=3 height=28 frame=6
[46151862174] [[32mINFO [0m] [bloom::wayland::dispatch] [CPU2] wayland-server: xdg_popup obj=23 assigned to xdg_surface=21
[46199726232] [[32mINFO [0m] [bloom::wayland::dispatch] [CPU2] wayland-server: imported dmabuf wl_buffer=121 160x96 format=0x34325241
[47154687789] [[32mINFO [0m] [bloom::render] [CPU1] bloom: flat window overlays ready size=1280x800
[50578041954] [