=== Console Readiness ===
ock: connected to /run/wayland-0
echo B[39363316410] [INFO ] [wayland_hello] [CPU3] wayland_hello: pistil text renderer loaded with default /share/fonts/Inter-Regular.ttf
D[39387628533] [INFO ] [wayland_hello] [CPU3] wayland_hello: using zwp_linux_dmabuf_v1 buffers
[39389337636] [INFO ] [wayland_hello] [CPU3] wayland_hello: bound wp_presentation
[39394473657] [INFO ] [wayland_hello] [CPU3] wayland_hello: wl_region smoke test: create+add+set_opaque+destroy
D_[39441461598] [INFO ] [clock] [CPU1] clock: pistil DSEG7 text renderer loaded with /share/fonts/DSEG7Classic-Regular.ttf
[39442701837] [INFO ] [clock] [CPU1] clock: pistil generic text renderer loaded with /share/fonts/Inter-Regular.ttf
[39453482277] [INFO ] [bloom::services::input_service] [CPU1] bloom: registered bristle pointer sink
[39459653772] [INFO ] [bristle] [CPU2] bristle: bloom sink registered (handle=5 mask=0x03)
[39459704460] [INFO ] [cambium::catalog] [CPU1] DEVD CATALOG: registered driver '/drivers/virtio_sound' name='virtio_sound' class=Audio kind='dev.sound.Virtio' start='thingos_driver_start_safe'
CON[39559299714] [INFO ] [bloom::services::wayland_cmd] [CPU1] bloom: registered titlebar drag zone surface=1 height=28 frame=6
[39574978773] [INFO ] [bloom::wayland::dispatch] [CPU2] wayland-server: xdg_toplevel obj=12 assigned to xdg_surface=11
SO[39658547742] [INFO ] [cambium::catalog] [CPU1] DEVD CATALOG: registered driver '/drivers/xhci' name='xhci' class=Block kind='dev.usb.Xhci' start='thingos_driver_start_safe'
[39660411615] [INFO ] [cambium::catalog] [CPU1] DEVD CATALOG: 15 driver(s) found
LE[39718833132] [INFO ] [ahci_disk] [CPU2] AHCI: Starting AHCI VFS driver
[39748216893] [INFO ] [ahci_disk] [CPU2] AHCI: Claimed device /sys/devices/pci-0000:00:1f.2
[39765546678] [INFO ] [ahci_disk] [CPU2] AHCI: Mounted atapi2 at /dev/storage/atapi2
[39766685442] [INFO ] [ahci_disk] [CPU2] AHCI: Provider loop online at /dev/storage/atapi2
[39797303898] [INFO ] [ps2_kbd] [CPU1] ps2_kbd: bristle pid=8
[39860004855] [INFO ] [ps2_mouse] [CPU2] ps2_mouse: bristle pid=8
[39904622340] [INFO ] [ps2_mouse] [CPU2] ps2_mouse: sample rate set to 60 Hz
[39923645652] [INFO ] [rtc_cmos] [CPU3] RTC: claimed /sys/devices/isa-0070 (handle=2)
[39943414467] [INFO ] [rtc_cmos] [CPU3] RTC: 2026-05-01 20:46:56 = 1777668416 unix_secs
[39944657082] [INFO ] [kernel::time] [CPU3] System clock anchored: unix_secs=1777668416, mono_ns=19972176807, offset=1777668396027823193ns
[39946955466] [INFO ] [rtc_cmos] [CPU3] RTC: System clock anchored to 1777668416 unix_secs
[39961691319] [INFO ] [kernel::time] [CPU0] System clock tick: utc=2026-05-01 20:46:56.006503541 unix_secs=1777668416.006503541
_READY_3053884[40259976636] [INFO ] [bloom::services::wallpaper] [CPU1] bloom: preparing background /share/wallpapers/flower.png
_1777668417338851052
BDD_CONSOLE_READY_3053884_1777668417338851052
THING-OS [OK] / > 
=== End Console Readiness ===

=== Serial Log (since step start) ===
 [[32mINFO [0m] [cambium::catalog] [CPU1] DEVD CATALOG: registered driver '/drivers/rtc_cmos' name='rtc_cmos' class=Other kind='dev.rtc.Cmos' start='thingos_driver_start_safe'
[38786171853] [[32mINFO [0m] [cambium::catalog] [CPU1] DEVD CATALOG: registered driver '/drivers/rtl8168d' name='rtl8168d' class=Net kind='dev.net.Nic' start='thingos_driver_start_safe'
[38961047070] [[32mINFO [0m] [cambium::catalog] [CPU1] DEVD CATALOG: registered driver '/drivers/virtio_netd' name='virtio_netd' class=Net kind='dev.net.Nic' start='thingos_driver_start_safe'
[39027032979] [[32mINFO [0m] [sprout::supervisor] [CPU0] SPROUT: Spawned wayland_hello (PID=12)
[39038591493] [[32mINFO [0m] [wayland_hello] [CPU3] wayland_hello: connected to /run/wayland-0
[39053110470] [[32mINFO [0m] [sprout::supervisor] [CPU0] SPROUT: Spawned clock (PID=13)
[39129509859] [[32mINFO [0m] [clock] [CPU1] clock: running at low scheduler priority tid=13
[39133038813] [[32mINFO [0m] [clock] [CPU1] clock: connected to /run/wayland-0
echo B[39363316410] [[32mINFO [0m] [wayland_hello] [CPU3] wayland_hello: pistil text renderer loaded with default /share/fonts/Inter-Regular.ttf
D[39387628533] [[32mINFO [0m] [wayland_hello] [CPU3] wayland_hello: using zwp_linux_dmabuf_v1 buffers
[39389337636] [[32mINFO [0m] [wayland_hello] [CPU3] wayland_hello: bound wp_presentation
[39394473657] [[32mINFO [0m] [wayland_hello] [CPU3] wayland_hello: wl_region smoke test: create+add+set_opaque+destroy
D_[39441461598] [[32mINFO [0m] [clock] [CPU1] clock: pistil DSEG7 text renderer loaded with /share/fonts/DSEG7Classic-Regular.ttf
[39442701837] [[32mINFO [0m] [clock] [CPU1] clock: pistil generic text renderer loaded with /share/fonts/Inter-Regular.ttf
[39453482277] [[32mINFO [0m] [bloom::services::input_service] [CPU1] bloom: registered bristle pointer sink
[39459653772] [[32mINFO [0m] [bristle] [CPU2] bristle: bloom sink registered (handle=5 mask=0x03)
[39459704460] [[32mINFO [0m] [cambium::catalog] [CPU1] DEVD CATALOG: registered driver '/drivers/virtio_sound' name='virtio_sound' class=Audio kind='dev.sound.Virtio' start='thingos_driver_start_safe'
CON[39559299714] [[32mINFO [0m] [bloom::services::wayland_cmd] [CPU1] bloom: registered titlebar drag zone surface=1 height=28 frame=6
[39574978773] [[32mINFO [0m] [bloom::wayland::dispatch] [CPU2] wayland-server: xdg_toplevel obj=12 assigned to xdg_surface=11
SO[39658547742] [[32mINFO [0m] [cambium::catalog] [CPU1] DEVD CATALOG: registered driver '/drivers/xhci' name='xhci' class=Block kind='dev.usb.Xhci' start='thingos_driver_start_safe'
[39660411615] [[32mINFO [0m] [cambium::catalog] [CPU1] DEVD CATALOG: 15 driver(s) found
LE[39718833132] [[32mINFO [0m] [ahci_disk] [CPU2] AHCI: Starting AHCI VFS driver
[39748216893] [[32mINFO [0m] [ahci_disk] [CPU2] AHCI: Claimed device /sys/devices/pci-0000:00:1f.2
[39765546678] [[32mINFO [0m] [ahci_disk] [CPU2] AHCI: Mounted atapi2 at /dev/storage/atapi2
[39766685442] [[32mINFO [0m] [ahci_disk] [CPU2] AHCI: Provider loop online at /dev/storage/atapi2
[39797303898] [[32mINFO [0m] [ps2_kbd] [CPU1] ps2_kbd: bristle pid=8
[39860004855] [[32mINFO [0m] [ps2_mouse] [CPU2] ps2_mouse: bristle pid=8
[39904622340] [[32mINFO [0m] [ps2_mouse] [CPU2] ps2_mouse: sample rate set to 60 Hz
[39923645652] [[32mINFO [0m] [rtc_cmos] [CPU3] RTC: claimed /sys/devices/isa-0070 (handle=2)
[39943414467] [[32mINFO [0m] [rtc_cmos] [CPU3] RTC: 2026-05-01 20:46:56 = 1777668416 unix_secs
[39944657082] [[32mINFO [0m] [kernel::time] [CPU3] System clock anchored: unix_secs=1777668416, mono_ns=19972176807, offset=1777668396027823193ns
[39946955466] [[32mINFO [0m] [rtc_cmos] [CPU3] RTC: System clock anchored to 1777668416 unix_secs
[39961691319] [[32mINFO [0m] [kernel::time] [CPU0] System clock tick: utc=2026-05-01 20:46:56.006503541 unix_secs=1777668416.006503541
_READY_3053884[40259976636] [[32mINFO [0m] [bloom::services::wallpaper] [CPU1] bloom: preparing background /share/wallpapers/flower.png
_1777668417338851052
BDD_CONSOLE_READY_3053884_1777668417338851052
[?25l[?25h[1;95mTHING[0m[1;96m-OS[0m [2;94m[[0m[1;92mOK[0m[2;94m][0m [1;93m/[0m [1;96m>[0m [?25h[41878966074] [[
=== End Serial Log ===
