2mINFO [0m] [cambium::catalog] [CPU1] DEVD CATALOG: registered driver '/drivers/display_bootfb' name='display_bootfb' class=Display kind='dev.display.Gpu' start='thingos_driver_start_safe'
[36100068642] [[32mINFO [0m] [cambium::catalog] [CPU1] DEVD CATALOG: registered driver '/drivers/display_virtio_gpu' name='display_virtio_gpu' class=Display kind='dev.display.Gpu' start='thingos_driver_start_safe'
[36131625453] [[32mINFO [0m] [sprout::supervisor] [CPU0] SPROUT: Spawned bloom (PID=10)
[36199822890] [[32mINFO [0m] [bloom] [CPU1] bloom: ENTERING MAIN
[36200949213] [[32mINFO [0m] [bloom] [CPU1] bloom: compositor service starting
[36343520400] [[32mINFO [0m] [cambium::catalog] [CPU1] DEVD CATALOG: registered driver '/drivers/hdaudio' name='hdaudio' class=Audio kind='dev.sound.Hda' start='thingos_driver_start_safe'
[36431988120] [[32mINFO [0m] [bloom] [CPU1] bloom: connected to /dev/display/card0 on try 0
[36454569426] [[32mINFO [0m] [bloom] [CPU1] bloom: output0 1280x800 @ 60000mHz
[36455575266] [[32mINFO [0m] [bloom] [CPU1] bloom: display driver does not support VBLANK
[36456237510] [[32mINFO [0m] [bloom] [CPU1] bloom: display driver supports linear dmabuf import
[36458572161] [[32mINFO [0m] [bloom] [CPU1] bloom: display driver supports GPU blit (hardware transfer/flush)
[36459502233] [[32mINFO [0m] [bloom] [CPU1] bloom: display driver supports direct scanout (zero-copy path to display)
[36460172628] [[32mINFO [0m] [bloom] [CPU1] bloom: display driver supports partial flush (damage regions)
[36460853979] [[32mINFO [0m] [bloom] [CPU1] bloom: display driver supports resource cache (pre-allocated buffer pool)
[36461544471] [[32mINFO [0m] [bloom] [CPU1] bloom: creating service port...
[36778794525] [[32mINFO [0m] [cambium::catalog] [CPU1] DEVD CATALOG: registered driver '/drivers/hwrng' name='hwrng' class=Other kind='dev.rng.HwRng' start='_RNvCs7wlZbVUrQWf_5hwrng20thingos_driver_start'
[36926094315] [[32mINFO [0m] [cambium::catalog] [CPU1] DEVD CATALOG: registered driver '/drivers/pci_stubd' name='pci_stubd' class=Other kind='drv.PciStubd' start='thingos_driver_start_safe'
[37074926988] [[32mINFO [0m] [cambium::catalog] [CPU1] DEVD CATALOG: registered driver '/drivers/ps2_kbd' name='ps2_kbd' class=Input kind='drv.Ps2Keyboard' start='thingos_driver_start_safe'
[37223332674] [[32mINFO [0m] [cambium::catalog] [CPU1] DEVD CATALOG: registered driver '/drivers/ps2_mouse' name='ps2_mouse' class=Input kind='drv.Ps2Mouse' start='thingos_driver_start_safe'
[37419288753] [[32mINFO [0m] [bloom::render] [CPU1] bloom: pistil background renderer loaded from /lib/libpistil.so
[37420379370] [[32mINFO [0m] [bloom::render] [CPU1] bloom: pistil font text renderer loaded with default /share/fonts/Inter-Regular.ttf
[37421087451] [[32mINFO [0m] [bloom::render] [CPU1] bloom: pistil symbol renderer loaded with /share/fonts/NotoSansSymbol2-Regular.ttf
[37428514992] [[32mINFO [0m] [bloom] [CPU1] bloom: initial theme configured Facet Frame
[37652846022] [[32mINFO [0m] [cambium::catalog] [CPU1] DEVD CATALOG: registered driver '/drivers/rtc_cmos' name='rtc_cmos' class=Other kind='dev.rtc.Cmos' start='thingos_driver_start_safe'
[37801303419] [[32mINFO [0m] [cambium::catalog] [CPU1] DEVD CATALOG: registered driver '/drivers/rtl8168d' name='rtl8168d' class=Net kind='dev.net.Nic' start='thingos_driver_start_safe'
[37960917885] [[32mINFO [0m] [cambium::catalog] [CPU1] DEVD CATALOG: registered driver '/drivers/virtio_netd' name='virtio_netd' class=Net kind='dev.net.Nic' start='thingos_driver_start_safe'
[38115357786] [[32mINFO [0m] [cambium::catalog] [CPU1] DEVD CATALOG: registered driver '/drivers/virtio_sound' name='virtio_sound' class=Audio kind='dev.sound.Virtio' start='thingos_driver_start_safe'
[38270107788] [[32mINFO [0m] [cambium::catalog] [CPU1] DEVD CATALOG: registered driver '/drivers/xhci' name='xhci' class=Block kind='dev.usb.Xhci' start='thingos_driver_start_safe'
[38271818970] [[32mINFO [0m] [cambium::catalog] [CPU1] DEVD CATALOG: 15 driver(s) found
[38336571240] [[32mINFO [0m] [ahci_disk] [CPU2] AHCI: Starting AHCI VFS driver
[38369275296] [[32mINFO [0m] [ahci_disk] [CPU2] AHCI: Claimed device /sys/devices/pci-0000:00:1f.2
[38386255281] [[32mINFO [0m] [ahci_disk] [CPU2] AHCI: Mounted atapi2 at /dev/storage/atapi2
[38387324844] [[32mINFO [0m] [ahci_disk] [CPU2] AHCI: Provider loop online at /dev/storage/atapi2
[38433855339] [[32mINFO [0m] [rtc_cmos] [CPU3] RTC: claimed /sys/devices/isa-0070 (handle=2)
[38458485582] [[32mINFO [0m] [ps2_mouse] [CPU2] ps2_mouse: bristle pid=8
[38466598962] [[32mINFO [0m] [rtc_cmos] [CPU3] RTC: 2026-05-01 20:33:24 = 1777667604 unix_secs
[38468025156] [[32mINFO [0m] [kernel::time] [CPU3] System clock anchored: unix_secs=1777667604, mono_ns=19233864853, offset=1777667584766135147ns
[38468813592] [[32mINFO [0m] [rtc_cmos] [CPU3] RTC: System clock anchored to 1777667604 unix_secs
[38477910009] [[32mINFO [0m] [kernel::time] [CPU0] System clock tick: utc=2026-05-01 20:33:24.004337306 unix_secs=1777667604.004337306
[38493552603] [[32mINFO [0m] [ps2_mouse] [CPU2] ps2_mouse: sample rate set to 60 Hz
[38497195374] [[32mINFO [0m] [ps2_kbd] [CPU1] ps2_kbd: bristle pid=8
[38525902206] [[32mINFO [0m] [bloom] [CPU1] bloom: initial wallpaper configured /share/wallpapers/flower.png
[38654479512] [[32mINFO [0m] [bloom::render] [CPU1] bloom: cursor ready buffer=2 size=48x48 hotspot=11,6
[38661267645] [[32mINFO [0m] [bloom] [CPU1] bloom: watching wallpaper config /session/desktop/wallpaper
[38665040799] [[32mINFO [0m] [bloom] [CPU1] bloom: watching theme config /session/desktop/theme
[38695367700] [[32mINFO [0m] [bloom] [CPU1] bloom: Wayland server thread spawned
[38697129669] [[32mINFO [0m] [bloom::loop_types] [CPU1] bloom: service loop started
[38697935067] [[32mINFO [0m] [bloom::loop_types] [CPU1] bloom: output0 1280x800 @ 60000mHz ready
[38699701359] [[32mINFO [0m] [bloom::wayland] [CPU3] wayland-server: starting
[38714971053] [[32mINFO [0m] [bloom::wayland] [CPU3] wayland-server: listening on /run/wayland-0
[38715952143] [[32mINFO [0m] [bloom::wayland] [CPU3] wayland-server: advertising globals wl_compositor wl_shm xdg_wm_base wl_seat wl_output wl_subcompositor wl_data_device_manager zwp_linux_dmabuf_v1
[38796611535] [[32mINFO [0m] [sprout::supervisor] [CPU0] SPROUT: Spawned wayland_hello (PID=16)
[38812880073] [[32mINFO [0m] [wayland_hello] [CPU1] wayland_hello: connected to /run/wayland-0
[38819802747] [[32mINFO [0m] [sprout::supervisor] [CPU0] SPROUT: Spawned clock (PID=17)
[38824498317] [