[2J[01;01H[=3h[2J[01;01H[2J[01;01H[8;042;160t0[2J[01;01H[2J[01;01H[8;056;240t0[2J[01;01HBdsDxe: loading Boot0002 "UEFI QEMU DVD-ROM QM00005 " from PciRoot(0x0)/Pci(0x1F,0x2)/Sata(0x2,0xFFFF,0x0)
BdsDxe: starting Boot0002 "UEFI QEMU DVD-ROM QM00005 " from PciRoot(0x0)/Pci(0x1F,0x2)/Sata(0x2,0xFFFF,0x0)
[2J[01;01H[01;01H[2J[01;01H[01;01H[34742026638] [[32mINFO [0m] [kernel::boot_progress] [CPU0] boot_progress: milestone="Framebuffer Initialized"
[34997565075] [[32mINFO [0m] [kernel::boot_progress] [CPU0] boot_progress: milestone="Memory Map OK"
[35017859679] [[32mINFO [0m] [kernel] [CPU0] Initializing global allocator...
[35048356068] [[32mINFO [0m] [kernel::boot_progress] [CPU0] boot_progress: milestone="Global Allocator"
[35080565619] [[32mINFO [0m] [kernel::boot_progress] [CPU0] boot_progress: milestone="Display Registry"
[35099732547] [[32mINFO [0m] [kernel] [CPU0] Initializing SIMD...
[35101431948] [[32mINFO [0m] [kernel::boot_progress] [CPU0] boot_progress: milestone="SIMD Ready"
[35138954169] [[33mWARN [0m] [kernel::entropy] [CPU0] ENTROPY: no hardware RNG available, using timer fallback (weak entropy)
[35140674228] [[32mINFO [0m] [kernel::boot_progress] [CPU0] boot_progress: milestone="SIMD Ready"
[35160567123] [[32mINFO [0m] [kernel] [CPU0] Initializing tasking...
[35175217473] [[32mINFO [0m] [kernel::sched] [CPU0] SCHED: 1 per-CPU scheduler(s) allocated
[35175945750] [[32mINFO [0m] [kernel::sched] [CPU0] SCHED: per-CPU preemption initialized (1 independent preemption domains, no global preemption lock)
[35211171567] [[32mINFO [0m] [kernel::sched] [CPU0] Scheduler initialized
[35212384746] [[32mINFO [0m] [kernel::boot_progress] [CPU0] boot_progress: milestone="Tasking Initialized"
[35304694623] [[32mINFO [0m] [kernel::boot_progress] [CPU0] boot_progress: milestone="VFS Root Ready"
[35389172346] [[32mINFO [0m] [kernel::boot_progress] [CPU0] boot_progress: milestone="PCI Bus Scanned"
[35411211099] [[32mINFO [0m] [kernel::boot_progress] [CPU0] boot_progress: milestone="Legacy Devices"
[35484696192] [[32mINFO [0m] [kernel::boot_progress] [CPU0] boot_progress: milestone="BSP Timer OK"
[35585569008] [[32mINFO [0m] [kernel::boot_progress] [CPU0] boot_progress: milestone="SMP Bring-up"
[35612920464] [[32mINFO [0m] [kernel::boot_progress] [CPU0] boot_progress: milestone="Boot Info OK"
[35637020727] [[32mINFO [0m] [kernel::boot_progress] [CPU0] boot_progress: milestone="Modules Scanned"
[35739584001] [[32mINFO [0m] [kernel::boot_progress] [CPU0] boot_progress: hint="Press F12 for a terminal"
[35786952927] [[32mINFO [0m] [kernel::boot_progress] [CPU0] boot_progress: milestone="Spawning Sprout"
[35919250092] [[32mINFO [0m] [kernel::boot_progress] [CPU0] boot_progress: milestone="Entering Scheduler"
[36165797481] [[32mINFO [0m] [kernel] [CPU0] [kernel:start] scheduler-entry total elapsed_ticks=933096912 elapsed_us=466548
[36166591725] [[32mINFO [0m] [kernel] [CPU0] Entering scheduler loop.
[36244337613] [[32mINFO [0m] [sprout] [CPU0] SPROUT: ENTERING MAIN (arg0=6291456)
[36247517757] [[32mINFO [0m] [sprout] [CPU0] SPROUT: v0.4.1 [REBUILT] starting (Supervisor Mode)...
[36356838936] [[32mINFO [0m] [sprout::supervisor] [CPU0] SPROUT: Initializing Supervisor...
[36395374092] [[32mINFO [0m] [sprout::supervisor] [CPU0] SPROUT: Supervisor session started (FULL PIPELINE MODE)
[36405996132] [[32mINFO [0m] [sprout::supervisor] [CPU0] SPROUT: Launching serial shell...
[36407587524] [[32mINFO [0m] [sprout::pipelines] [CPU0] SPROUT: Setting up serial shell on /dev/console...
[36497788239] [[32mINFO [0m] [sprout::pipelines] [CPU0] SPROUT: Spawned serial shell '/bin/sh' (PID=6)
[36502398900] [[32mINFO [0m] [sprout::supervisor] [CPU0] SPROUT: Serial shell launched; yielding 50ms so the prompt can take the foreground
[36507735000] [[32mINFO [0m] [sh] [CPU3] SH: starting v0.1.0-debug
[1;32m
        .-.
       /   \        [1;36mTHING-OS[1;32m
      |     |       [0;36m"People, places, things."[1;32m
       \   /        
        `-'        
       /   \        v0.1  •  
      |     |       2026-04-16
       \   /
        `-'
[0m
[2m--------------------------------------------------------------[0m
[1m sprout has taken root. the system is awake.[0m

  try:
    [36mls /bin[0m       browse available shoots
    [36mps[0m            observe living processes
    [36mcat /version[0m  inspect the genome

[2m--------------------------------------------------------------[0m
[1;95mTHING[0m[1;96m-OS[0m [2;94m[[0m[1;95mBOOT[0m[2;94m][0m [1;93m/[0m [1;96m>[0m [?25h[36685502601] [[32mINFO [0m] [sprout::supervisor] [CPU0] SPROUT: Continuing supervisor startup
[36687181542] [[32mINFO [0m] [sprout::supervisor] [CPU0] SPROUT: Spawning cambium for driver discovery...
[36719966877] [[32mINFO [0m] [sprout::pipelines] [CPU0] SPROUT: Skipping early /hosts mount; mesocarp is disabled in init
[36722219259] [[32mINFO [0m] [sprout::supervisor] [CPU0] SPROUT: Starting full pipeline (graphics + input)
[36723638622] [[32mINFO [0m] [sprout::supervisor] [CPU0] SPROUT: Entering supervisor service loop (tick=100ms)
[36724840053] [[32mINFO [0m] [cambium] [CPU1] CAMBIUM: main started
[36747097101] [[32mINFO [0m] [cambium] [CPU1] CAMBIUM: starting device discovery manager (daemon mode)
[36760694157] [[32mINFO [0m] [sprout::pipelines] [CPU0] SPROUT: Spawned bristle (PID=8)
[36763946274] [[32mINFO [0m] [sprout::supervisor] [CPU0] SPROUT: Starting display pipeline setup
[36765602610] [[32mINFO [0m] [sprout::pipelines] [CPU0] SPROUT: Probing /dev/fb0 for boot framebuffer metadata
[36772585014] [[32mINFO [0m] [sprout::pipelines] [CPU0] SPROUT: /dev/fb0 ready width=1920 height=1080 stride=7680 format=2
[36775972035] [[32mINFO [0m] [sprout::pipelines] [CPU0] SPROUT: Selected display driver '/drivers/display_virtio_gpu'
[36777763242] [[32mINFO [0m] [sprout::pipelines] [CPU0] SPROUT: Creating display request port
[36787608033] [[32mINFO [0m] [sprout::pipelines] [CPU0] SPROUT: Creating display response port
[36789803259] [[32mINFO [0m] [sprout::pipelines] [CPU0] SPROUT: Creating display bootstrap memfd
[36794168070] [[32mINFO [0m] [sprout::pipelines] [CPU0] SPROUT: Mapping display bootstrap memfd
[36798598848] [[32mINFO [0m] [sprout::pipelines] [CPU0] SPROUT: Launching display driver '/drivers/display_virtio_gpu' (boot_fd=3, bind_id=322371585)
[36806294811] [[32mINFO [0m] [bristle] [CPU2] bristle: published pid 8 to /run/bristle/pid
[36821147616] [[32mINFO [0m] [bristle] [CPU2] bristle: published device handles kbd_in=1 mouse_in=3
[36832088040] [[32mINFO [0m] [bristle] [CPU2] bristle: online (kbd_tok=Some(WaitToken(2)), mouse_tok=Some(WaitToken(3)))
[36858848565] [[32mINFO [0m] [sprout::supervisor] [CPU0] SPROUT: Display pipeline initialized (backend=virtio_gpu)
[36865043358] [[32mINFO [0m] [display_virtio_gpu] [CPU3] display_virtio_gpu: starting v0.4.1 (boot_arg=3)
[36951161940] [[32mINFO [0m] [virtio_gpu] [CPU3] virtio_gpu: caps from sysfs - common BAR2 off=0x1000, notify BAR2 off=0x3000 mult=4
[36961870242] [[32mINFO [0m] [virtio_gpu] [CPU3] virtio_gpu: device features=0x30000002 virgl=false
[36974731266] [[32mINFO [0m] [virtio_gpu] [CPU3] virtio_gpu: cursor queue (queue 1) configured
[36976356747] [[32mINFO [0m] [display_virtio_gpu] [CPU3] display_virtio_gpu: GPU initialized successfully
[36977714532] [[32mINFO [0m] [display_virtio_gpu] [CPU3] display_virtio_gpu: composition paths: gpu_opaque_copy=enabled cpu_alpha_blend=enabled
[36987349740] [[32mINFO [0m] [display_virtio_gpu] [CPU3] display_virtio_gpu: host scanout 1280x800 enabled=true (bootfb was 1920x1080)
[37022113986] [[32mINFO [0m] [cambium::catalog] [CPU1] DEVD CATALOG: registered driver '/drivers/ahci_disk' name='ahci_disk' class=Block kind='dev.storage.Ahci' start='thingos_driver_start_safe'
[37185671061] [[32mINFO [0m] [cambium::catalog] [CPU1] DEVD CATALOG: registered driver '/drivers/ata_disk' name='ata_disk' class=Block kind='dev.storage.Ide' start='thingos_driver_start_safe'
[37236758823] [[32mINFO [0m] [display_virtio_gpu] [CPU3] display_virtio_gpu: cursor DMA buffer ready (16 pages at phys=0x2723000)
[37304892537] [[32mINFO [0m] [sprout::supervisor] [CPU0] SPROUT: Mounted /dev/display/card0 successfully
[37315007895] [[32mINFO [0m] [display_virtio_gpu] [CPU3] display_virtio_gpu: Sovereign registration COMPLETE. Assigned: /dev/display/card0
[37321807050] [[32mINFO [0m] [display_virtio_gpu] [CPU3] display_virtio_gpu: VFS provider loop online
[37325995476] [[32mINFO [0m] [sprout::supervisor] [CPU0] SPROUT: Display service is ready at /dev/display/card0
[37359023625] [[32mINFO [0m] [cambium::catalog] [CPU1] DEVD CATALOG: registered driver '/drivers/chime' name='chime' class=Audio kind='dev.sound.Chime' start='thingos_driver_start_safe'
[37529827203] [[32mINFO [0m] [cambium::catalog] [CPU1] DEVD CATALOG: registered driver '/drivers/display_bootfb' name='display_bootfb' class=Display kind='dev.display.Gpu' start='thingos_driver_start_safe'
[37746099600] [[32mINFO [0m] [sprout::supervisor] [CPU0] SPROUT: Spawned bloom (PID=10)
[37762210332] [[32mINFO [0m] [bloom] [CPU1] bloom: ENTERING MAIN
[37763257488] [[32mINFO [0m] [bloom] [CPU1] bloom: compositor service starting
[37779626313] [[32mINFO [0m] [cambium::catalog] [CPU1] DEVD CATALOG: registered driver '/drivers/display_virtio_gpu' name='display_virtio_gpu' class=Display kind='dev.display.Gpu' start='thingos_driver_start_safe'
[37943461017] [[32mINFO [0m] [bloom] [CPU1] bloom: connected to /dev/display/card0 on try 0
[37963697475] [[32mINFO [0m] [bloom] [CPU1] bloom: output0 1280x800 @ 60000mHz
[37965075720] [[32mINFO [0m] [bloom] [CPU1] bloom: display driver does not support VBLANK
[37966288239] [[32mINFO [0m] [bloom] [CPU1] bloom: display driver supports linear dmabuf import
[37967996814] [[32mINFO [0m] [bloom] [CPU1] bloom: display driver supports GPU blit (hardware transfer/flush)
[37969036380] [[32mINFO [0m] [bloom] [CPU1] bloom: display driver supports direct scanout (zero-copy path to display)
[37970075319] [[32mINFO [0m] [bloom] [CPU1] bloom: display driver supports partial flush (damage regions)
[37971064329] [[32mINFO [0m] [bloom] [CPU1] bloom: display driver supports resource cache (pre-allocated buffer pool)
[37972527681] [[32mINFO [0m] [bloom] [CPU1] bloom: creating service port...
[38382855192] [[32mINFO [0m] [cambium::catalog] [CPU1] DEVD CATALOG: registered driver '/drivers/hdaudio' name='hdaudio' class=Audio kind='dev.sound.Hda' start='thingos_driver_start_safe'
[38438123955] [[32mINFO [0m] [bloom::render] [CPU1] bloom: pistil background renderer loaded from /lib/libpistil.so
[38439949977] [[32mINFO [0m] [bloom::render] [CPU1] bloom: pistil font text renderer loaded with default /share/fonts/Inter-Regular.ttf
[38441245986] [[32mINFO [0m] [bloom::render] [CPU1] bloom: pistil symbol renderer loaded with /share/fonts/NotoSansSymbol2-Regular.ttf
[38467570581] [[32mINFO [0m] [bloom] [CPU1] bloom: initial theme configured Facet Frame
[38951764797] [[32mINFO [0m] [cambium::catalog] [CPU1] DEVD CATALOG: registered driver '/drivers/hwrng' name='hwrng' class=Other kind='dev.rng.HwRng' start='_RNvCs7wlZbVUrQWf_5hwrng20thingos_driver_start'
[39114775359] [[32mINFO [0m] [cambium::catalog] [CPU1] DEVD CATALOG: registered driver '/drivers/pci_stubd' name='pci_stubd' class=Other kind='drv.PciStubd' start='thingos_driver_start_safe'
[39275080878] [[32mINFO [0m] [cambium::catalog] [CPU1] DEVD CATALOG: registered driver '/drivers/ps2_kbd' name='ps2_kbd' class=Input kind='drv.Ps2Keyboard' start='thingos_driver_start_safe'
[39444577260] [[32mINFO [0m] [cambium::catalog] [CPU1] DEVD CATALOG: registered driver '/drivers/ps2_mouse' name='ps2_mouse' class=Input kind='drv.Ps2Mouse' start='thingos_driver_start_safe'
[39537074016] [[32mINFO [0m] [bloom] [CPU1] bloom: initial wallpaper configured /share/wallpapers/flower.png
[39750563358] [[32mINFO [0m] [bloom::render] [CPU1] bloom: cursor ready buffer=2 size=48x48 hotspot=11,6
[39760328454] [[32mINFO [0m] [bloom] [CPU1] bloom: watching wallpaper config /session/desktop/wallpaper
[39762327231] [[32mINFO [0m] [bloom] [CPU1] bloom: watching theme config /session/desktop/theme
[39809722293] [[32mINFO [0m] [bloom] [CPU1] bloom: Wayland server thread spawned
[39812114001] [[32mINFO [0m] [bloom::loop_types] [CPU1] bloom: service loop started
[39813483336] [[32mINFO [0m] [bloom::loop_types] [CPU1] bloom: output0 1280x800 @ 60000mHz ready
[39815081559] [[32mINFO [0m] [bloom::wayland] [CPU2] wayland-server: starting
[39826340862] [[32mINFO [0m] [cambium::catalog] [CPU1] DEVD CATALOG: registered driver '/drivers/rtc_cmos' name='rtc_cmos' class=Other kind='dev.rtc.Cmos' start='thingos_driver_start_safe'
[39831007128] [[32mINFO [0m] [bloom::wayland] [CPU2] wayland-server: listening on /run/wayland-0
[39831998184] [[32mINFO [0m] [bloom::wayland] [CPU2] wayland-server: advertising globals wl_compositor wl_shm xdg_wm_base wl_seat wl_output wl_subcompositor wl_data_device_manager zwp_linux_dmabuf_v1
[39847866333] [[32mINFO [0m] [sprout::supervisor] [CPU0] SPROUT: Spawned wayland_hello (PID=12)
[39860515992] [[32mINFO [0m] [wayland_hello] [CPU3] wayland_hello: connected to /run/wayland-0
[39874346820] [[32mINFO [0m] [sprout::supervisor] [CPU0] SPROUT: Spawned clock (PID=13)
[39916098519] [[32mINFO [0m] [clock] [CPU1] clock: running at low scheduler priority tid=13
[39919881111] [[32mINFO [0m] [clock] [CPU1] clock: connected to /run/wayland-0
[40274744202] [[32mINFO [0m] [wayland_hello] [CPU3] wayland_hello: pistil text renderer loaded with default /share/fonts/Inter-Regular.ttf
[40295322177] [[32mINFO [0m] [cambium::catalog] [CPU1] DEVD CATALOG: registered driver '/drivers/rtl8168d' name='rtl8168d' class=Net kind='dev.net.Nic' start='thingos_driver_start_safe'
[40322420853] [[32mINFO [0m] [wayland_hello] [CPU3] wayland_hello: using zwp_linux_dmabuf_v1 buffers
[40324925124] [[32mINFO [0m] [wayland_hello] [CPU3] wayland_hello: bound wp_presentation
[40332642504] [[32mINFO [0m] [wayland_hello] [CPU3] wayland_hello: wl_region smoke test: create+add+set_opaque+destroy
[40480206822] [[32mINFO [0m] [clock] [CPU1] clock: pistil DSEG7 text renderer loaded with /share/fonts/DSEG7Classic-Regular.ttf
[40483857348] [[32mINFO [0m] [clock] [CPU1] clock: pistil generic text renderer loaded with /share/fonts/Inter-Regular.ttf
[40484790885] [[32mINFO [0m] [display_virtio_gpu] [CPU3] display_virtio_gpu: first commit copied buffer=1 rect=1280x800 src_px=0xff0b0a10 dst_px=0xff0b0a10 damage=1280x800+0,0 res_id=1 gpu_planes=0 cpu_planes=2
[40485995286] [[32mINFO [0m] [display_virtio_gpu] [CPU3] display_virtio_gpu: cursor plane blended buffer=2 at 638,399 src_px=0x10202020 dst_before=0xff0b0a10 dst_after=0xff0c0b11
[40495577100] [[32mINFO [0m] [bloom::loop_types] [CPU1] First frame rendered
[40528622706] [[32mINFO [0m] [cambium::catalog] [CPU1] DEVD CATALOG: registered driver '/drivers/virtio_netd' name='virtio_netd' class=Net kind='dev.net.Nic' start='thingos_driver_start_safe'
[40633580922] [[32mINFO [0m] [bloom::services::wayland_cmd] [CPU1] bloom: registered titlebar drag zone surface=1 height=28 frame=6
[40645476894] [[32mINFO [0m] [bloom::services::input_service] [CPU1] bloom: registered bristle pointer sink
[40663026195] [[32mINFO [0m] [bristle] [CPU2] bristle: bloom sink registered (handle=5 mask=0x03)
[40679086602] [[32mINFO [0m] [bloom::wayland::dispatch] [CPU2] wayland-server: xdg_toplevel obj=12 assigned to xdg_surface=11
[40773493497] [[32mINFO [0m] [cambium::catalog] [CPU1] DEVD CATALOG: registered driver '/drivers/virtio_sound' name='virtio_sound' class=Audio kind='dev.sound.Virtio' start='thingos_driver_start_safe'
[40773943914] [[32mINFO [0m] [bloom::wayland::dispatch] [CPU2] wayland-server: imported dmabuf wl_buffer=111 480x320 format=0x34325241
[40972536198] [[32mINFO [0m] [cambium::catalog] [CPU1] DEVD CATALOG: registered driver '/drivers/xhci' name='xhci' class=Block kind='dev.usb.Xhci' start='thingos_driver_start_safe'
[40974530322] [[32mINFO [0m] [cambium::catalog] [CPU1] DEVD CATALOG: 15 driver(s) found
[41066970318] [[32mINFO [0m] [ahci_disk] [CPU2] AHCI: Starting AHCI VFS driver
[41101576725] [[32mINFO [0m] [ahci_disk] [CPU2] AHCI: Claimed device /sys/devices/pci-0000:00:1f.2
[41120787015] [[32mINFO [0m] [ahci_disk] [CPU2] AHCI: Mounted atapi2 at /dev/storage/atapi2
[41122354845] [[32mINFO [0m] [ahci_disk] [CPU2] AHCI: Provider loop online at /dev/storage/atapi2
[41152753389] [[32mINFO [0m] [rtc_cmos] [CPU3] RTC: claimed /sys/devices/isa-0070 (handle=2)
[41153647227] [[32mINFO [0m] [ps2_kbd] [CPU1] ps2_kbd: bristle pid=8
[41177948097] [[32mINFO [0m] [rtc_cmos] [CPU3] RTC: 2026-05-01 20:46:43 = 1777668403 unix_secs
[41179484247] [[32mINFO [0m] [kernel::time] [CPU3] System clock anchored: unix_secs=1777668403, mono_ns=20589564633, offset=1777668382410435367ns
[41180499591] [[32mINFO [0m] [rtc_cmos] [CPU3] RTC: System clock anchored to 1777668403 unix_secs
[41203561080] [[32mINFO [0m] [kernel::time] [CPU0] System clock tick: utc=2026-05-01 20:46:43.010975008 unix_secs=1777668403.010975008
[41228337480] [[32mINFO [0m] [ps2_mouse] [CPU2] ps2_mouse: bristle pid=8
[41268703014] [[32mINFO [0m] [ps2_mouse] [CPU2] ps2_mouse: sample rate set to 60 Hz
[41325373848] [[