=== Console Readiness ===
ec[40881450753] [INFO ] [ps2_mouse] [CPU2] ps2_mouse: sample rate set to 60 Hz
ho[40952750751] [INFO ] [bloom::services::wayland_cmd] [CPU1] bloom: registered titlebar drag zone surface=2 height=28 frame=6
[40960606929] [INFO ] [bloom::wayland::dispatch] [CPU3] wayland-server: xdg_toplevel obj=12 assigned to xdg_surface=11
 BDD_CONSOLE_READ[41577931593] [INFO ] [bloom::services::wallpaper] [CPU1] bloom: preparing background /share/wallpapers/flower.png
Y_3053884_1777667500928511308
BDD_CONSOLE_READY_3053884_1777667500928511308
THING-OS [OK] / > 
=== End Console Readiness ===

=== Serial Log (since step start) ===
] [[32mINFO [0m] [kernel::time] [CPU0] System clock tick: utc=2026-05-01 20:31:39.006784734 unix_secs=1777667499.006784734
[40265124999] [[32mINFO [0m] [display_virtio_gpu] [CPU3] display_virtio_gpu: first commit copied buffer=1 rect=1280x800 src_px=0xff0b0a10 dst_px=0xff0b0a10 damage=1280x800+0,0 res_id=1 gpu_planes=0 cpu_planes=2
[40267764999] [[32mINFO [0m] [display_virtio_gpu] [CPU3] display_virtio_gpu: cursor plane blended buffer=2 at 638,399 src_px=0x10202020 dst_before=0xff0b0a10 dst_after=0xff0c0b11
[40318287306] [[32mINFO [0m] [bloom::loop_types] [CPU1] First frame rendered
[40363582908] [[32mINFO [0m] [wayland_hello] [CPU2] wayland_hello: pistil text renderer loaded with default /share/fonts/Inter-Regular.ttf
[40396048275] [[32mINFO [0m] [ahci_disk] [CPU2] AHCI: Mounted atapi2 at /dev/storage/atapi2
[40397245812] [[32mINFO [0m] [ahci_disk] [CPU2] AHCI: Provider loop online at /dev/storage/atapi2
[40409520690] [[32mINFO [0m] [clock] [CPU1] clock: pistil DSEG7 text renderer loaded with /share/fonts/DSEG7Classic-Regular.ttf
[40410729942] [[32mINFO [0m] [clock] [CPU1] clock: pistil generic text renderer loaded with /share/fonts/Inter-Regular.ttf
[40424040723] [[32mINFO [0m] [wayland_hello] [CPU2] wayland_hello: using zwp_linux_dmabuf_v1 buffers
[40425752169] [[32mINFO [0m] [wayland_hello] [CPU2] wayland_hello: bound wp_presentation
[40431031179] [[32mINFO [0m] [wayland_hello] [CPU2] wayland_hello: wl_region smoke test: create+add+set_opaque+destroy
[40432802520] [[32mINFO [0m] [bloom::services::input_service] [CPU1] bloom: registered bristle pointer sink
[40444656879] [[32mINFO [0m] [bristle] [CPU2] bristle: bloom sink registered (handle=5 mask=0x03)
[40499947026] [[32mINFO [0m] [ps2_mouse] [CPU2] ps2_mouse: bristle pid=8
[40502133276] [[32mINFO [0m] [bloom::services::wayland_cmd] [CPU1] bloom: registered titlebar drag zone surface=1 height=28 frame=6
[40515928365] [[32mINFO [0m] [bloom::wayland::dispatch] [CPU3] wayland-server: xdg_toplevel obj=12 assigned to xdg_surface=11
[40577391129] [[32mINFO [0m] [bloom::wayland::dispatch] [CPU3] wayland-server: imported dmabuf wl_buffer=111 480x320 format=0x34325241
ec[40881450753] [[32mINFO [0m] [ps2_mouse] [CPU2] ps2_mouse: sample rate set to 60 Hz
ho[40952750751] [[32mINFO [0m] [bloom::services::wayland_cmd] [CPU1] bloom: registered titlebar drag zone surface=2 height=28 frame=6
[40960606929] [[32mINFO [0m] [bloom::wayland::dispatch] [CPU3] wayland-server: xdg_toplevel obj=12 assigned to xdg_surface=11
 BDD_CONSOLE_READ[41577931593] [[32mINFO [0m] [bloom::services::wallpaper] [CPU1] bloom: preparing background /share/wallpapers/flower.png
Y_3053884_1777667500928511308
BDD_CONSOLE_READY_
=== End Serial Log ===
