=== Console Readiness ===
echo [36975921510] [INFO ] [cambium::catalog] [CPU1] DEVD CATALOG: registered driver '/drivers/hwrng' name='hwrng' class=Other kind='dev.rng.HwRng' start='_RNvCs7wlZbVUrQWf_5hwrng20thingos_driver_start'
BDD_C[37144309950] [INFO ] [bloom] [CPU1] bloom: initial wallpaper configured /share/wallpapers/flower.png
ONS[37268967450] [INFO ] [cambium::catalog] [CPU1] DEVD CATALOG: registered driver '/drivers/pci_stubd' name='pci_stubd' class=Other kind='drv.PciStubd' start='thingos_driver_start_safe'
OLE_[37435477299] [INFO ] [bloom::render] [CPU1] bloom: cursor ready buffer=2 size=48x48 hotspot=11,6
R[37444954635] [INFO ] [bloom] [CPU1] bloom: watching wallpaper config /session/desktop/wallpaper
[37446876027] [INFO ] [bloom] [CPU1] bloom: watching theme config /session/desktop/theme
[37489727385] [INFO ] [bloom] [CPU1] bloom: Wayland server thread spawned
[37491590631] [INFO ] [bloom::loop_types] [CPU1] bloom: service loop started
[37492440447] [INFO ] [bloom::loop_types] [CPU1] bloom: output0 1280x800 @ 60000mHz ready
[37494680553] [INFO ] [bloom::wayland] [CPU2] wayland-server: starting
E[37506666978] [INFO ] [cambium::catalog] [CPU1] DEVD CATALOG: registered driver '/drivers/ps2_kbd' name='ps2_kbd' class=Input kind='drv.Ps2Keyboard' start='thingos_driver_start_safe'
[37509748782] [INFO ] [bloom::wayland] [CPU2] wayland-server: listening on /run/wayland-0
[37510692450] [INFO ] [bloom::wayland] [CPU2] wayland-server: advertising globals wl_compositor wl_shm xdg_wm_base wl_seat wl_output wl_subcompositor wl_data_device_manager zwp_linux_dmabuf_v1
ADY_3[37660545054] [INFO ] [cambium::catalog] [CPU1] DEVD CATALOG: registered driver '/drivers/ps2_mouse' name='ps2_mouse' class=Input kind='drv.Ps2Mouse' start='thingos_driver_start_safe'
05[37765461756] [INFO ] [display_virtio_gpu] [CPU3] display_virtio_gpu: first commit copied buffer=1 rect=1280x800 src_px=0xff0b0a10 dst_px=0xff0b0a10 damage=1280x800+0,0 res_id=1 gpu_planes=0 cpu_planes=2
[37766779611] [INFO ] [display_virtio_gpu] [CPU3] display_virtio_gpu: cursor plane blended buffer=2 at 638,399 src_px=0x10202020 dst_before=0xff0b0a10 dst_after=0xff0c0b11
38[37808244375] [INFO ] [cambium::catalog] [CPU1] DEVD CATALOG: registered driver '/drivers/rtc_cmos' name='rtc_cmos' class=Other kind='dev.rtc.Cmos' start='thingos_driver_start_safe'
84[37895827134] [INFO ] [bloom::loop_types] [CPU1] First frame rendered
_1[37969013511] [INFO ] [cambium::catalog] [CPU1] DEVD CATALOG: registered driver '/drivers/rtl8168d' name='rtl8168d' class=Net kind='dev.net.Nic' start='thingos_driver_start_safe'
777[38073254241] [INFO ] [bloom::services::input_service] [CPU1] bloom: registered bristle pointer sink
[38080409631] [INFO ] [bristle] [CPU2] bristle: bloom sink registered (handle=5 mask=0x03)
66[38148446160] [INFO ] [cambium::catalog] [CPU1] DEVD CATALOG: registered driver '/drivers/virtio_netd' name='virtio_netd' class=Net kind='dev.net.Nic' start='thingos_driver_start_safe'
70437[38304720267] [INFO ] [cambium::catalog] [CPU1] DEVD CATALOG: registered driver '/drivers/virtio_sound' name='virtio_sound' class=Audio kind='dev.sound.Virtio' start='thingos_driver_start_safe'
0[38359615635] [INFO ] [sprout::supervisor] [CPU0] SPROUT: Spawned wayland_hello (PID=12)
[38371728615] [INFO ] [wayland_hello] [CPU3] wayland_hello: connected to /run/wayland-0
[38387503110] [INFO ] [sprout::supervisor] [CPU0] SPROUT: Spawned clock (PID=13)
[38396831583] [INFO ] [clock] [CPU1] clock: running at low scheduler priority tid=13
[38400089706] [INFO ] [clock] [CPU1] clock: connected to /run/wayland-0
2810147
[38685187563] [INFO ] [clock] [CPU1] clock: pistil DSEG7 text renderer loaded with /share/fonts/DSEG7Classic-Regular.ttf
[38686300488] [INFO ] [clock] [CPU1] clock: pistil generic text renderer loaded with /share/fonts/Inter-Regular.ttf
BDD_CONSOLE_READY_3053884_1777667043702810147
[38744567994] [INFO ] [wayland_hello] [CPU3] wayland_hello: pistil text renderer loaded with default /share/fonts/Inter-Regular.ttf
[38773769826] [INFO ] [cambium::catalog] [CPU1] DEVD CATALOG: registered driver '/drivers/xhci' name='xhci' class=Block kind='dev.usb.Xhci' start='thingos_driver_start_safe'
[38775477510] [INFO ] [cambium::catalog] [CPU1] DEVD CATALOG: 15 driver(s) found
THING-OS [OK] / > [38807192457] [INFO ] [wayland_hello] [CPU3] wayland_hello: using zwp_linux_dmabuf_v1 buffers
[38809410420] [INFO ] [wayland_hello] [CPU3] wayland_hello: bound wp_presentation
[38815681014] [INFO ] [wayland_hello] [CPU3] wayland_hello: wl_region smoke test: create+add+set_opaque+destroy
[38834618295] [INFO ] [ahci_disk] [CPU3] AHCI: Starting AHCI VFS driver
[38873759562] [INFO ] [ahci_disk] [CPU3] AHCI: Claimed device /sys/devices/pci-0000:00:1f.2
[38889270552] [INFO ] [ahci_disk] [CPU3] AHCI: Mounted atapi2 at /dev/storage/atapi2
[38890524024] [INFO ] [ahci_disk] [CPU3] AHCI: Provider loop online at /dev/storage/atapi2
[38896855470] [INFO ] [rtc_cmos] [CPU1] RTC: claimed /sys/devices/isa-0070 (handle=2)
[38915837367] [INFO ] [rtc_cmos] [CPU1] RTC: 2026-05-01 20:24:03 = 1777667043 unix_secs
[38916896832] [INFO ] [kernel::time] [CPU1] System clock anchored: unix_secs=1777667043, mono_ns=19458292804, offset=1777667023541707196ns
[38917667481] [INFO ] [rtc_cmos] [CPU1] RTC: System clock anchored to 1777667043 unix_secs
[38931336444] [INFO ] [kernel::time] [CPU0] System clock tick: utc=2026-05-01 20:24:03.006581784 unix_secs=1777667043.006581784
[38972408310] [INFO ] [ps2_kbd] [CPU2] ps2_kbd: bristle pid=8

=== End Console Readiness ===

=== Serial Log (since step start) ===
INFO [0m] [cambium::catalog] [CPU1] DEVD CATALOG: registered driver '/drivers/display_bootfb' name='display_bootfb' class=Display kind='dev.display.Gpu' start='thingos_driver_start_safe'
[36014775159] [[32mINFO [0m] [cambium::catalog] [CPU1] DEVD CATALOG: registered driver '/drivers/display_virtio_gpu' name='display_virtio_gpu' class=Display kind='dev.display.Gpu' start='thingos_driver_start_safe'
[36022779408] [[32mINFO [0m] [sprout::supervisor] [CPU0] SPROUT: Spawned bloom (PID=10)
[36118621275] [[32mINFO [0m] [bloom] [CPU1] bloom: ENTERING MAIN
[36119727072] [[32mINFO [0m] [bloom] [CPU1] bloom: compositor service starting
[36262389009] [[32mINFO [0m] [cambium::catalog] [CPU1] DEVD CATALOG: registered driver '/drivers/hdaudio' name='hdaudio' class=Audio kind='dev.sound.Hda' start='thingos_driver_start_safe'
[36349960185] [[32mINFO [0m] [bloom] [CPU1] bloom: connected to /dev/display/card0 on try 0
[36369224562] [[32mINFO [0m] [bloom] [CPU1] bloom: output0 1280x800 @ 60000mHz
[36370202781] [[32mINFO [0m] [bloom] [CPU1] bloom: display driver does not support VBLANK
[36370987917] [[32mINFO [0m] [bloom] [CPU1] bloom: display driver supports linear dmabuf import
[36371693985] [[32mINFO [0m] [bloom] [CPU1] bloom: display driver supports GPU blit (hardware transfer/flush)
[36372530205] [[32mINFO [0m] [bloom] [CPU1] bloom: display driver supports direct scanout (zero-copy path to display)
[36373327023] [[32mINFO [0m] [bloom] [CPU1] bloom: display driver supports partial flush (damage regions)
[36373947126] [[32mINFO [0m] [bloom] [CPU1] bloom: display driver supports resource cache (pre-allocated buffer pool)
[36374656164] [[32mINFO [0m] [bloom] [CPU1] bloom: creating service port...
[36669610890] [[32mINFO [0m] [bloom::render] [CPU1] bloom: pistil background renderer loaded from /lib/libpistil.so
[36670656528] [[32mINFO [0m] [bloom::render] [CPU1] bloom: pistil font text renderer loaded with default /share/fonts/Inter-Regular.ttf
[36671385168] [[32mINFO [0m] [bloom::render] [CPU1] bloom: pistil symbol renderer loaded with /share/fonts/NotoSansSymbol2-Regular.ttf
[36678653946] [[32mINFO [0m] [bloom] [CPU1] bloom: initial theme configured Facet Frame
echo [36975921510] [[32mINFO [0m] [cambium::catalog] [CPU1] DEVD CATALOG: registered driver '/drivers/hwrng' name='hwrng' class=Other kind='dev.rng.HwRng' start='_RNvCs7wlZbVUrQWf_5hwrng20thingos_driver_start'
BDD_C[37144309950] [[32mINFO [0m] [bloom] [CPU1] bloom: initial wallpaper configured /share/wallpapers/flower.png
ONS[37268967450] [[32mINFO [0m] [cambium::catalog] [CPU1] DEVD CATALOG: registered driver '/drivers/pci_stubd' name='pci_stubd' class=Other kind='drv.PciStubd' start='thingos_driver_start_safe'
OLE_[37435477299] [[32mINFO [0m] [bloom::render] [CPU1] bloom: cursor ready buffer=2 size=48x48 hotspot=11,6
R[37444954635] [[32mINFO [0m] [bloom] [CPU1] bloom: watching wallpaper config /session/desktop/wallpaper
[37446876027] [[32mINFO [0m] [bloom] [CPU1] bloom: watching theme config /session/desktop/theme
[37489727385] [[32mINFO [0m] [bloom] [CPU1] bloom: Wayland server thread spawned
[37491590631] [[32mINFO [0m] [bloom::loop_types] [CPU1] bloom: service loop started
[37492440447] [[32mINFO [0m] [bloom::loop_types] [CPU1] bloom: output0 1280x800 @ 60000mHz ready
[37494680553] [[32mINFO [0m] [bloom::wayland] [CPU2] wayland-server: starting
E[37506666978] [[32mINFO [0m] [cambium::catalog] [CPU1] DEVD CATALOG: registered driver '/drivers/ps2_kbd' name='ps2_kbd' class=Input kind='drv.Ps2Keyboard' start='thingos_driver_start_safe'
[37509748782] [[32mINFO [0m] [bloom::wayland] [CPU2] wayland-server: listening on /run/wayland-0
[37510692450] [[32mINFO [0m] [bloom::wayland] [CPU2] wayland-server: advertising globals wl_compositor wl_shm xdg_wm_base wl_seat wl_output wl_subcompositor wl_data_device_manager zwp_linux_dmabuf_v1
ADY_3[37660545054] [[32mINFO [0m] [cambium::catalog] [CPU1] DEVD CATALOG: registered driver '/drivers/ps2_mouse' name='ps2_mouse' class=Input kind='drv.Ps2Mouse' start='thingos_driver_start_safe'
05[37765461756] [[32mINFO [0m] [display_virtio_gpu] [CPU3] display_virtio_gpu: first commit copied buffer=1 rect=1280x800 src_px=0xff0b0a10 dst_px=0xff0b0a10 damage=1280x800+0,0 res_id=1 gpu_planes=0 cpu_planes=2
[37766779611] [[32mINFO [0m] [display_virtio_gpu] [CPU3] display_virtio_gpu: cursor plane blended buffer=2 at 638,399 src_px=0x10202020 dst_before=0xff0b0a10 dst_after=0xff0c0b11
38[37808244375] [[32mINFO [0m] [cambium::catalog] [CPU1] DEVD CATALOG: registered driver '/drivers/rtc_cmos' name='rtc_cmos' class=Other kind='dev.rtc.Cmos' start='thingos_driver_start_safe'
84[37895827134] [[32mINFO [0m] [bloom::loop_types] [CPU1] First frame rendered
_1[37969013511] [[32mINFO [0m] [cambium::catalog] [CPU1] DEVD CATALOG: registered driver '/drivers/rtl8168d' name='rtl8168d' class=Net kind='dev.net.Nic' start='thingos_driver_start_safe'
777[38073254241] [[32mINFO [0m] [bloom::services::input_service] [CPU1] bloom: registered bristle pointer sink
[38080409631] [[32mINFO [0m] [bristle] [CPU2] bristle: bloom sink registered (handle=5 mask=0x03)
66[38148446160] [[32mINFO [0m] [cambium::catalog] [CPU1] DEVD CATALOG: registered driver '/drivers/virtio_netd' name='virtio_netd' class=Net kind='dev.net.Nic' start='thingos_driver_start_safe'
70437[38304720267] [[32mINFO [0m] [cambium::catalog] [CPU1] DEVD CATALOG: registered driver '/drivers/virtio_sound' name='virtio_sound' class=Audio kind='dev.sound.Virtio' start='thingos_driver_start_safe'
0[38359615635] [[32mINFO [0m] [sprout::supervisor] [CPU0] SPROUT: Spawned wayland_hello (PID=12)
[38371728615] [[32mINFO [0m] [wayland_hello] [CPU3] wayland_hello: connected to /run/wayland-0
[38387503110] [[32mINFO [0m] [sprout::supervisor] [CPU0] SPROUT: Spawned clock (PID=13)
[38396831583] [[32mINFO [0m] [clock] [CPU1] clock: running at low scheduler priority tid=13
[38400089706] [[32mINFO [0m] [clock] [CPU1] clock: connected to /run/wayland-0
2810147
[38685187563] [[32mINFO [0m] [clock] [CPU1] clock: pistil DSEG7 text renderer loaded with /share/fonts/DSEG7Classic-Regular.ttf
[38686300488] [[32mINFO [0m] [clock] [CPU1] clock: pistil generic text renderer loaded with /share/fonts/Inter-Regular.ttf
BDD_CONSOLE_READY_3053884_1777667043702810147
[38744567994] [[32mINFO [0m] [wayland_hello] [CPU3] wayland_hello: pistil text renderer loaded with default /share/fonts/Inter-Regular.ttf
[?25l[38773769826] [[32mINFO [0m] [cambium::catalog] [CPU1] DEVD CATALOG: registered driver '/drivers/xhci' name='xhci' class=Block kind='dev.usb.Xhci' start='thingos_driver_start_safe'
[38775477510] [[32mINFO [0m] [cambium::catalog] [CPU1] DEVD CATALOG: 15 driver(s) found
[?25h[1;95mTHING[0m[1;96m-OS[0m [2;94m[[0m[1;92mOK[0m[2;94m][0m [1;93m/[0m [1;96m>[0m [?25h[38807192457] [[32mINFO [0m] [wayland_hello] [CPU3] wayland_hello: using zwp_linux_dmabuf_v1 buffers
[38809410420] [[32mINFO [0m] [wayland_hello] [CPU3] wayland_hello: bound wp_presentation
[38815681014] [[32mINFO [0m] [wayland_hello] [CPU3] wayland_hello: wl_region smoke test: create+add+set_opaque+destroy
[38834618295] [[32mINFO [0m] [ahci_disk] [CPU3] AHCI: Starting AHCI VFS driver
[38873759562] [[32mINFO [0m] [ahci_disk] [CPU3] AHCI: Claimed device /sys/devices/pci-0000:00:1f.2
[38889270552] [[32mINFO [0m] [ahci_disk] [CPU3] AHCI: Mounted atapi2 at /dev/storage/atapi2
[38890524024] [[32mINFO [0m] [ahci_disk] [CPU3] AHCI: Provider loop online at /dev/storage/atapi2
[38896855470] [[32mINFO [0m] [rtc_cmos] [CPU1] RTC: claimed /sys/devices/isa-0070 (handle=2)
[38915837367] [[32mINFO [0m] [rtc_cmos] [CPU1] RTC: 2026-05-01 20:24:03 = 1777667043 unix_secs
[38916896832] [[32mINFO [0m] [kernel::time] [CPU1] System clock anchored: unix_secs=1777667043, mono_ns=19458292804, offset=1777667023541707196ns
[38917667481] [[32mINFO [0m] [rtc_cmos] [CPU1] RTC: System clock anchored to 1777667043 unix_secs
[38931336444] [[32mINFO [0m] [kernel::time] [CPU0] System clock tick: utc=2026-05-01 20:24:03.006581784 unix_secs=1777667043.006581784
[38972408310] [[32mINFO [0m] [ps2_kbd] [CPU2] ps2_kbd: bristle pid=8
[39032324661] [[32mINFO [
=== End Serial Log ===
