[2J[01;01H[=3h[2J[01;01H[2J[01;01H[8;042;160t0[2J[01;01H[2J[01;01H[8;056;240t0[2J[01;01HBdsDxe: loading Boot0002 "UEFI QEMU DVD-ROM QM00005 " from PciRoot(0x0)/Pci(0x1F,0x2)/Sata(0x2,0xFFFF,0x0)
BdsDxe: starting Boot0002 "UEFI QEMU DVD-ROM QM00005 " from PciRoot(0x0)/Pci(0x1F,0x2)/Sata(0x2,0xFFFF,0x0)
[2J[01;01H[01;01H[2J[01;01H[01;01H[35550589173] [[32mINFO [0m] [kernel::boot_progress] [CPU0] boot_progress: milestone="Framebuffer Initialized"
[35872365375] [[32mINFO [0m] [kernel::boot_progress] [CPU0] boot_progress: milestone="Memory Map OK"
[35895409407] [[32mINFO [0m] [kernel] [CPU0] Initializing global allocator...
[35935298949] [[32mINFO [0m] [kernel::boot_progress] [CPU0] boot_progress: milestone="Global Allocator"
[35973289110] [[32mINFO [0m] [kernel::boot_progress] [CPU0] boot_progress: milestone="Display Registry"
[35994406173] [[32mINFO [0m] [kernel] [CPU0] Initializing SIMD...
[35996408250] [[32mINFO [0m] [kernel::boot_progress] [CPU0] boot_progress: milestone="SIMD Ready"
[36044693982] [[33mWARN [0m] [kernel::entropy] [CPU0] ENTROPY: no hardware RNG available, using timer fallback (weak entropy)
[36047847924] [[32mINFO [0m] [kernel::boot_progress] [CPU0] boot_progress: milestone="SIMD Ready"
[36072715932] [[32mINFO [0m] [kernel] [CPU0] Initializing tasking...
[36089901738] [[32mINFO [0m] [kernel::sched] [CPU0] SCHED: 1 per-CPU scheduler(s) allocated
[36090702021] [[32mINFO [0m] [kernel::sched] [CPU0] SCHED: per-CPU preemption initialized (1 independent preemption domains, no global preemption lock)
[36132893412] [[32mINFO [0m] [kernel::sched] [CPU0] Scheduler initialized
[36134224401] [[32mINFO [0m] [kernel::boot_progress] [CPU0] boot_progress: milestone="Tasking Initialized"
[36252127032] [[32mINFO [0m] [kernel::boot_progress] [CPU0] boot_progress: milestone="VFS Root Ready"
[36345576366] [[32mINFO [0m] [kernel::boot_progress] [CPU0] boot_progress: milestone="PCI Bus Scanned"
[36369126057] [[32mINFO [0m] [kernel::boot_progress] [CPU0] boot_progress: milestone="Legacy Devices"
[36456244275] [[32mINFO [0m] [kernel::boot_progress] [CPU0] boot_progress: milestone="BSP Timer OK"
[36565118238] [[32mINFO [0m] [kernel::boot_progress] [CPU0] boot_progress: milestone="SMP Bring-up"
[36598946736] [[32mINFO [0m] [kernel::boot_progress] [CPU0] boot_progress: milestone="Boot Info OK"
[36624158010] [[32mINFO [0m] [kernel::boot_progress] [CPU0] boot_progress: milestone="Modules Scanned"
[36738458361] [[32mINFO [0m] [kernel::boot_progress] [CPU0] boot_progress: hint="Press F12 for a terminal"
[36794401347] [[32mINFO [0m] [kernel::boot_progress] [CPU0] boot_progress: milestone="Spawning Sprout"
[36930959472] [[32mINFO [0m] [kernel::boot_progress] [CPU0] boot_progress: milestone="Entering Scheduler"
[37185778080] [[32mINFO [0m] [kernel] [CPU0] [kernel:start] scheduler-entry total elapsed_ticks=1028319765 elapsed_us=514159
[37186632549] [[32mINFO [0m] [kernel] [CPU0] Entering scheduler loop.
[37268057442] [[32mINFO [0m] [sprout] [CPU0] SPROUT: ENTERING MAIN (arg0=6291456)
[37271706615] [[32mINFO [0m] [sprout] [CPU0] SPROUT: v0.4.1 [REBUILT] starting (Supervisor Mode)...
[37347120921] [[32mINFO [0m] [sprout::supervisor] [CPU0] SPROUT: Initializing Supervisor...
[37387714980] [[32mINFO [0m] [sprout::supervisor] [CPU0] SPROUT: Supervisor session started (FULL PIPELINE MODE)
[37397664018] [[32mINFO [0m] [sprout::supervisor] [CPU0] SPROUT: Launching serial shell...
[37399195812] [[32mINFO [0m] [sprout::pipelines] [CPU0] SPROUT: Setting up serial shell on /dev/console...
[37498709523] [[32mINFO [0m] [sprout::pipelines] [CPU0] SPROUT: Spawned serial shell '/bin/sh' (PID=6)
[37502395623] [[32mINFO [0m] [sprout::supervisor] [CPU0] SPROUT: Serial shell launched; yielding 50ms so the prompt can take the foreground
[37506782841] [[32mINFO [0m] [sh] [CPU3] SH: starting v0.1.0-debug
[1;32m
        .-.
       /   \        [1;36mTHING-OS[1;32m
      |     |       [0;36m"People, places, things."[1;32m
       \   /        
        `-'        
       /   \        v0.1  •  
      |     |       2026-04-16
       \   /
        `-'
[0m
[2m--------------------------------------------------------------[0m
[1m sprout has taken root. the system is awake.[0m

  try:
    [36mls /bin[0m       browse available shoots
    [36mps[0m            observe living processes
    [36mcat /version[0m  inspect the genome

[2m--------------------------------------------------------------[0m
[1;95mTHING[0m[1;96m-OS[0m [2;94m[[0m[1;95mBOOT[0m[2;94m][0m [1;93m/[0m [1;96m>[0m [?25h[37659563898] [[32mINFO [0m] [sprout::supervisor] [CPU0] SPROUT: Continuing supervisor startup
[37661580330] [[32mINFO [0m] [sprout::supervisor] [CPU0] SPROUT: Spawning cambium for driver discovery...
[37698761199] [[32mINFO [0m] [sprout::pipelines] [CPU0] SPROUT: Skipping early /hosts mount; mesocarp is disabled in init
[37702622694] [[32mINFO [0m] [sprout::supervisor] [CPU0] SPROUT: Starting full pipeline (graphics + input)
[37705003050] [[32mINFO [0m] [sprout::supervisor] [CPU0] SPROUT: Entering supervisor service loop (tick=100ms)
[37706865405] [[32mINFO [0m] [cambium] [CPU1] CAMBIUM: main started
[37771397235] [[32mINFO [0m] [cambium] [CPU1] CAMBIUM: starting device discovery manager (daemon mode)
[37805545701] [[32mINFO [0m] [sprout::pipelines] [CPU0] SPROUT: Spawned bristle (PID=8)
[37819055109] [[32mINFO [0m] [sprout::supervisor] [CPU0] SPROUT: Starting display pipeline setup
[37821821532] [[32mINFO [0m] [sprout::pipelines] [CPU0] SPROUT: Probing /dev/fb0 for boot framebuffer metadata
[37833164985] [[32mINFO [0m] [sprout::pipelines] [CPU0] SPROUT: /dev/fb0 ready width=1920 height=1080 stride=7680 format=2
[37839299454] [[32mINFO [0m] [sprout::pipelines] [CPU0] SPROUT: Selected display driver '/drivers/display_virtio_gpu'
[37844224605] [[32mINFO [0m] [sprout::pipelines] [CPU0] SPROUT: Creating display request port
[37860427902] [[32mINFO [0m] [sprout::pipelines] [CPU0] SPROUT: Creating display response port
[37864954677] [[32mINFO [0m] [sprout::pipelines] [CPU0] SPROUT: Creating display bootstrap memfd
[37872634437] [[32mINFO [0m] [sprout::pipelines] [CPU0] SPROUT: Mapping display bootstrap memfd
[37880857674] [[32mINFO [0m] [sprout::pipelines] [CPU0] SPROUT: Launching display driver '/drivers/display_virtio_gpu' (boot_fd=3, bind_id=322371585)
[37888883076] [[32mINFO [0m] [bristle] [CPU2] bristle: published pid 8 to /run/bristle/pid
[37912179426] [[32mINFO [0m] [bristle] [CPU2] bristle: published device handles kbd_in=1 mouse_in=3
[37933314078] [[32mINFO [0m] [bristle] [CPU2] bristle: online (kbd_tok=Some(WaitToken(2)), mouse_tok=Some(WaitToken(3)))
[37975945425] [[32mINFO [0m] [sprout::supervisor] [CPU0] SPROUT: Display pipeline initialized (backend=virtio_gpu)
[37982351154] [[32mINFO [0m] [display_virtio_gpu] [CPU3] display_virtio_gpu: starting v0.4.1 (boot_arg=3)
[38124046488] [[32mINFO [0m] [cambium::catalog] [CPU1] DEVD CATALOG: registered driver '/drivers/ahci_disk' name='ahci_disk' class=Block kind='dev.storage.Ahci' start='thingos_driver_start_safe'
[38125132749] [[32mINFO [0m] [virtio_gpu] [CPU3] virtio_gpu: caps from sysfs - common BAR2 off=0x1000, notify BAR2 off=0x3000 mult=4
[38139973278] [[32mINFO [0m] [virtio_gpu] [CPU3] virtio_gpu: device features=0x30000002 virgl=false
[38157345369] [[32mINFO [0m] [virtio_gpu] [CPU3] virtio_gpu: cursor queue (queue 1) configured
[38159093544] [[32mINFO [0m] [display_virtio_gpu] [CPU3] display_virtio_gpu: GPU initialized successfully
[38160404172] [[32mINFO [0m] [display_virtio_gpu] [CPU3] display_virtio_gpu: composition paths: gpu_opaque_copy=enabled cpu_alpha_blend=enabled
[38173901601] [[32mINFO [0m] [display_virtio_gpu] [CPU3] display_virtio_gpu: host scanout 1280x800 enabled=true (bootfb was 1920x1080)
[38308553613] [[32mINFO [0m] [cambium::catalog] [CPU1] DEVD CATALOG: registered driver '/drivers/ata_disk' name='ata_disk' class=Block kind='dev.storage.Ide' start='thingos_driver_start_safe'
[38472191175] [[32mINFO [0m] [display_virtio_gpu] [CPU3] display_virtio_gpu: cursor DMA buffer ready (16 pages at phys=0x2723000)
[38524087008] [[32mINFO [0m] [cambium::catalog] [CPU1] DEVD CATALOG: registered driver '/drivers/chime' name='chime' class=Audio kind='dev.sound.Chime' start='thingos_driver_start_safe'
[38550795426] [[32mINFO [0m] [sprout::supervisor] [CPU0] SPROUT: Mounted /dev/display/card0 successfully
[38559350742] [[32mINFO [0m] [display_virtio_gpu] [CPU3] display_virtio_gpu: Sovereign registration COMPLETE. Assigned: /dev/display/card0
[38564344995] [[32mINFO [0m] [display_virtio_gpu] [CPU3] display_virtio_gpu: VFS provider loop online
[38567505009] [[32mINFO [0m] [sprout::supervisor] [CPU0] SPROUT: Display service is ready at /dev/display/card0
[38704476261] [[32mINFO [0m] [cambium::catalog] [CPU1] DEVD CATALOG: registered driver '/drivers/display_bootfb' name='display_bootfb' class=Display kind='dev.display.Gpu' start='thingos_driver_start_safe'
[38898637536] [[32mINFO [0m] [cambium::catalog] [CPU1] DEVD CATALOG: registered driver '/drivers/display_virtio_gpu' name='display_virtio_gpu' class=Display kind='dev.display.Gpu' start='thingos_driver_start_safe'
[38991436605] [[32mINFO [0m] [sprout::supervisor] [CPU0] SPROUT: Spawned bloom (PID=10)
[39079652271] [[32mINFO [0m] [bloom] [CPU1] bloom: ENTERING MAIN
[39080792619] [[32mINFO [0m] [bloom] [CPU1] bloom: compositor service starting
[39097999875] [[32mINFO [0m] [cambium::catalog] [CPU1] DEVD CATALOG: registered driver '/drivers/hdaudio' name='hdaudio' class=Audio kind='dev.sound.Hda' start='thingos_driver_start_safe'
[39332214702] [[32mINFO [0m] [bloom] [CPU1] bloom: connected to /dev/display/card0 on try 0
[39353475117] [[32mINFO [0m] [bloom] [CPU1] bloom: output0 1280x800 @ 60000mHz
[39354661104] [[32mINFO [0m] [bloom] [CPU1] bloom: display driver does not support VBLANK
[39355466205] [[32mINFO [0m] [bloom] [CPU1] bloom: display driver supports linear dmabuf import
[39356449407] [[32mINFO [0m] [bloom] [CPU1] bloom: display driver supports GPU blit (hardware transfer/flush)
[39359713701] [[32mINFO [0m] [bloom] [CPU1] bloom: display driver supports direct scanout (zero-copy path to display)
[39360669942] [[32mINFO [0m] [bloom] [CPU1] bloom: display driver supports partial flush (damage regions)
[39361457025] [[32mINFO [0m] [bloom] [CPU1] bloom: display driver supports resource cache (pre-allocated buffer pool)
[39362151213] [[32mINFO [0m] [bloom] [CPU1] bloom: creating service port...
[39677087802] [[32mINFO [0m] [bloom::render] [CPU1] bloom: pistil background renderer loaded from /lib/libpistil.so
[39678200133] [[32mINFO [0m] [bloom::render] [CPU1] bloom: pistil font text renderer loaded with default /share/fonts/Inter-Regular.ttf
[39678974181] [[32mINFO [0m] [bloom::render] [CPU1] bloom: pistil symbol renderer loaded with /share/fonts/NotoSansSymbol2-Regular.ttf
[39689008326] [[32mINFO [0m] [bloom] [CPU1] bloom: initial theme configured Facet Frame
echo B[39893968884] [[32mINFO [0m] [cambium::catalog] [CPU1] DEVD CATALOG: registered driver '/drivers/hwrng' name='hwrng' class=Other kind='dev.rng.HwRng' start='_RNvCs7wlZbVUrQWf_5hwrng20thingos_driver_start'
DD_[40052379213] [[32mINFO [0m] [cambium::catalog] [CPU1] DEVD CATALOG: registered driver '/drivers/pci_stubd' name='pci_stubd' class=Other kind='drv.PciStubd' start='thingos_driver_start_safe'
CONSOL[40253715018] [[32mINFO [0m] [cambium::catalog] [CPU1] DEVD CATALOG: registered driver '/drivers/ps2_kbd' name='ps2_kbd' class=Input kind='drv.Ps2Keyboard' start='thingos_driver_start_safe'
E_REA[40419414981] [[32mINFO [0m] [cambium::catalog] [CPU1] DEVD CATALOG: registered driver '/drivers/ps2_mouse' name='ps2_mouse' class=Input kind='drv.Ps2Mouse' start='thingos_driver_start_safe'
DY_3[40573106442] [[32mINFO [0m] [cambium::catalog] [CPU1] DEVD CATALOG: registered driver '/drivers/rtc_cmos' name='rtc_cmos' class=Other kind='dev.rtc.Cmos' start='thingos_driver_start_safe'
0538[40730819250] [[32mINFO [0m] [cambium::catalog] [CPU1] DEVD CATALOG: registered driver '/drivers/rtl8168d' name='rtl8168d' class=Net kind='dev.net.Nic' start='thingos_driver_start_safe'
84_17[40895166774] [[32mINFO [0m] [cambium::catalog] [CPU1] DEVD CATALOG: registered driver '/drivers/virtio_netd' name='virtio_netd' class=Net kind='dev.net.Nic' start='thingos_driver_start_safe'
7766[41054531397] [[32mINFO [0m] [cambium::catalog] [CPU1] DEVD CATALOG: registered driver '/drivers/virtio_sound' name='virtio_sound' class=Audio kind='dev.sound.Virtio' start='thingos_driver_start_safe'
73303[41219767083] [[32mINFO [0m] [bloom] [CPU1] bloom: initial wallpaper configured /share/wallpapers/flower.png
276[41359845483] [[32mINFO [0m] [sprout::supervisor] [CPU0] SPROUT: Spawned wayland_hello (PID=11)
[41360896599] [[32mINFO [0m] [cambium::catalog] [CPU1] DEVD CATALOG: registered driver '/drivers/xhci' name='xhci' class=Block kind='dev.usb.Xhci' start='thingos_driver_start_safe'
2[41363556465] [[32mINFO [0m] [cambium::catalog] [CPU1] DEVD CATALOG: 15 driver(s) found
[41391992499] [[32mINFO [0m] [sprout::supervisor] [CPU0] SPROUT: Spawned clock (PID=12)
[41408656806] [[32mINFO [0m] [clock] [CPU3] clock: running at low scheduler priority tid=12
159[41482725372] [[32mINFO [0m] [rtc_cmos] [CPU2] RTC: claimed /sys/devices/isa-0070 (handle=1)
[41493624546] [[32mINFO [0m] [ps2_kbd] [CPU3] ps2_kbd: bristle pid=8
2[41504286186] [[32mINFO [0m] [rtc_cmos] [CPU2] RTC: 2026-05-01 20:28:50 = 1777667330 unix_secs
[41505416205] [[32mINFO [0m] [kernel::time] [CPU2] System clock anchored: unix_secs=1777667330, mono_ns=20752561071, offset=1777667309247438929ns
[41506336179] [[32mINFO [0m] [rtc_cmos] [CPU2] RTC: System clock anchored to 1777667330 unix_secs
[41529893559] [[32mINFO [0m] [ps2_mouse] [CPU1] ps2_mouse: bristle pid=8
[41537216820] [[32mINFO [0m] [ahci_disk] [CPU1] AHCI: Starting AHCI VFS driver

[41536674036] [[32mINFO [0m] [kernel::time] [CPU0] System clock tick: utc=2026-05-01 20:28:50.014640384 unix_secs=1777667330.014640384
[41562190824] [[32mINFO [0m] [ahci_disk] [CPU1] AHCI: Claimed device /sys/devices/pci-0000:00:1f.2
[41577165795] [[32mINFO [0m] [ahci_disk] [CPU1] AHCI: Mounted atapi2 at /dev/storage/atapi2
[41578016139] [[32mINFO [0m] [ahci_disk] [CPU1] AHCI: Provider loop online at /dev/storage/atapi2
[?25l[41603564970] [[32mINFO [0m] [bloom::render] [CPU1] bloom: cursor ready buffer=2 size=48x48 hotspot=11,6
[41613317823] [[32mINFO [0m] [bloom] [CPU1] bloom: watching wallpaper config /session/desktop/wallpaper
[41615419923] [[32mINFO [0m] [bloom] [CPU1] bloom: watching theme config /session/desktop/theme
BDD_CONSOLE_READY_3053884_1777667330327621592
[41653947324] [[32mINFO [0m] [bloom] [CPU1] bloom: Wayland server thread spawned
[41655736188] [[32mINFO [0m] [bloom::loop_types] [CPU1] bloom: service loop started
[41656635075] [[32mINFO [0m] [bloom::loop_types] [CPU1] bloom: output0 1280x800 @ 60000mHz ready
[41663706711] [[32mINFO [0m] [bloom::wayland] [CPU3] wayland-server: starting
[41684216805] [[32mINFO [0m] [bloom::wayland] [CPU3] wayland-server: listening on /run/wayland-0
[41685218190] [[32mINFO [0m] [bloom::wayland] [CPU3] wayland-server: advertising globals wl_compositor wl_shm xdg_wm_base wl_seat wl_output wl_subcompositor wl_data_device_manager zwp_linux_dmabuf_v1
[?25h[1;95mTHING[0m[1;96m-OS[0m [2;94m[[0m[1;92mOK[0m[2;94m][0m [1;93m/[0m [1;96m>[0m [?25h[41745271326] [[32mINFO [0m] [ps2_mouse] [CPU1] ps2_mouse: sample rate set to 60 Hz
[41772536421] [[32mINFO [0m] [clock] [CPU3] clock: connected to /run/wayland-0
[41837164281] [[32mINFO [0m] [wayland_hello] [CPU2] wayland_hello: connected to /run/wayland-0
[42089956293] [[32mINFO [0m] [clock] [CPU3] clock: pistil DSEG7 text renderer loaded with /share/fonts/DSEG7Classic-Regular.ttf
[42091107795] [[32mINFO [0m] [clock] [CPU3] clock: pistil generic text renderer loaded with /share/fonts/Inter-Regular.ttf
[42128471946] [[32mINFO [0m] [wayland_hello] [CPU2] wayland_hello: pistil text renderer loaded with default /share/fonts/Inter-Regular.ttf
[42355512375] [[32mINFO [0m] [display_virtio_gpu] [CPU3] display_virtio_gpu: first commit copied buffer=1 rect=1280x800 src_px=0xff0b0a10 dst_px=0xff0b0a10 damage=1280x800+0,0 res_id=1 gpu_planes=0 cpu_planes=2
[42356910552] [[32mINFO [0m] [display_virtio_gpu] [CPU3] display_virtio_gpu: cursor plane blended buffer=2 at 638,399 src_px=0x10202020 dst_before=0xff0b0a10 dst_after=0xff0c0b11
[42365845995] [[32mINFO [0m] [bloom::loop_types] [CPU1] First frame rendered
[42385349721] [[32mINFO [0m] [bloom::services::wayland_cmd] [CPU1] bloom: registered titlebar drag zone surface=1 height=28 frame=6
[42396793263] [[32mINFO [0m] [bloom::wayland::dispatch] [CPU3] wayland-server: xdg_toplevel obj=12 assigned to xdg_surface=11
[42423757893] [[32mINFO [0m] [bloom::services::input_service] [CPU1] bloom: registered bristle pointer sink
[42431657829] [[32mINFO [0m] [bristle] [CPU2] bristle: bloom sink registered (handle=5 mask=0x03)
p[42936538788] [[32mINFO [0m] [wayland_hello] [CPU2] wayland_hello: using zwp_linux_dmabuf_v1 buffers
[42938025900] [[32mINFO [0m] [wayland_hello] [CPU2] wayland_hello: bound wp_presentation
[42944998569] [[32mINFO [0m] [wayland_hello] [CPU2] wayland_hello: wl_region smoke test: create+add+set_opaque+destroy
[42991135803] [[32mINFO [0m] [bloom::services::wayland_cmd] [CPU1] bloom: registered titlebar drag zone surface=2 height=28 frame=6
[43035300363] [[32mINFO [0m] [bloom::wayland::dispatch] [CPU3] wayland-server: xdg_toplevel obj=12 assigned to xdg_surface=11
[43091676804] [[32mINFO [0m] [bloom::wayland::dispatch] [CPU3] wayland-server: imported dmabuf wl_buffer=111 480x320 format=0x34325241
rintf 'a\nb\nc\n' | cat |[44639896356] [[32mINFO [0m] [bloom::services::wayland_cmd] [CPU1] bloom: registered titlebar drag zone surface=3 height=28 frame=6
[44647305285] [[32mINFO [0m] [bloom::services::wallpaper] [CPU1] bloom: preparing background /share/wallpapers/flower.png
[44655000918] [[32mINFO [0m] [bloom::wayland::dispatch] [CPU3] wayland-server: xdg_popup obj=23 assigned to xdg_surface=21
 [44679159624] [[32mINFO [0m] [bloom::wayland::dispatch] [CPU3] wayland-server: imported dmabuf wl_buffer=121 160x96 format=0x34325241
wc -l
[?25l       3
