[2J[01;01H[=3h[2J[01;01H[2J[01;01H[8;042;160t0[2J[01;01H[2J[01;01H[8;056;240t0[2J[01;01HBdsDxe: loading Boot0002 "UEFI QEMU DVD-ROM QM00005 " from PciRoot(0x0)/Pci(0x1F,0x2)/Sata(0x2,0xFFFF,0x0)
BdsDxe: starting Boot0002 "UEFI QEMU DVD-ROM QM00005 " from PciRoot(0x0)/Pci(0x1F,0x2)/Sata(0x2,0xFFFF,0x0)
[2J[01;01H[01;01H[2J[01;01H[01;01H[33342919500] [[32mINFO [0m] [kernel::boot_progress] [CPU0] boot_progress: milestone="Framebuffer Initialized"
[33590749170] [[32mINFO [0m] [kernel::boot_progress] [CPU0] boot_progress: milestone="Memory Map OK"
[33609920454] [[32mINFO [0m] [kernel] [CPU0] Initializing global allocator...
[33640035033] [[32mINFO [0m] [kernel::boot_progress] [CPU0] boot_progress: milestone="Global Allocator"
[33670725660] [[32mINFO [0m] [kernel::boot_progress] [CPU0] boot_progress: milestone="Display Registry"
[33689597106] [[32mINFO [0m] [kernel] [CPU0] Initializing SIMD...
[33691338945] [[32mINFO [0m] [kernel::boot_progress] [CPU0] boot_progress: milestone="SIMD Ready"
[33728301585] [[33mWARN [0m] [kernel::entropy] [CPU0] ENTROPY: no hardware RNG available, using timer fallback (weak entropy)
[33729923667] [[32mINFO [0m] [kernel::boot_progress] [CPU0] boot_progress: milestone="SIMD Ready"
[33749465706] [[32mINFO [0m] [kernel] [CPU0] Initializing tasking...
[33764014383] [[32mINFO [0m] [kernel::sched] [CPU0] SCHED: 1 per-CPU scheduler(s) allocated
[33764816481] [[32mINFO [0m] [kernel::sched] [CPU0] SCHED: per-CPU preemption initialized (1 independent preemption domains, no global preemption lock)
[33799540863] [[32mINFO [0m] [kernel::sched] [CPU0] Scheduler initialized
[33800495685] [[32mINFO [0m] [kernel::boot_progress] [CPU0] boot_progress: milestone="Tasking Initialized"
[33884834049] [[32mINFO [0m] [kernel::boot_progress] [CPU0] boot_progress: milestone="VFS Root Ready"
[33963016923] [[32mINFO [0m] [kernel::boot_progress] [CPU0] boot_progress: milestone="PCI Bus Scanned"
[33983531934] [[32mINFO [0m] [kernel::boot_progress] [CPU0] boot_progress: milestone="Legacy Devices"
[34059927858] [[32mINFO [0m] [kernel::boot_progress] [CPU0] boot_progress: milestone="BSP Timer OK"
[34157154207] [[32mINFO [0m] [kernel::boot_progress] [CPU0] boot_progress: milestone="SMP Bring-up"
[34182654858] [[32mINFO [0m] [kernel::boot_progress] [CPU0] boot_progress: milestone="Boot Info OK"
[34204754628] [[32mINFO [0m] [kernel::boot_progress] [CPU0] boot_progress: milestone="Modules Scanned"
[34299606825] [[32mINFO [0m] [kernel::boot_progress] [CPU0] boot_progress: hint="Press F12 for a terminal"
[34349169393] [[32mINFO [0m] [kernel::boot_progress] [CPU0] boot_progress: milestone="Spawning Sprout"
[34475383008] [[32mINFO [0m] [kernel::boot_progress] [CPU0] boot_progress: milestone="Entering Scheduler"
[34712660367] [[32mINFO [0m] [kernel] [CPU0] [kernel:start] scheduler-entry total elapsed_ticks=892554003 elapsed_us=446277
[34713304527] [[32mINFO [0m] [kernel] [CPU0] Entering scheduler loop.
[34814752665] [[32mINFO [0m] [sprout] [CPU0] SPROUT: ENTERING MAIN (arg0=6291456)
[34817941950] [[32mINFO [0m] [sprout] [CPU0] SPROUT: v0.4.1 [REBUILT] starting (Supervisor Mode)...
[34854853143] [[32mINFO [0m] [sprout::supervisor] [CPU0] SPROUT: Initializing Supervisor...
[34891671045] [[32mINFO [0m] [sprout::supervisor] [CPU0] SPROUT: Supervisor session started (FULL PIPELINE MODE)
[34900617510] [[32mINFO [0m] [sprout::supervisor] [CPU0] SPROUT: Launching serial shell...
[34902563421] [[32mINFO [0m] [sprout::pipelines] [CPU0] SPROUT: Setting up serial shell on /dev/console...
[34998790299] [[32mINFO [0m] [sprout::pipelines] [CPU0] SPROUT: Spawned serial shell '/bin/sh' (PID=6)
[35002830621] [[32mINFO [0m] [sprout::supervisor] [CPU0] SPROUT: Serial shell launched; yielding 50ms so the prompt can take the foreground
[35008809462] [[32mINFO [0m] [sh] [CPU3] SH: starting v0.1.0-debug
[1;32m
        .-.
       /   \        [1;36mTHING-OS[1;32m
      |     |       [0;36m"People, places, things."[1;32m
       \   /        
        `-'        
       /   \        v0.1  •  
      |     |       2026-04-16
       \   /
        `-'
[0m
[2m--------------------------------------------------------------[0m
[1m sprout has taken root. the system is awake.[0m

  try:
    [36mls /bin[0m       browse available shoots
    [36mps[0m            observe living processes
    [36mcat /version[0m  inspect the genome

[2m--------------------------------------------------------------[0m
[1;95mTHING[0m[1;96m-OS[0m [2;94m[[0m[1;95mBOOT[0m[2;94m][0m [1;93m/[0m [1;96m>[0m [?25h[35202673176] [[32mINFO [0m] [sprout::supervisor] [CPU0] SPROUT: Continuing supervisor startup
[35205161343] [[32mINFO [0m] [sprout::supervisor] [CPU0] SPROUT: Spawning cambium for driver discovery...
[35239591530] [[32mINFO [0m] [sprout::pipelines] [CPU0] SPROUT: Skipping early /hosts mount; mesocarp is disabled in init
[35243150481] [[32mINFO [0m] [sprout::supervisor] [CPU0] SPROUT: Starting full pipeline (graphics + input)
[35245238886] [[32mINFO [0m] [sprout::supervisor] [CPU0] SPROUT: Entering supervisor service loop (tick=100ms)
[35246717385] [[32mINFO [0m] [cambium] [CPU1] CAMBIUM: main started
[35268942159] [[32mINFO [0m] [cambium] [CPU1] CAMBIUM: starting device discovery manager (daemon mode)
[35280093057] [[32mINFO [0m] [sprout::pipelines] [CPU0] SPROUT: Spawned bristle (PID=8)
[35283231489] [[32mINFO [0m] [sprout::supervisor] [CPU0] SPROUT: Starting display pipeline setup
[35284692399] [[32mINFO [0m] [sprout::pipelines] [CPU0] SPROUT: Probing /dev/fb0 for boot framebuffer metadata
[35292033150] [[32mINFO [0m] [sprout::pipelines] [CPU0] SPROUT: /dev/fb0 ready width=1920 height=1080 stride=7680 format=2
[35296633350] [[32mINFO [0m] [sprout::pipelines] [CPU0] SPROUT: Selected display driver '/drivers/display_virtio_gpu'
[35299166628] [[32mINFO [0m] [sprout::pipelines] [CPU0] SPROUT: Creating display request port
[35310753522] [[32mINFO [0m] [sprout::pipelines] [CPU0] SPROUT: Creating display response port
[35313815361] [[32mINFO [0m] [sprout::pipelines] [CPU0] SPROUT: Creating display bootstrap memfd
[35323694241] [[32mINFO [0m] [sprout::pipelines] [CPU0] SPROUT: Mapping display bootstrap memfd
[35329206561] [[32mINFO [0m] [sprout::pipelines] [CPU0] SPROUT: Launching display driver '/drivers/display_virtio_gpu' (boot_fd=3, bind_id=322371585)
[35337540381] [[32mINFO [0m] [bristle] [CPU2] bristle: published pid 8 to /run/bristle/pid
[35348945445] [[32mINFO [0m] [bristle] [CPU2] bristle: published device handles kbd_in=1 mouse_in=3
[35360361399] [[32mINFO [0m] [bristle] [CPU2] bristle: online (kbd_tok=Some(WaitToken(2)), mouse_tok=Some(WaitToken(3)))
[35391343317] [[32mINFO [0m] [sprout::supervisor] [CPU0] SPROUT: Display pipeline initialized (backend=virtio_gpu)
[35396994930] [[32mINFO [0m] [display_virtio_gpu] [CPU3] display_virtio_gpu: starting v0.4.1 (boot_arg=3)
[35486744370] [[32mINFO [0m] [virtio_gpu] [CPU3] virtio_gpu: caps from sysfs - common BAR2 off=0x1000, notify BAR2 off=0x3000 mult=4
[35498556720] [[32mINFO [0m] [virtio_gpu] [CPU3] virtio_gpu: device features=0x30000002 virgl=false
[35509116885] [[32mINFO [0m] [virtio_gpu] [CPU3] virtio_gpu: cursor queue (queue 1) configured
[35510122560] [[32mINFO [0m] [display_virtio_gpu] [CPU3] display_virtio_gpu: GPU initialized successfully
[35510946438] [[32mINFO [0m] [display_virtio_gpu] [CPU3] display_virtio_gpu: composition paths: gpu_opaque_copy=enabled cpu_alpha_blend=enabled
[35519865678] [[32mINFO [0m] [display_virtio_gpu] [CPU3] display_virtio_gpu: host scanout 1280x800 enabled=true (bootfb was 1920x1080)
[35552096877] [[32mINFO [0m] [cambium::catalog] [CPU1] DEVD CATALOG: registered driver '/drivers/ahci_disk' name='ahci_disk' class=Block kind='dev.storage.Ahci' start='thingos_driver_start_safe'
[35722132611] [[32mINFO [0m] [cambium::catalog] [CPU1] DEVD CATALOG: registered driver '/drivers/ata_disk' name='ata_disk' class=Block kind='dev.storage.Ide' start='thingos_driver_start_safe'
[35770822296] [[32mINFO [0m] [display_virtio_gpu] [CPU3] display_virtio_gpu: cursor DMA buffer ready (16 pages at phys=0x2723000)
[35861913252] [[32mINFO [0m] [sprout::supervisor] [CPU0] SPROUT: Mounted /dev/display/card0 successfully
[35870537769] [[32mINFO [0m] [display_virtio_gpu] [CPU3] display_virtio_gpu: Sovereign registration COMPLETE. Assigned: /dev/display/card0
[35875804041] [[32mINFO [0m] [display_virtio_gpu] [CPU3] display_virtio_gpu: VFS provider loop online
[35879255676] [[32mINFO [0m] [sprout::supervisor] [CPU0] SPROUT: Display service is ready at /dev/display/card0
[35896292124] [[32mINFO [0m] [cambium::catalog] [CPU1] DEVD CATALOG: registered driver '/drivers/chime' name='chime' class=Audio kind='dev.sound.Chime' start='thingos_driver_start_safe'
[36063390495] [[32mINFO [0m] [cambium::catalog] [CPU1] DEVD CATALOG: registered driver '/drivers/display_bootfb' name='display_bootfb' class=Display kind='dev.display.Gpu' start='thingos_driver_start_safe'
[36252485511] [[32mINFO [0m] [cambium::catalog] [CPU1] DEVD CATALOG: registered driver '/drivers/display_virtio_gpu' name='display_virtio_gpu' class=Display kind='dev.display.Gpu' start='thingos_driver_start_safe'
[36329192229] [[32mINFO [0m] [sprout::supervisor] [CPU0] SPROUT: Spawned bloom (PID=10)
[36363075309] [[32mINFO [0m] [bloom] [CPU1] bloom: ENTERING MAIN
[36364269942] [[32mINFO [0m] [bloom] [CPU1] bloom: compositor service starting
[36529135269] [[32mINFO [0m] [bloom] [CPU1] bloom: connected to /dev/display/card0 on try 0
[36551999088] [[32mINFO [0m] [bloom] [CPU1] bloom: output0 1280x800 @ 60000mHz
[36553318164] [[32mINFO [0m] [bloom] [CPU1] bloom: display driver does not support VBLANK
[36556007895] [[32mINFO [0m] [bloom] [CPU1] bloom: display driver supports linear dmabuf import
[36557298789] [[32mINFO [0m] [bloom] [CPU1] bloom: display driver supports GPU blit (hardware transfer/flush)
[36558407028] [[32mINFO [0m] [bloom] [CPU1] bloom: display driver supports direct scanout (zero-copy path to display)
[36559476690] [[32mINFO [0m] [bloom] [CPU1] bloom: display driver supports partial flush (damage regions)
[36560562258] [[32mINFO [0m] [bloom] [CPU1] bloom: display driver supports resource cache (pre-allocated buffer pool)
[36561675414] [[32mINFO [0m] [bloom] [CPU1] bloom: creating service port...
[36869881323] [[32mINFO [0m] [bloom::render] [CPU1] bloom: pistil background renderer loaded from /lib/libpistil.so
[36871128723] [[32mINFO [0m] [bloom::render] [CPU1] bloom: pistil font text renderer loaded with default /share/fonts/Inter-Regular.ttf
[36872159115] [[32mINFO [0m] [bloom::render] [CPU1] bloom: pistil symbol renderer loaded with /share/fonts/NotoSansSymbol2-Regular.ttf
[36879584313] [[32mINFO [0m] [bloom] [CPU1] bloom: initial theme configured Facet Frame
[37112702649] [[32mINFO [0m] [cambium::catalog] [CPU1] DEVD CATALOG: registered driver '/drivers/hdaudio' name='hdaudio' class=Audio kind='dev.sound.Hda' start='thingos_driver_start_safe'
[37262996166] [[32mINFO [0m] [cambium::catalog] [CPU1] DEVD CATALOG: registered driver '/drivers/hwrng' name='hwrng' class=Other kind='dev.rng.HwRng' start='_RNvCs7wlZbVUrQWf_5hwrng20thingos_driver_start'
[37425189681] [[32mINFO [0m] [cambium::catalog] [CPU1] DEVD CATALOG: registered driver '/drivers/pci_stubd' name='pci_stubd' class=Other kind='drv.PciStubd' start='thingos_driver_start_safe'
[37524534036] [[32mINFO [0m] [bloom] [CPU1] bloom: initial wallpaper configured /share/wallpapers/flower.png
[37727274156] [[32mINFO [0m] [bloom::render] [CPU1] bloom: cursor ready buffer=2 size=48x48 hotspot=11,6
[37737674403] [[32mINFO [0m] [bloom] [CPU1] bloom: watching wallpaper config /session/desktop/wallpaper
[37739631897] [[32mINFO [0m] [bloom] [CPU1] bloom: watching theme config /session/desktop/theme
[37785002508] [[32mINFO [0m] [bloom] [CPU1] bloom: Wayland server thread spawned
[37786880934] [[32mINFO [0m] [bloom::loop_types] [CPU1] bloom: service loop started
[37787738439] [[32mINFO [0m] [bloom::loop_types] [CPU1] bloom: output0 1280x800 @ 60000mHz ready
[37789366131] [[32mINFO [0m] [bloom::wayland] [CPU2] wayland-server: starting
[37800052455] [[32mINFO [0m] [cambium::catalog] [CPU1] DEVD CATALOG: registered driver '/drivers/ps2_kbd' name='ps2_kbd' class=Input kind='drv.Ps2Keyboard' start='thingos_driver_start_safe'
[37812576252] [[32mINFO [0m] [bloom::wayland] [CPU2] wayland-server: listening on /run/wayland-0
[37814166291] [[32mINFO [0m] [bloom::wayland] [CPU2] wayland-server: advertising globals wl_compositor wl_shm xdg_wm_base wl_seat wl_output wl_subcompositor wl_data_device_manager zwp_linux_dmabuf_v1
[37955196543] [[32mINFO [0m] [cambium::catalog] [CPU1] DEVD CATALOG: registered driver '/drivers/ps2_mouse' name='ps2_mouse' class=Input kind='drv.Ps2Mouse' start='thingos_driver_start_safe'
[38067378723] [[32mINFO [0m] [display_virtio_gpu] [CPU3] display_virtio_gpu: first commit copied buffer=1 rect=1280x800 src_px=0xff0b0a10 dst_px=0xff0b0a10 damage=1280x800+0,0 res_id=1 gpu_planes=0 cpu_planes=2
[38068974900] [[32mINFO [0m] [display_virtio_gpu] [CPU3] display_virtio_gpu: cursor plane blended buffer=2 at 638,399 src_px=0x10202020 dst_before=0xff0b0a10 dst_after=0xff0c0b11
[38123616597] [[32mINFO [0m] [bloom::loop_types] [CPU1] First frame rendered
[38129795022] [[32mINFO [0m] [cambium::catalog] [CPU1] DEVD CATALOG: registered driver '/drivers/rtc_cmos' name='rtc_cmos' class=Other kind='dev.rtc.Cmos' start='thingos_driver_start_safe'
[38288579604] [[32mINFO [0m] [cambium::catalog] [CPU1] DEVD CATALOG: registered driver '/drivers/rtl8168d' name='rtl8168d' class=Net kind='dev.net.Nic' start='thingos_driver_start_safe'
[38408148273] [[32mINFO [0m] [bloom::services::input_service] [CPU1] bloom: registered bristle pointer sink
[38413830543] [[32mINFO [0m] [bristle] [CPU2] bristle: bloom sink registered (handle=5 mask=0x03)
[38500733634] [[32mINFO [0m] [cambium::catalog] [CPU1] DEVD CATALOG: registered driver '/drivers/virtio_netd' name='virtio_netd' class=Net kind='dev.net.Nic' start='thingos_driver_start_safe'
[38556427041] [[32mINFO [0m] [sprout::supervisor] [CPU0] SPROUT: Spawned wayland_hello (PID=12)
[38569928166] [[32mINFO [0m] [wayland_hello] [CPU3] wayland_hello: connected to /run/wayland-0
[38582694480] [[32mINFO [0m] [sprout::supervisor] [CPU0] SPROUT: Spawned clock (PID=13)
[38600441484] [[32mINFO [0m] [clock] [CPU1] clock: running at low scheduler priority tid=13
[38603880348] [[32mINFO [0m] [clock] [CPU1] clock: connected to /run/wayland-0
echo[38886206634] [[32mINFO [0m] [wayland_hello] [CPU3] wayland_hello: pistil text renderer loaded with default /share/fonts/Inter-Regular.ttf
[38889623652] [[32mINFO [0m] [clock] [CPU1] clock: pistil DSEG7 text renderer loaded with /share/fonts/DSEG7Classic-Regular.ttf
[38890603290] [[32mINFO [0m] [clock] [CPU1] clock: pistil generic text renderer loaded with /share/fonts/Inter-Regular.ttf
 B[38918297979] [[32mINFO [0m] [wayland_hello] [CPU3] wayland_hello: using zwp_linux_dmabuf_v1 buffers
[38920349061] [[32mINFO [0m] [wayland_hello] [CPU3] wayland_hello: bound wp_presentation
[38926990344] [[32mINFO [0m] [wayland_hello] [CPU3] wayland_hello: wl_region smoke test: create+add+set_opaque+destroy
[38968525596] [[32mINFO [0m] [cambium::catalog] [CPU1] DEVD CATALOG: registered driver '/drivers/virtio_sound' name='virtio_sound' class=Audio kind='dev.sound.Virtio' start='thingos_driver_start_safe'
DD_CON[39130911930] [[32mINFO [0m] [cambium::catalog] [CPU1] DEVD CATALOG: registered driver '/drivers/xhci' name='xhci' class=Block kind='dev.usb.Xhci' start='thingos_driver_start_safe'
[39133072374] [[32mINFO [0m] [cambium::catalog] [CPU1] DEVD CATALOG: 15 driver(s) found
[39188065620] [[32mINFO [0m] [ahci_disk] [CPU2] AHCI: Starting AHCI VFS driver
SO[39221951010] [[32mINFO [0m] [ahci_disk] [CPU2] AHCI: Claimed device /sys/devices/pci-0000:00:1f.2
[39238888326] [[32mINFO [0m] [ahci_disk] [CPU2] AHCI: Mounted atapi2 at /dev/storage/atapi2
[39239762232] [[32mINFO [0m] [ahci_disk] [CPU2] AHCI: Provider loop online at /dev/storage/atapi2
[39262266318] [[32mINFO [0m] [rtc_cmos] [CPU3] RTC: claimed /sys/devices/isa-0070 (handle=2)
LE[39298518600] [[32mINFO [0m] [rtc_cmos] [CPU3] RTC: 2026-05-01 20:35:05 = 1777667705 unix_secs
[39299929911] [[32mINFO [0m] [kernel::time] [CPU3] System clock anchored: unix_secs=1777667705, mono_ns=19649810169, offset=1777667685350189831ns
[39300345513] [[32mINFO [0m] [ps2_mouse] [CPU2] ps2_mouse: bristle pid=8
[39300925818] [[32mINFO [0m] [rtc_cmos] [CPU3] RTC: System clock anchored to 1777667705 unix_secs
[39308722827] [[32mINFO [0m] [kernel::time] [CPU0] System clock tick: utc=2026-05-01 20:35:05.003818628 unix_secs=1777667705.003818628
[39310105494] [[32mINFO [0m] [ps2_kbd] [CPU1] ps2_kbd: bristle pid=8
_[39321510558] [[32mINFO [0m] [bloom::services::wayland_cmd] [CPU1] bloom: registered titlebar drag zone surface=1 height=28 frame=6
[39330675978] [[32mINFO [0m] [bloom::services::wallpaper] [CPU1] bloom: preparing background /share/wallpapers/flower.png
[39338336235] [[32mINFO [0m] [bloom::wayland::dispatch] [CPU2] wayland-server: xdg_toplevel obj=12 assigned to xdg_surface=11
[39356306682] [[32mINFO [0m] [ps2_mouse] [CPU2] ps2_mouse: sample rate set to 60 Hz
RE[39424372152] [[32mINFO [0m] [bloom::wayland::dispatch] [CPU2] wayland-server: imported dmabuf wl_buffer=111 480x320 format=0x34325241
ADY_3053884_1777667706208362202
BDD_CONSOLE_READY_3053884_1777667706208362202
[?25l[?25h[1;95mTHING[0m[1;96m-OS[0m [2;94m[[0m[1;92mOK[0m[2;94m][0m [1;93m/[0m [1;96m>[0m [?25he[42140349834] [[32mINFO [0m] [bloom::services::wayland_cmd] [CPU1] bloom: registered titlebar drag zone surface=2 height=28 frame=6
[42147967818] [[32mINFO [0m] [bloom::wayland::dispatch] [CPU2] wayland-server: xdg_toplevel obj=12 assigned to xdg_surface=11
cho /[42658357170] [[32mINFO [0m] [bloom::services::wayland_cmd] [CPU1] bloom: registered titlebar drag zone surface=3 height=28 frame=6
[42667504011] [[32mINFO [0m] [bloom::wayland::dispatch] [CPU2] wayland-server: xdg_popup obj=23 assigned to xdg_surface=21
[42695473689] [[32mINFO [0m] [bloom::wayland::dispatch] [CPU2] wayland-server: imported dmabuf wl_buffer=121 160x96 format=0x34325241
share/wallpapers/[43588540974] [[32mINFO [0m] [bloom::render] [CPU1] bloom: flat window overlays ready size=1280x800
flower.png > /session/desktop/wal[45330536031] [[32mINFO [0m] [kernel::time] [CPU0] System clock tick: utc=2026-05-01 20:35:08.015407538 unix_secs=1777667708.015407538
lpaper
[?25l[?25h[1;95mTHING[0m[1;96m-OS[0m [2;94m[[0m[1;92mOK[0m[2;94m][0m [1;93m/[0m [1;96m>[0m [?25he[45936741741] [[32mINFO [0m] [wayland_hello] [CPU3] wayland_hello: frame callback done object=1000 data=22956
[45938594856] [[32mINFO [0m] [wayland_hello] [CPU3] wayland_hello: wp_presentation_feedback.presented object=1001 tv=22.958556456 refresh_ns=16666666 seq=0
[45953658201] [[32mINFO [0m] [bloom::services::wallpaper] [CPU1] bloom: reacting to wallpaper change: /share/wallpapers/flower.png
[46674526536] [[32mINFO [0m] [wayland_hello] [CPU3] wayland_hello: frame callback done object=1002 data=23333
[46675629891] [[32mINFO [0m] [wayland_hello] [CPU3] wayland_hello: wp_presentation_feedback.presented object=1003 tv=23.335880007 refresh_ns=16666666 seq=1
[46736607621] [[32mINFO [0m] [bloom::services::wallpaper] [CPU1] bloom: reacting to wallpaper change: /share/wallpapers/flower.png
[47414356341] [[32mINFO [0m] [bloom::services::wallpaper] [CPU1] bloom: reacting to wallpaper change: /share/wallpapers/flower.png
[47421617199] [[32mINFO [0m] [bloom::services::wallpaper] [CPU1] bloom: reacting to wallpaper change: /share/wallpapers/flower.png
cho /share/wallpapers/clouds.bmp > /sessi[51350992572] [[32mINFO [0m] [kernel::time] [CPU0] System clock tick: utc=2026-05-01 20:35:11.025617609 unix_secs=1777667711.025617609
on/desktop/wallpaper
[?25l[52500087882] [[32mINFO [0m] [bloom::services::wallpaper] [CPU1] bloom: reacting to wallpaper change: /share/wallpapers/flower.png
[?25h[1;95mTHING[0m[1;96m-OS[0m [2;94m[[0m[1;92mOK[0m[2;94m][0m [1;93m/[0m [1;96m>[0m [?25h[53320882494] [[32mINFO [0m] [bloom::services::wallpaper] [CPU1] bloom: reacting to wallpaper change: /share/wallpapers/clouds.bmp
[54985172418] [[32mINFO [0m] [bloom::services::wallpaper] [CPU1] bloom: reacting to wallpaper change: /share/wallpapers/clouds.bmp
[54992677410] [[32mINFO [0m] [bloom::services::wallpaper] [CPU1] bloom: reacting to wallpaper change: /share/wallpapers/clouds.bmp
[57372221379] [