[2J[01;01H[=3h[2J[01;01H[2J[01;01H[8;042;160t0[2J[01;01H[2J[01;01H[8;056;240t0[2J[01;01HBdsDxe: loading Boot0002 "UEFI QEMU DVD-ROM QM00005 " from PciRoot(0x0)/Pci(0x1F,0x2)/Sata(0x2,0xFFFF,0x0)
BdsDxe: starting Boot0002 "UEFI QEMU DVD-ROM QM00005 " from PciRoot(0x0)/Pci(0x1F,0x2)/Sata(0x2,0xFFFF,0x0)
[2J[01;01H[01;01H[2J[01;01H[01;01H[32761311330] [[32mINFO [0m] [kernel::boot_progress] [CPU0] boot_progress: milestone="Framebuffer Initialized"
[33098332509] [[32mINFO [0m] [kernel::boot_progress] [CPU0] boot_progress: milestone="Memory Map OK"
[33123658524] [[32mINFO [0m] [kernel] [CPU0] Initializing global allocator...
[33158846721] [[32mINFO [0m] [kernel::boot_progress] [CPU0] boot_progress: milestone="Global Allocator"
[33202502157] [[32mINFO [0m] [kernel::boot_progress] [CPU0] boot_progress: milestone="Display Registry"
[33227360793] [[32mINFO [0m] [kernel] [CPU0] Initializing SIMD...
[33229256676] [[32mINFO [0m] [kernel::boot_progress] [CPU0] boot_progress: milestone="SIMD Ready"
[33271283265] [[33mWARN [0m] [kernel::entropy] [CPU0] ENTROPY: no hardware RNG available, using timer fallback (weak entropy)
[33273108693] [[32mINFO [0m] [kernel::boot_progress] [CPU0] boot_progress: milestone="SIMD Ready"
[33297588291] [[32mINFO [0m] [kernel] [CPU0] Initializing tasking...
[33311432418] [[32mINFO [0m] [kernel::sched] [CPU0] SCHED: 1 per-CPU scheduler(s) allocated
[33312223923] [[32mINFO [0m] [kernel::sched] [CPU0] SCHED: per-CPU preemption initialized (1 independent preemption domains, no global preemption lock)
[33346991403] [[32mINFO [0m] [kernel::sched] [CPU0] Scheduler initialized
[33348174255] [[32mINFO [0m] [kernel::boot_progress] [CPU0] boot_progress: milestone="Tasking Initialized"
[33437190336] [[32mINFO [0m] [kernel::boot_progress] [CPU0] boot_progress: milestone="VFS Root Ready"
[33531168363] [[32mINFO [0m] [kernel::boot_progress] [CPU0] boot_progress: milestone="PCI Bus Scanned"
[33565405104] [[32mINFO [0m] [kernel::boot_progress] [CPU0] boot_progress: milestone="Legacy Devices"
[33654750888] [[32mINFO [0m] [kernel::boot_progress] [CPU0] boot_progress: milestone="BSP Timer OK"
[33763310097] [[32mINFO [0m] [kernel::boot_progress] [CPU0] boot_progress: milestone="SMP Bring-up"
[33793757052] [[32mINFO [0m] [kernel::boot_progress] [CPU0] boot_progress: milestone="Boot Info OK"
[33821402934] [[32mINFO [0m] [kernel::boot_progress] [CPU0] boot_progress: milestone="Modules Scanned"
[33926026926] [[32mINFO [0m] [kernel::boot_progress] [CPU0] boot_progress: hint="Press F12 for a terminal"
[33990436161] [[32mINFO [0m] [kernel::boot_progress] [CPU0] boot_progress: milestone="Spawning Sprout"
[34130303328] [[32mINFO [0m] [kernel::boot_progress] [CPU0] boot_progress: milestone="Entering Scheduler"
[34386323301] [[32mINFO [0m] [kernel] [CPU0] [kernel:start] scheduler-entry total elapsed_ticks=1013612292 elapsed_us=506806
[34387327689] [[32mINFO [0m] [kernel] [CPU0] Entering scheduler loop.
[34449077025] [[32mINFO [0m] [kernel::sched] [CPU0] HEARTBEAT: mono_ns=17223092172 last_timer_ns=17219988109 cpus_online=4
[34459149582] [[32mINFO [0m] [kernel::sched] [CPU0] HEARTBEAT: cpu=0 curr=Some(5) last_switch_ns=17198974204 runq=1 ctxsw/s=1 tick/s=1 wake/s=0 ipi=0 lock_miss=0 lock_blocked=0
[34460844231] [[32mINFO [0m] [kernel::sched] [CPU0] HEARTBEAT: cpu=1 curr=Some(2) last_switch_ns=0 runq=0 ctxsw/s=0 tick/s=20 wake/s=0 ipi=0 lock_miss=0 lock_blocked=0
[34462087440] [[32mINFO [0m] [kernel::sched] [CPU0] HEARTBEAT: cpu=2 curr=Some(3) last_switch_ns=0 runq=0 ctxsw/s=0 tick/s=19 wake/s=0 ipi=0 lock_miss=0 lock_blocked=0
[34463424039] [[32mINFO [0m] [kernel::sched] [CPU0] HEARTBEAT: cpu=3 curr=Some(4) last_switch_ns=0 runq=0 ctxsw/s=0 tick/s=19 wake/s=0 ipi=0 lock_miss=0 lock_blocked=0
[34486872717] [[32mINFO [0m] [sprout] [CPU0] SPROUT: ENTERING MAIN (arg0=6291456)
[34489761438] [[32mINFO [0m] [sprout] [CPU0] SPROUT: v0.4.1 [REBUILT] starting (Supervisor Mode)...
[34525072659] [[32mINFO [0m] [sprout::supervisor] [CPU0] SPROUT: Initializing Supervisor...
[34562248809] [