=== Console Readiness ===
echo[38886206634] [INFO ] [wayland_hello] [CPU3] wayland_hello: pistil text renderer loaded with default /share/fonts/Inter-Regular.ttf
[38889623652] [INFO ] [clock] [CPU1] clock: pistil DSEG7 text renderer loaded with /share/fonts/DSEG7Classic-Regular.ttf
[38890603290] [INFO ] [clock] [CPU1] clock: pistil generic text renderer loaded with /share/fonts/Inter-Regular.ttf
 B[38918297979] [INFO ] [wayland_hello] [CPU3] wayland_hello: using zwp_linux_dmabuf_v1 buffers
[38920349061] [INFO ] [wayland_hello] [CPU3] wayland_hello: bound wp_presentation
[38926990344] [INFO ] [wayland_hello] [CPU3] wayland_hello: wl_region smoke test: create+add+set_opaque+destroy
[38968525596] [INFO ] [cambium::catalog] [CPU1] DEVD CATALOG: registered driver '/drivers/virtio_sound' name='virtio_sound' class=Audio kind='dev.sound.Virtio' start='thingos_driver_start_safe'
DD_CON[39130911930] [INFO ] [cambium::catalog] [CPU1] DEVD CATALOG: registered driver '/drivers/xhci' name='xhci' class=Block kind='dev.usb.Xhci' start='thingos_driver_start_safe'
[39133072374] [INFO ] [cambium::catalog] [CPU1] DEVD CATALOG: 15 driver(s) found
[39188065620] [INFO ] [ahci_disk] [CPU2] AHCI: Starting AHCI VFS driver
SO[39221951010] [INFO ] [ahci_disk] [CPU2] AHCI: Claimed device /sys/devices/pci-0000:00:1f.2
[39238888326] [INFO ] [ahci_disk] [CPU2] AHCI: Mounted atapi2 at /dev/storage/atapi2
[39239762232] [INFO ] [ahci_disk] [CPU2] AHCI: Provider loop online at /dev/storage/atapi2
[39262266318] [INFO ] [rtc_cmos] [CPU3] RTC: claimed /sys/devices/isa-0070 (handle=2)
LE[39298518600] [INFO ] [rtc_cmos] [CPU3] RTC: 2026-05-01 20:35:05 = 1777667705 unix_secs
[39299929911] [INFO ] [kernel::time] [CPU3] System clock anchored: unix_secs=1777667705, mono_ns=19649810169, offset=1777667685350189831ns
[39300345513] [INFO ] [ps2_mouse] [CPU2] ps2_mouse: bristle pid=8
[39300925818] [INFO ] [rtc_cmos] [CPU3] RTC: System clock anchored to 1777667705 unix_secs
[39308722827] [INFO ] [kernel::time] [CPU0] System clock tick: utc=2026-05-01 20:35:05.003818628 unix_secs=1777667705.003818628
[39310105494] [INFO ] [ps2_kbd] [CPU1] ps2_kbd: bristle pid=8
_[39321510558] [INFO ] [bloom::services::wayland_cmd] [CPU1] bloom: registered titlebar drag zone surface=1 height=28 frame=6
[39330675978] [INFO ] [bloom::services::wallpaper] [CPU1] bloom: preparing background /share/wallpapers/flower.png
[39338336235] [INFO ] [bloom::wayland::dispatch] [CPU2] wayland-server: xdg_toplevel obj=12 assigned to xdg_surface=11
[39356306682] [INFO ] [ps2_mouse] [CPU2] ps2_mouse: sample rate set to 60 Hz
RE[39424372152] [INFO ] [bloom::wayland::dispatch] [CPU2] wayland-server: imported dmabuf wl_buffer=111 480x320 format=0x34325241
ADY_3053884_1777667706208362202
BDD_CONSOLE_READY_3053884_1777667706208362202
THING-OS [OK] / > 
=== End Console Readiness ===

=== Serial Log (since step start) ===
[32mINFO [0m] [bloom::loop_types] [CPU1] First frame rendered
[38129795022] [[32mINFO [0m] [cambium::catalog] [CPU1] DEVD CATALOG: registered driver '/drivers/rtc_cmos' name='rtc_cmos' class=Other kind='dev.rtc.Cmos' start='thingos_driver_start_safe'
[38288579604] [[32mINFO [0m] [cambium::catalog] [CPU1] DEVD CATALOG: registered driver '/drivers/rtl8168d' name='rtl8168d' class=Net kind='dev.net.Nic' start='thingos_driver_start_safe'
[38408148273] [[32mINFO [0m] [bloom::services::input_service] [CPU1] bloom: registered bristle pointer sink
[38413830543] [[32mINFO [0m] [bristle] [CPU2] bristle: bloom sink registered (handle=5 mask=0x03)
[38500733634] [[32mINFO [0m] [cambium::catalog] [CPU1] DEVD CATALOG: registered driver '/drivers/virtio_netd' name='virtio_netd' class=Net kind='dev.net.Nic' start='thingos_driver_start_safe'
[38556427041] [[32mINFO [0m] [sprout::supervisor] [CPU0] SPROUT: Spawned wayland_hello (PID=12)
[38569928166] [[32mINFO [0m] [wayland_hello] [CPU3] wayland_hello: connected to /run/wayland-0
[38582694480] [[32mINFO [0m] [sprout::supervisor] [CPU0] SPROUT: Spawned clock (PID=13)
[38600441484] [[32mINFO [0m] [clock] [CPU1] clock: running at low scheduler priority tid=13
[38603880348] [[32mINFO [0m] [clock] [CPU1] clock: connected to /run/wayland-0
echo[38886206634] [[32mINFO [0m] [wayland_hello] [CPU3] wayland_hello: pistil text renderer loaded with default /share/fonts/Inter-Regular.ttf
[38889623652] [[32mINFO [0m] [clock] [CPU1] clock: pistil DSEG7 text renderer loaded with /share/fonts/DSEG7Classic-Regular.ttf
[38890603290] [[32mINFO [0m] [clock] [CPU1] clock: pistil generic text renderer loaded with /share/fonts/Inter-Regular.ttf
 B[38918297979] [[32mINFO [0m] [wayland_hello] [CPU3] wayland_hello: using zwp_linux_dmabuf_v1 buffers
[38920349061] [[32mINFO [0m] [wayland_hello] [CPU3] wayland_hello: bound wp_presentation
[38926990344] [[32mINFO [0m] [wayland_hello] [CPU3] wayland_hello: wl_region smoke test: create+add+set_opaque+destroy
[38968525596] [[32mINFO [0m] [cambium::catalog] [CPU1] DEVD CATALOG: registered driver '/drivers/virtio_sound' name='virtio_sound' class=Audio kind='dev.sound.Virtio' start='thingos_driver_start_safe'
DD_CON[39130911930] [[32mINFO [0m] [cambium::catalog] [CPU1] DEVD CATALOG: registered driver '/drivers/xhci' name='xhci' class=Block kind='dev.usb.Xhci' start='thingos_driver_start_safe'
[39133072374] [[32mINFO [0m] [cambium::catalog] [CPU1] DEVD CATALOG: 15 driver(s) found
[39188065620] [[32mINFO [0m] [ahci_disk] [CPU2] AHCI: Starting AHCI VFS driver
SO[39221951010] [[32mINFO [0m] [ahci_disk] [CPU2] AHCI: Claimed device /sys/devices/pci-0000:00:1f.2
[39238888326] [[32mINFO [0m] [ahci_disk] [CPU2] AHCI: Mounted atapi2 at /dev/storage/atapi2
[39239762232] [[32mINFO [0m] [ahci_disk] [CPU2] AHCI: Provider loop online at /dev/storage/atapi2
[39262266318] [[32mINFO [0m] [rtc_cmos] [CPU3] RTC: claimed /sys/devices/isa-0070 (handle=2)
LE[39298518600] [[32mINFO [0m] [rtc_cmos] [CPU3] RTC: 2026-05-01 20:35:05 = 1777667705 unix_secs
[39299929911] [[32mINFO [0m] [kernel::time] [CPU3] System clock anchored: unix_secs=1777667705, mono_ns=19649810169, offset=1777667685350189831ns
[39300345513] [[32mINFO [0m] [ps2_mouse] [CPU2] ps2_mouse: bristle pid=8
[39300925818] [[32mINFO [0m] [rtc_cmos] [CPU3] RTC: System clock anchored to 1777667705 unix_secs
[39308722827] [[32mINFO [0m] [kernel::time] [CPU0] System clock tick: utc=2026-05-01 20:35:05.003818628 unix_secs=1777667705.003818628
[39310105494] [[32mINFO [0m] [ps2_kbd] [CPU1] ps2_kbd: bristle pid=8
_[39321510558] [[32mINFO [0m] [bloom::services::wayland_cmd] [CPU1] bloom: registered titlebar drag zone surface=1 height=28 frame=6
[39330675978] [[32mINFO [0m] [bloom::services::wallpaper] [CPU1] bloom: preparing background /share/wallpapers/flower.png
[39338336235] [[32mINFO [0m] [bloom::wayland::dispatch] [CPU2] wayland-server: xdg_toplevel obj=12 assigned to xdg_surface=11
[39356306682] [[32mINFO [0m] [ps2_mouse] [CPU2] ps2_mouse: sample rate set to 60 Hz
RE[39424372152] [[32mINFO [0m] [bloom::wayland::dispatch] [CPU2] wayland-server: imported dmabuf wl_buffer=111 480x320 format=0x34325241
ADY_3053884_1777667706208362202
BDD_CONSOLE_READY_3
=== End Serial Log ===
