=== Command Output ===
1  hello
=== End Command Output ===

=== Serial Log (since step start) ===
[32mINFO [0m] [ps2_kbd] [CPU2] ps2_kbd: bristle pid=8
[39844081431] [[32mINFO [0m] [ahci_disk] [CPU3] AHCI: Starting AHCI VFS driver
[39897503151] [[32mINFO [0m] [ps2_mouse] [CPU3] ps2_mouse: bristle pid=8
[39902609637] [[32mINFO [0m] [rtc_cmos] [CPU1] RTC: claimed /sys/devices/isa-0070 (handle=1)
[39905500074] [[32mINFO [0m] [ahci_disk] [CPU3] AHCI: Claimed device /sys/devices/pci-0000:00:1f.2
[39922780557] [[32mINFO [0m] [ahci_disk] [CPU3] AHCI: Mounted atapi2 at /dev/storage/atapi2
[39923794449] [[32mINFO [0m] [ahci_disk] [CPU3] AHCI: Provider loop online at /dev/storage/atapi2
[39926554338] [[32mINFO [0m] [rtc_cmos] [CPU1] RTC: 2026-05-01 20:29:22 = 1777667362 unix_secs
[39927704487] [[32mINFO [0m] [kernel::time] [CPU1] System clock anchored: unix_secs=1777667362, mono_ns=19963689355, offset=1777667342036310645ns
[39928647957] [[32mINFO [0m] [rtc_cmos] [CPU1] RTC: System clock anchored to 1777667362 unix_secs
[39946095849] [[32mINFO [0m] [kernel::time] [CPU0] System clock tick: utc=2026-05-01 20:29:22.008052809 unix_secs=1777667362.008052809
[39948683973] [[32mINFO [0m] [bloom::services::wallpaper] [CPU1] bloom: preparing background /share/wallpapers/flower.png
ec[41151661716] [[32mINFO [0m] [ps2_kbd] [CPU2] ps2_kbd: read scancode 0x47
[41154748074] [[32mINFO [0m] [ps2_kbd] [CPU2] ps2_kbd: edge detected: Down { key: Unknown, mods: Mods(0), repeat: false }
[41157656364] [[32mINFO [0m] [ps2_kbd] [CPU2] ps2_kbd: sent Unknown to bristle (pid=8)
[41162927949] [[32mINFO [0m] [bristle] [CPU2] bristle: KeyDown received: Unknown
ho hello | cat -n

=== End Serial Log ===
