=== Console Readiness ===
e[38148423324] [INFO ] [bloom::render] [CPU1] bloom: pistil background renderer loaded from /lib/libpistil.so
[38149446720] [INFO ] [bloom::render] [CPU1] bloom: pistil font text renderer loaded with default /share/fonts/Inter-Regular.ttf
[38150126322] [INFO ] [bloom::render] [CPU1] bloom: pistil symbol renderer loaded with /share/fonts/NotoSansSymbol2-Regular.ttf
[38159955537] [INFO ] [bloom] [CPU1] bloom: initial theme configured Facet Frame
cho BD[38383465659] [INFO ] [cambium::catalog] [CPU1] DEVD CATALOG: registered driver '/drivers/pci_stubd' name='pci_stubd' class=Other kind='drv.PciStubd' start='thingos_driver_start_safe'
D_CON[38547044349] [INFO ] [cambium::catalog] [CPU1] DEVD CATALOG: registered driver '/drivers/ps2_kbd' name='ps2_kbd' class=Input kind='drv.Ps2Keyboard' start='thingos_driver_start_safe'
SOLE[38712239841] [INFO ] [cambium::catalog] [CPU1] DEVD CATALOG: registered driver '/drivers/ps2_mouse' name='ps2_mouse' class=Input kind='drv.Ps2Mouse' start='thingos_driver_start_safe'
_READ[38861005491] [INFO ] [cambium::catalog] [CPU1] DEVD CATALOG: registered driver '/drivers/rtc_cmos' name='rtc_cmos' class=Other kind='dev.rtc.Cmos' start='thingos_driver_start_safe'
Y_30[39012035799] [INFO ] [cambium::catalog] [CPU1] DEVD CATALOG: registered driver '/drivers/rtl8168d' name='rtl8168d' class=Net kind='dev.net.Nic' start='thingos_driver_start_safe'
53[39107090253] [INFO ] [bloom] [CPU1] bloom: initial wallpaper configured /share/wallpapers/flower.png
884[39241261851] [INFO ] [cambium::catalog] [CPU1] DEVD CATALOG: registered driver '/drivers/virtio_netd' name='virtio_netd' class=Net kind='dev.net.Nic' start='thingos_driver_start_safe'
_1777[39398934564] [INFO ] [cambium::catalog] [CPU1] DEVD CATALOG: registered driver '/drivers/virtio_sound' name='virtio_sound' class=Audio kind='dev.sound.Virtio' start='thingos_driver_start_safe'
66737[39566305878] [INFO ] [bloom::render] [CPU1] bloom: cursor ready buffer=2 size=48x48 hotspot=11,6
[39575845914] [INFO ] [bloom] [CPU1] bloom: watching wallpaper config /session/desktop/wallpaper
[39578060808] [INFO ] [bloom] [CPU1] bloom: watching theme config /session/desktop/theme
[39620380305] [INFO ] [sprout::supervisor] [CPU0] SPROUT: Spawned wayland_hello (PID=11)
[39626055117] [INFO ] [bloom] [CPU1] bloom: Wayland server thread spawned
[39627857742] [INFO ] [bloom::loop_types] [CPU1] bloom: service loop started
[39628599087] [INFO ] [bloom::wayland] [CPU3] wayland-server: starting
[39628727787] [INFO ] [bloom::loop_types] [CPU1] bloom: output0 1280x800 @ 60000mHz ready
69[39649613520] [INFO ] [sprout::supervisor] [CPU0] SPROUT: Spawned clock (PID=13)
[39650460762] [INFO ] [bloom::wayland] [CPU3] wayland-server: listening on /run/wayland-0
[39651366018] [INFO ] [bloom::wayland] [CPU3] wayland-server: advertising globals wl_compositor wl_shm xdg_wm_base wl_seat wl_output wl_subcompositor wl_data_device_manager zwp_linux_dmabuf_v1
28[39708501096] [INFO ] [cambium::catalog] [CPU1] DEVD CATALOG: registered driver '/drivers/xhci' name='xhci' class=Block kind='dev.usb.Xhci' start='thingos_driver_start_safe'
[39710271117] [INFO ] [cambium::catalog] [CPU1] DEVD CATALOG: 15 driver(s) found
[39737747412] [INFO ] [clock] [CPU1] clock: running at low scheduler priority tid=13
[39744370842] [INFO ] [clock] [CPU1] clock: connected to /run/wayland-0
6[39780472710] [INFO ] [wayland_hello] [CPU2] wayland_hello: connected to /run/wayland-0
05153
[40044568971] [INFO ] [clock] [CPU1] clock: pistil DSEG7 text renderer loaded with /share/fonts/DSEG7Classic-Regular.ttf
[40045669257] [INFO ] [clock] [CPU1] clock: pistil generic text renderer loaded with /share/fonts/Inter-Regular.ttf
BDD_CONSOLE_READY_3053884_1777667376928605153
[40091020002] [INFO ] [ahci_disk] [CPU3] AHCI: Starting AHCI VFS driver
[40117555698] [INFO ] [wayland_hello] [CPU2] wayland_hello: pistil text renderer loaded with default /share/fonts/Inter-Regular.ttf
[40170270954] [INFO ] [ahci_disk] [CPU3] AHCI: Claimed device /sys/devices/pci-0000:00:1f.2
[40172487333] [INFO ] [rtc_cmos] [CPU1] RTC: claimed /sys/devices/isa-0070 (handle=2)
[40186371687] [INFO ] [ahci_disk] [CPU3] AHCI: Mounted atapi2 at /dev/storage/atapi2
[40187480553] [INFO ] [ahci_disk] [CPU3] AHCI: Provider loop online at /dev/storage/atapi2
[40193443818] [INFO ] [rtc_cmos] [CPU1] RTC: 2026-05-01 20:29:36 = 1777667376 unix_secs
[40194670032] [INFO ] [kernel::time] [CPU1] System clock anchored: unix_secs=1777667376, mono_ns=20097147312, offset=1777667355902852688ns
[40195713162] [INFO ] [rtc_cmos] [CPU1] RTC: System clock anchored to 1777667376 unix_secs
[40201245843] [INFO ] [kernel::time] [CPU0] System clock tick: utc=2026-05-01 20:29:36.002676366 unix_secs=1777667376.002676366
THING-OS [OK] / > [40249866459] [INFO ] [ps2_kbd] [CPU2] ps2_kbd: bristle pid=8
[40291327428] [INFO ] [ps2_mouse] [CPU3] ps2_mouse: bristle pid=8

=== End Console Readiness ===

=== Serial Log (since step start) ===
[32mINFO [0m] [cambium::catalog] [CPU1] DEVD CATALOG: registered driver '/drivers/display_virtio_gpu' name='display_virtio_gpu' class=Display kind='dev.display.Gpu' start='thingos_driver_start_safe'
[37253766660] [[32mINFO [0m] [sprout::supervisor] [CPU0] SPROUT: Spawned bloom (PID=10)
[37343225271] [[32mINFO [0m] [bloom] [CPU1] bloom: ENTERING MAIN
[37344449373] [[32mINFO [0m] [bloom] [CPU1] bloom: compositor service starting
[37493861262] [[32mINFO [0m] [cambium::catalog] [CPU1] DEVD CATALOG: registered driver '/drivers/hdaudio' name='hdaudio' class=Audio kind='dev.sound.Hda' start='thingos_driver_start_safe'
[37580911434] [[32mINFO [0m] [bloom] [CPU1] bloom: connected to /dev/display/card0 on try 0
[37603944114] [[32mINFO [0m] [bloom] [CPU1] bloom: output0 1280x800 @ 60000mHz
[37605113106] [[32mINFO [0m] [bloom] [CPU1] bloom: display driver does not support VBLANK
[37606077564] [[32mINFO [0m] [bloom] [CPU1] bloom: display driver supports linear dmabuf import
[37608043176] [[32mINFO [0m] [bloom] [CPU1] bloom: display driver supports GPU blit (hardware transfer/flush)
[37608910383] [[32mINFO [0m] [bloom] [CPU1] bloom: display driver supports direct scanout (zero-copy path to display)
[37609702911] [[32mINFO [0m] [bloom] [CPU1] bloom: display driver supports partial flush (damage regions)
[37610354067] [[32mINFO [0m] [bloom] [CPU1] bloom: display driver supports resource cache (pre-allocated buffer pool)
[37611042282] [[32mINFO [0m] [bloom] [CPU1] bloom: creating service port...
[37980851535] [[32mINFO [0m] [cambium::catalog] [CPU1] DEVD CATALOG: registered driver '/drivers/hwrng' name='hwrng' class=Other kind='dev.rng.HwRng' start='_RNvCs7wlZbVUrQWf_5hwrng20thingos_driver_start'
e[38148423324] [[32mINFO [0m] [bloom::render] [CPU1] bloom: pistil background renderer loaded from /lib/libpistil.so
[38149446720] [[32mINFO [0m] [bloom::render] [CPU1] bloom: pistil font text renderer loaded with default /share/fonts/Inter-Regular.ttf
[38150126322] [[32mINFO [0m] [bloom::render] [CPU1] bloom: pistil symbol renderer loaded with /share/fonts/NotoSansSymbol2-Regular.ttf
[38159955537] [[32mINFO [0m] [bloom] [CPU1] bloom: initial theme configured Facet Frame
cho BD[38383465659] [[32mINFO [0m] [cambium::catalog] [CPU1] DEVD CATALOG: registered driver '/drivers/pci_stubd' name='pci_stubd' class=Other kind='drv.PciStubd' start='thingos_driver_start_safe'
D_CON[38547044349] [[32mINFO [0m] [cambium::catalog] [CPU1] DEVD CATALOG: registered driver '/drivers/ps2_kbd' name='ps2_kbd' class=Input kind='drv.Ps2Keyboard' start='thingos_driver_start_safe'
SOLE[38712239841] [[32mINFO [0m] [cambium::catalog] [CPU1] DEVD CATALOG: registered driver '/drivers/ps2_mouse' name='ps2_mouse' class=Input kind='drv.Ps2Mouse' start='thingos_driver_start_safe'
_READ[38861005491] [[32mINFO [0m] [cambium::catalog] [CPU1] DEVD CATALOG: registered driver '/drivers/rtc_cmos' name='rtc_cmos' class=Other kind='dev.rtc.Cmos' start='thingos_driver_start_safe'
Y_30[39012035799] [[32mINFO [0m] [cambium::catalog] [CPU1] DEVD CATALOG: registered driver '/drivers/rtl8168d' name='rtl8168d' class=Net kind='dev.net.Nic' start='thingos_driver_start_safe'
53[39107090253] [[32mINFO [0m] [bloom] [CPU1] bloom: initial wallpaper configured /share/wallpapers/flower.png
884[39241261851] [[32mINFO [0m] [cambium::catalog] [CPU1] DEVD CATALOG: registered driver '/drivers/virtio_netd' name='virtio_netd' class=Net kind='dev.net.Nic' start='thingos_driver_start_safe'
_1777[39398934564] [[32mINFO [0m] [cambium::catalog] [CPU1] DEVD CATALOG: registered driver '/drivers/virtio_sound' name='virtio_sound' class=Audio kind='dev.sound.Virtio' start='thingos_driver_start_safe'
66737[39566305878] [[32mINFO [0m] [bloom::render] [CPU1] bloom: cursor ready buffer=2 size=48x48 hotspot=11,6
[39575845914] [[32mINFO [0m] [bloom] [CPU1] bloom: watching wallpaper config /session/desktop/wallpaper
[39578060808] [[32mINFO [0m] [bloom] [CPU1] bloom: watching theme config /session/desktop/theme
[39620380305] [[32mINFO [0m] [sprout::supervisor] [CPU0] SPROUT: Spawned wayland_hello (PID=11)
[39626055117] [[32mINFO [0m] [bloom] [CPU1] bloom: Wayland server thread spawned
[39627857742] [[32mINFO [0m] [bloom::loop_types] [CPU1] bloom: service loop started
[39628599087] [[32mINFO [0m] [bloom::wayland] [CPU3] wayland-server: starting
[39628727787] [[32mINFO [0m] [bloom::loop_types] [CPU1] bloom: output0 1280x800 @ 60000mHz ready
69[39649613520] [[32mINFO [0m] [sprout::supervisor] [CPU0] SPROUT: Spawned clock (PID=13)
[39650460762] [[32mINFO [0m] [bloom::wayland] [CPU3] wayland-server: listening on /run/wayland-0
[39651366018] [[32mINFO [0m] [bloom::wayland] [CPU3] wayland-server: advertising globals wl_compositor wl_shm xdg_wm_base wl_seat wl_output wl_subcompositor wl_data_device_manager zwp_linux_dmabuf_v1
28[39708501096] [[32mINFO [0m] [cambium::catalog] [CPU1] DEVD CATALOG: registered driver '/drivers/xhci' name='xhci' class=Block kind='dev.usb.Xhci' start='thingos_driver_start_safe'
[39710271117] [[32mINFO [0m] [cambium::catalog] [CPU1] DEVD CATALOG: 15 driver(s) found
[39737747412] [[32mINFO [0m] [clock] [CPU1] clock: running at low scheduler priority tid=13
[39744370842] [[32mINFO [0m] [clock] [CPU1] clock: connected to /run/wayland-0
6[39780472710] [[32mINFO [0m] [wayland_hello] [CPU2] wayland_hello: connected to /run/wayland-0
05153
[?25l[40044568971] [[32mINFO [0m] [clock] [CPU1] clock: pistil DSEG7 text renderer loaded with /share/fonts/DSEG7Classic-Regular.ttf
[40045669257] [[32mINFO [0m] [clock] [CPU1] clock: pistil generic text renderer loaded with /share/fonts/Inter-Regular.ttf
BDD_CONSOLE_READY_3053884_1777667376928605153
[40091020002] [[32mINFO [0m] [ahci_disk] [CPU3] AHCI: Starting AHCI VFS driver
[40117555698] [[32mINFO [0m] [wayland_hello] [CPU2] wayland_hello: pistil text renderer loaded with default /share/fonts/Inter-Regular.ttf
[40170270954] [[32mINFO [0m] [ahci_disk] [CPU3] AHCI: Claimed device /sys/devices/pci-0000:00:1f.2
[40172487333] [[32mINFO [0m] [rtc_cmos] [CPU1] RTC: claimed /sys/devices/isa-0070 (handle=2)
[40186371687] [[32mINFO [0m] [ahci_disk] [CPU3] AHCI: Mounted atapi2 at /dev/storage/atapi2
[40187480553] [[32mINFO [0m] [ahci_disk] [CPU3] AHCI: Provider loop online at /dev/storage/atapi2
[40193443818] [[32mINFO [0m] [rtc_cmos] [CPU1] RTC: 2026-05-01 20:29:36 = 1777667376 unix_secs
[40194670032] [[32mINFO [0m] [kernel::time] [CPU1] System clock anchored: unix_secs=1777667376, mono_ns=20097147312, offset=1777667355902852688ns
[40195713162] [[32mINFO [0m] [rtc_cmos] [CPU1] RTC: System clock anchored to 1777667376 unix_secs
[40201245843] [[32mINFO [0m] [kernel::time] [CPU0] System clock tick: utc=2026-05-01 20:29:36.002676366 unix_secs=1777667376.002676366
[?25h[1;95mTHING[0m[1;96m-OS[0m [2;94m[[0m[1;92mOK[0m[2;94m][0m [1;93m/[0m [1;96m>[0m [?25h[40249866459] [[32mINFO [0m] [ps2_kbd] [CPU2] ps2_kbd: bristle pid=8
[40291327428] [[32mINFO [0m] [ps2_mouse] [CPU3] ps2_mouse: bristle pid=8
[40463698275] [[32mINFO [0m] [display_virtio_gpu] [CPU3] display_virtio_gpu: first commit copied buffer=1 rect=1280x800 src_px=0xff0b0a10 dst_px=0xff0b0a10 damage=1280x800+0,0 res_id=1 gpu_planes=0 cpu_planes=2
[40465706523] [[32mINFO [0m] [display_virtio_gpu] [CPU3] display_virtio_gpu: cursor plane blended buffer=2 at 638,399 src_px=0x10202020 dst_before=0xff0b0a10 dst_after=0xff0c0b11
[40494503478] [[32mINFO [0m] [bloom::loop_types] [CPU1] First frame rendered
[40530580662] [[32mINFO [0m] [bloom::services::wayland_cmd] [CPU1] bloom: registered titlebar drag zone surface=1 height=28 frame=6
[40538953191] [[32mINFO [0m] [bloom::services::input_service] [CPU1] bloom: registered bristle pointer sink
[40546134585] [[32mINFO [0m] [bristle] [CPU2] bristle: bloom sink registered (handle=5 mask=0x03)
[40547244804] [[32mINFO [0m] [bloom::wayland::dispatch] [CPU3] wayland-server: xdg_toplevel obj=12 assigned to xdg_surface=11
[40592991252] [[32mINFO [0m] [ps2_mouse] [CPU3] ps2_mouse: sample rate set to 60 Hz
[40918130352] [
=== End Serial Log ===
