[32mINFO [0m] [cambium::catalog] [CPU1] DEVD CATALOG: registered driver '/drivers/display_virtio_gpu' name='display_virtio_gpu' class=Display kind='dev.display.Gpu' start='thingos_driver_start_safe'
[36490903482] [[32mINFO [0m] [sprout::supervisor] [CPU0] SPROUT: Spawned bloom (PID=10)
[36583074693] [[32mINFO [0m] [bloom] [CPU1] bloom: ENTERING MAIN
[36584215932] [[32mINFO [0m] [bloom] [CPU1] bloom: compositor service starting
[36782205966] [[32mINFO [0m] [cambium::catalog] [CPU1] DEVD CATALOG: registered driver '/drivers/hdaudio' name='hdaudio' class=Audio kind='dev.sound.Hda' start='thingos_driver_start_safe'
[36943189965] [[32mINFO [0m] [bloom] [CPU1] bloom: connected to /dev/display/card0 on try 0
[36966359826] [[32mINFO [0m] [bloom] [CPU1] bloom: output0 1280x800 @ 60000mHz
[36967442787] [[32mINFO [0m] [bloom] [CPU1] bloom: display driver does not support VBLANK
[36968278116] [[32mINFO [0m] [bloom] [CPU1] bloom: display driver supports linear dmabuf import
[36969038799] [[32mINFO [0m] [bloom] [CPU1] bloom: display driver supports GPU blit (hardware transfer/flush)
[36969723153] [[32mINFO [0m] [bloom] [CPU1] bloom: display driver supports direct scanout (zero-copy path to display)
[36970631379] [[32mINFO [0m] [bloom] [CPU1] bloom: display driver supports partial flush (damage regions)
[36971466411] [[32mINFO [0m] [bloom] [CPU1] bloom: display driver supports resource cache (pre-allocated buffer pool)
[36972144924] [[32mINFO [0m] [bloom] [CPU1] bloom: creating service port...
[37282024263] [[32mINFO [0m] [bloom::render] [CPU1] bloom: pistil background renderer loaded from /lib/libpistil.so
[37283233284] [[32mINFO [0m] [bloom::render] [CPU1] bloom: pistil font text renderer loaded with default /share/fonts/Inter-Regular.ttf
[37284109005] [[32mINFO [0m] [bloom::render] [CPU1] bloom: pistil symbol renderer loaded with /share/fonts/NotoSansSymbol2-Regular.ttf
[37295955180] [[32mINFO [0m] [bloom] [CPU1] bloom: initial theme configured Facet Frame
[37501287087] [[32mINFO [0m] [cambium::catalog] [CPU1] DEVD CATALOG: registered driver '/drivers/hwrng' name='hwrng' class=Other kind='dev.rng.HwRng' start='_RNvCs7wlZbVUrQWf_5hwrng20thingos_driver_start'
[37657184928] [[32mINFO [0m] [cambium::catalog] [CPU1] DEVD CATALOG: registered driver '/drivers/pci_stubd' name='pci_stubd' class=Other kind='drv.PciStubd' start='thingos_driver_start_safe'
[37855846083] [[32mINFO [0m] [cambium::catalog] [CPU1] DEVD CATALOG: registered driver '/drivers/ps2_kbd' name='ps2_kbd' class=Input kind='drv.Ps2Keyboard' start='thingos_driver_start_safe'
[37955896935] [[32mINFO [0m] [bloom] [CPU1] bloom: initial wallpaper configured /share/wallpapers/flower.png
[38171676972] [[32mINFO [0m] [bloom::render] [CPU1] bloom: cursor ready buffer=2 size=48x48 hotspot=11,6
[38183756061] [[32mINFO [0m] [bloom] [CPU1] bloom: watching wallpaper config /session/desktop/wallpaper
[38190102621] [[32mINFO [0m] [cambium::catalog] [CPU1] DEVD CATALOG: registered driver '/drivers/ps2_mouse' name='ps2_mouse' class=Input kind='drv.Ps2Mouse' start='thingos_driver_start_safe'
[38342523747] [[32mINFO [0m] [cambium::catalog] [CPU1] DEVD CATALOG: registered driver '/drivers/rtc_cmos' name='rtc_cmos' class=Other kind='dev.rtc.Cmos' start='thingos_driver_start_safe'
[38497797855] [[32mINFO [0m] [bloom] [CPU1] bloom: watching theme config /session/desktop/theme
[38536230414] [[32mINFO [0m] [sprout::supervisor] [CPU0] SPROUT: Spawned wayland_hello (PID=11)
[38546008512] [[32mINFO [0m] [bloom] [CPU1] bloom: Wayland server thread spawned
[38547711741] [[32mINFO [0m] [bloom::loop_types] [CPU1] bloom: service loop started
[38548560336] [[32mINFO [0m] [bloom::loop_types] [CPU1] bloom: output0 1280x800 @ 60000mHz ready
[38550087642] [[32mINFO [0m] [bloom::wayland] [CPU3] wayland-server: starting
[38558321637] [[32mINFO [0m] [cambium::catalog] [CPU1] DEVD CATALOG: registered driver '/drivers/rtl8168d' name='rtl8168d' class=Net kind='dev.net.Nic' start='thingos_driver_start_safe'
[38580362931] [[32mINFO [0m] [sprout::supervisor] [CPU0] SPROUT: Spawned clock (PID=13)
[38584020222] [[32mINFO [0m] [bloom::wayland] [CPU3] wayland-server: listening on /run/wayland-0
[38585085759] [[32mINFO [0m] [bloom::wayland] [CPU3] wayland-server: advertising globals wl_compositor wl_shm xdg_wm_base wl_seat wl_output wl_subcompositor wl_data_device_manager zwp_linux_dmabuf_v1
[38661955761] [[32mINFO [0m] [clock] [CPU1] clock: running at low scheduler priority tid=13
[38670463491] [[32mINFO [0m] [clock] [CPU1] clock: connected to /run/wayland-0
[38701654035] [[32mINFO [0m] [wayland_hello] [CPU2] wayland_hello: connected to /run/wayland-0
[38974364319] [[32mINFO [0m] [clock] [CPU1] clock: pistil DSEG7 text renderer loaded with /share/fonts/DSEG7Classic-Regular.ttf
[38975461503] [[32mINFO [0m] [clock] [CPU1] clock: pistil generic text renderer loaded with /share/fonts/Inter-Regular.ttf
[39029308956] [[32mINFO [0m] [wayland_hello] [CPU2] wayland_hello: pistil text renderer loaded with default /share/fonts/Inter-Regular.ttf
[39062723502] [[32mINFO [0m] [cambium::catalog] [CPU1] DEVD CATALOG: registered driver '/drivers/virtio_netd' name='virtio_netd' class=Net kind='dev.net.Nic' start='thingos_driver_start_safe'
[39245481891] [[32mINFO [0m] [cambium::catalog] [CPU1] DEVD CATALOG: registered driver '/drivers/virtio_sound' name='virtio_sound' class=Audio kind='dev.sound.Virtio' start='thingos_driver_start_safe'
[39274133151] [[32mINFO [0m] [display_virtio_gpu] [CPU3] display_virtio_gpu: first commit copied buffer=1 rect=1280x800 src_px=0xff0b0a10 dst_px=0xff0b0a10 damage=1280x800+0,0 res_id=1 gpu_planes=0 cpu_planes=2
[39275498196] [[32mINFO [0m] [display_virtio_gpu] [CPU3] display_virtio_gpu: cursor plane blended buffer=2 at 638,399 src_px=0x10202020 dst_before=0xff0b0a10 dst_after=0xff0c0b11
[39409347846] [[32mINFO [0m] [cambium::catalog] [CPU1] DEVD CATALOG: registered driver '/drivers/xhci' name='xhci' class=Block kind='dev.usb.Xhci' start='thingos_driver_start_safe'
[39411287982] [[32mINFO [0m] [cambium::catalog] [CPU1] DEVD CATALOG: 15 driver(s) found
[39467494638] [[32mINFO [0m] [ahci_disk] [CPU2] AHCI: Starting AHCI VFS driver
[39495302319] [[32mINFO [0m] [ahci_disk] [CPU2] AHCI: Claimed device /sys/devices/pci-0000:00:1f.2
[39502330857] [[32mINFO [0m] [bloom::loop_types] [CPU1] First frame rendered
[39516937614] [[32mINFO [0m] [ahci_disk] [CPU2] AHCI: Mounted atapi2 at /dev/storage/atapi2
[39518497986] [[32mINFO [0m] [ahci_disk] [CPU2] AHCI: Provider loop online at /dev/storage/atapi2
[39556797951] [[32mINFO [0m] [bloom::services::wayland_cmd] [CPU1] bloom: registered titlebar drag zone surface=1 height=28 frame=6
[39567391710] [[32mINFO [0m] [bloom::services::input_service] [CPU1] bloom: registered bristle pointer sink
[39574780839] [[32mINFO [0m] [bristle] [CPU2] bristle: bloom sink registered (handle=5 mask=0x03)
[39574821924] [[32mINFO [0m] [bloom::wayland::dispatch] [CPU3] wayland-server: xdg_toplevel obj=12 assigned to xdg_surface=11
[39587703936] [[32mINFO [0m] [rtc_cmos] [CPU3] RTC: claimed /sys/devices/isa-0070 (handle=2)
[39594628986] [[32mINFO [0m] [ps2_kbd] [CPU1] ps2_kbd: bristle pid=8
[39616098456] [[32mINFO [0m] [rtc_cmos] [CPU3] RTC: 2026-05-01 20:41:03 = 1777668063 unix_secs
[39617970414] [[32mINFO [0m] [kernel::time] [CPU3] System clock anchored: unix_secs=1777668063, mono_ns=19808716554, offset=1777668043191283446ns
[39619346712] [[32mINFO [0m] [rtc_cmos] [CPU3] RTC: System clock anchored to 1777668063 unix_secs
[39627220347] [[32mINFO [0m] [kernel::time] [CPU0] System clock tick: utc=2026-05-01 20:41:03.003839995 unix_secs=1777668063.003839995
[39671636829] [[32mINFO [0m] [ps2_mouse] [CPU2] ps2_mouse: bristle pid=8
[39691855104] [[32mINFO [0m] [ps2_kbd] [CPU1] ps2_kbd: read scancode 0x47
[39694364754] [[32mINFO [0m] [ps2_kbd] [CPU1] ps2_kbd: edge detected: Down { key: Unknown, mods: Mods(0), repeat: false }
[39697612614] [[32mINFO [0m] [ps2_kbd] [CPU1] ps2_kbd: sent Unknown to bristle (pid=8)
[39708468987] [[32mINFO [0m] [bristle] [CPU2] bristle: KeyDown received: Unknown
[39721125444] [[32mINFO [0m] [ps2_mouse] [CPU2] ps2_mouse: sample rate set to 60 Hz
[39726547905] [[32mINFO [0m] [bloom::input] [CPU1] bloom: KeyDown received: Unknown (raw=0xffff, mods=Mods(0), repeat=false)
[39842334906] [[32mINFO [0m] [wayland_hello] [CPU2] wayland_hello: using zwp_linux_dmabuf_v1 buffers
[39843880362] [[32mINFO [0m] [wayland_hello] [CPU2] wayland_hello: bound wp_presentation
[39849367404] [[32mINFO [0m] [wayland_hello] [CPU2] wayland_hello: wl_region smoke test: create+add+set_opaque+destroy
[39892299777] [[32mINFO [0m] [bloom::services::wayland_cmd] [CPU1] bloom: registered titlebar drag zone surface=2 height=28 frame=6
[39910069914] [[32mINFO [0m] [bloom::wayland::dispatch] [CPU3] wayland-server: xdg_toplevel obj=12 assigned to xdg_surface=11
[39967879941] [[32mINFO [0m] [bloom::wayland::dispatch] [CPU3] wayland-server: imported dmabuf wl_buffer=111 480x320 format=0x34325241
[40082765184] [[32mINFO [0m] [bloom::services::wallpaper] [CPU1] bloom: preparing background /share/wallpapers/flower.png
[44283649278] [[32mINFO [0m] [bloom::services::wayland_cmd] [CPU1] bloom: registered titlebar drag zone surface=3 height=28 frame=6
[44305746342] [[32mINFO [0m] [bloom::wayland::dispatch] [CPU3] wayland-server: xdg_popup obj=23 assigned to xdg_surface=21
[44330453838] [[32mINFO [0m] [bloom::wayland::dispatch] [CPU3] wayland-server: imported dmabuf wl_buffer=121 160x96 format=0x34325241
[44880222915] [[32mINFO [0m] [bloom::render] [CPU1] bloom: flat window overlays ready size=1280x800
[45626192205] [[32mINFO [0m] [kernel::time] [CPU0] System clock tick: utc=2026-05-01 20:41:06.004252911 unix_secs=1777668066.004252911
[47041018926] [[32mINFO [0m] [wayland_hello] [CPU2] wayland_hello: frame callback done object=1000 data=23501
[47045179962] [[32mINFO [0m] [wayland_hello] [CPU2] wayland_hello: wp_presentation_feedback.presented object=1001 tv=23.517337849 refresh_ns=16666666 seq=0
[47446291893] [[32mINFO [0m] [wayland_hello] [CPU2] wayland_hello: frame callback done object=1002 data=23716
[47447800620] [[32mINFO [0m] [wayland_hello] [CPU2] wayland_hello: wp_presentation_feedback.presented object=1003 tv=23.721686290 refresh_ns=16666666 seq=1
[51626747403] [[32mINFO [0m] [kernel::time] [CPU0] System clock tick: utc=2026-05-01 20:41:09.004623009 unix_secs=1777668069.004623009
[57627879903] [[32mINFO [0m] [kernel::time] [CPU0] System clock tick: utc=2026-05-01 20:41:12.005175399 unix_secs=1777668072.005175399
[63628698342] [[32mINFO [0m] [kernel::time] [CPU0] System clock tick: utc=2026-05-01 20:41:15.005591317 unix_secs=1777668075.005591317
[69629576544] [[32mINFO [0m] [kernel::time] [CPU0] System clock tick: utc=2026-05-01 20:41:18.006036012 unix_secs=1777668078.006036012
[74270616189] [[32mINFO [0m] [clock] [CPU1] clock: tick local=2026-05-01 12:41:20 UTC-8 system_unix=1777668080.325910404
[75630665946] [[32mINFO [0m] [kernel::time] [CPU0] System clock tick: utc=2026-05-01 20:41:21.006565962 unix_secs=1777668081.006565962
[81631418319] [[32mINFO [0m] [kernel::time] [CPU0] System clock tick: utc=2026-05-01 20:41:24.006959721 unix_secs=1777668084.006959721
[87632409315] [[32mINFO [0m] [kernel::time] [CPU0] System clock tick: utc=2026-05-01 20:41:27.007431228 unix_secs=1777668087.007431228
[93633459645] [[32mINFO [0m] [kernel::time] [CPU0] System clock tick: utc=2026-05-01 20:41:30.007959973 unix_secs=1777668090.007959973
[99634280130] [[32mINFO [0m] [kernel::time] [CPU0] System clock tick: utc=2026-05-01 20:41:33.008369424 unix_secs=1777668093.008369424
[105635092101] [[32mINFO [0m] [kernel::time] [CPU0] System clock tick: utc=2026-05-01 20:41:36.008781861 unix_secs=1777668096.008781861
[111636045213] [[32mINFO [0m] [kernel::time] [CPU0] System clock tick: utc=2026-05-01 20:41:39.009246636 unix_secs=1777668099.009246636
[117637124286] [[32mINFO [0m] [kernel::time] [CPU0] System clock tick: utc=2026-05-01 20:41:42.009789175 unix_secs=1777668102.009789175
[123637978662] [[32mINFO [0m] [kernel::time] [CPU0] System clock tick: utc=2026-05-01 20:41:45.010214598 unix_secs=1777668105.010214598
[129638828418] [[32mINFO [0m] [kernel::time] [CPU0] System clock tick: utc=2026-05-01 20:41:48.010653715 unix_secs=1777668108.010653715
[135639790671] [[32mINFO [0m] [kernel::time] [CPU0] System clock tick: utc=2026-05-01 20:41:51.011134231 unix_secs=1777668111.011134231
[141640859349] [