[32mINFO [0m] [kernel::time] [CPU0] System clock tick: utc=2026-05-01 20:40:13.418717197 unix_secs=1777668013.418717197
[239381962149] [[32mINFO [0m] [kernel::time] [CPU0] System clock tick: utc=2026-05-01 20:40:16.431675227 unix_secs=1777668016.431675227
[245407823397] [[32mINFO [0m] [kernel::time] [CPU0] System clock tick: utc=2026-05-01 20:40:19.444602122 unix_secs=1777668019.444602122
[251433877134] [[32mINFO [0m] [kernel::time] [CPU0] System clock tick: utc=2026-05-01 20:40:22.457626235 unix_secs=1777668022.457626235
[257459797089] [[32mINFO [0m] [kernel::time] [CPU0] System clock tick: utc=2026-05-01 20:40:25.470585305 unix_secs=1777668025.470585305
[263485761957] [[32mINFO [0m] [kernel::time] [CPU0] System clock tick: utc=2026-05-01 20:40:28.483580956 unix_secs=1777668028.483580956
[269511601227] [[32mINFO [0m] [kernel::time] [CPU0] System clock tick: utc=2026-05-01 20:40:31.496504518 unix_secs=1777668031.496504518
[275537749509] [[32mINFO [0m] [kernel::time] [CPU0] System clock tick: utc=2026-05-01 20:40:34.509548233 unix_secs=1777668034.509548233
[281563663095] [[32mINFO [0m] [kernel::time] [CPU0] System clock tick: utc=2026-05-01 20:40:37.522490522 unix_secs=1777668037.522490522
[284938321932] [[32mINFO [0m] [ps2_kbd] [CPU1] ps2_kbd: read scancode 0x38
[284939366844] [[32mINFO [0m] [ps2_kbd] [CPU1] ps2_kbd: edge detected: Down { key: LeftAlt, mods: Mods(4), repeat: false }
[284941517124] [[32mINFO [0m] [ps2_kbd] [CPU1] ps2_kbd: sent LeftAlt to bristle (pid=8)
[284944017006] [[32mINFO [0m] [ps2_kbd] [CPU1] ps2_kbd: read scancode 0x41
[284944531608] [[32mINFO [0m] [bristle] [CPU2] bristle: KeyDown received: LeftAlt
[284945242263] [[32mINFO [0m] [ps2_kbd] [CPU1] ps2_kbd: edge detected: Down { key: F7, mods: Mods(4), repeat: false }
[284950346472] [[32mINFO [0m] [bloom::input] [CPU1] bloom: KeyDown received: LeftAlt (raw=0x00e2, mods=Mods(4), repeat=false)
[284957567070] [[32mINFO [0m] [ps2_kbd] [CPU1] ps2_kbd: sent F7 to bristle (pid=8)
[284960500011] [[32mINFO [0m] [bristle] [CPU2] bristle: KeyDown received: F7
[284970420669] [[32mINFO [0m] [bloom::input] [CPU1] bloom: KeyDown received: F7 (raw=0x0040, mods=Mods(4), repeat=false)
[284972424660] [[32mINFO [0m] [bloom::input] [CPU1] bloom: pointer debug overlay disabled
[28511812