=== Console Readiness ===
[95088703083] [INFO ] [bloom::wayland::dispatch] [CPU2] wayland-server: imported dmabuf wl_buffer=111 480x320 format=0x34325241
[95151956097] [INFO ] [cambium::catalog] [CPU1] DEVD CATALOG: registered driver '/drivers/xhci' name='xhci' class=Block kind='dev.usb.Xhci' start='thingos_driver_start_safe'
[95153879040] [INFO ] [cambium::catalog] [CPU1] DEVD CATALOG: 15 driver(s) found
ech[95234795931] [INFO ] [ahci_disk] [CPU2] AHCI: Starting AHCI VFS driver
[95273619474] [INFO ] [ahci_disk] [CPU2] AHCI: Claimed device /sys/devices/pci-0000:00:1f.2
[95282259600] [INFO ] [clock] [CPU1] clock: waiting for system clock anchor
[95301627267] [INFO ] [ahci_disk] [CPU2] AHCI: Mounted atapi2 at /dev/storage/atapi2
[95303195625] [INFO ] [ahci_disk] [CPU2] AHCI: Provider loop online at /dev/storage/atapi2
[95385774693] [INFO ] [ps2_mouse] [CPU2] ps2_mouse: bristle pid=8
[95423567184] [INFO ] [rtc_cmos] [CPU3] RTC: claimed /sys/devices/isa-0070 (handle=2)
[95425391886] [INFO ] [ps2_mouse] [CPU2] ps2_mouse: sample rate set to 60 Hz
[95427041457] [INFO ] [ps2_kbd] [CPU1] ps2_kbd: bristle pid=8
[95449579434] [INFO ] [rtc_cmos] [CPU3] RTC: 2026-05-01 20:35:40 = 1777667740 unix_secs
[95450982858] [INFO ] [kernel::time] [CPU3] System clock anchored: unix_secs=1777667740, mono_ns=47725327831, offset=1777667692274672169ns
[95453491353] [INFO ] [rtc_cmos] [CPU3] RTC: System clock anchored to 1777667740 unix_secs
o BDD_CO[95479565841] [INFO ] [kernel::time] [CPU0] System clock tick: utc=2026-05-01 20:35:40.013565921 unix_secs=1777667740.013565921
NSOLE_REA[95827054158] [INFO ] [bloom::services::wayland_cmd] [CPU1] bloom: registered titlebar drag zone surface=2 height=28 frame=6
[95832996633] [INFO ] [bloom::wayland::dispatch] [CPU2] wayland-server: xdg_toplevel obj=12 assigned to xdg_surface=11
[95836327983] [INFO ] [bloom::services::wallpaper] [CPU1] bloom: preparing background /share/wallpapers/flower.png
DY_3053884_1777667741378484136
BDD_CONSOLE_READY_3053884_1777667741378484136
THING-OS [OK] / > 
=== End Console Readiness ===

=== Serial Log (since step start) ===
2mINFO [0m] [wayland_hello] [CPU3] wayland_hello: pistil text renderer loaded with default /share/fonts/Inter-Regular.ttf
[94672671819] [[32mINFO [0m] [clock] [CPU1] clock: pistil DSEG7 text renderer loaded with /share/fonts/DSEG7Classic-Regular.ttf
[94673865000] [[32mINFO [0m] [clock] [CPU1] clock: pistil generic text renderer loaded with /share/fonts/Inter-Regular.ttf
[94701104850] [[32mINFO [0m] [wayland_hello] [CPU3] wayland_hello: using zwp_linux_dmabuf_v1 buffers
[94702762440] [[32mINFO [0m] [wayland_hello] [CPU3] wayland_hello: bound wp_presentation
[94707854571] [[32mINFO [0m] [wayland_hello] [CPU3] wayland_hello: wl_region smoke test: create+add+set_opaque+destroy
[94761362289] [[32mINFO [0m] [cambium::catalog] [CPU1] DEVD CATALOG: registered driver '/drivers/virtio_netd' name='virtio_netd' class=Net kind='dev.net.Nic' start='thingos_driver_start_safe'
[94799679876] [[32mINFO [0m] [display_virtio_gpu] [CPU3] display_virtio_gpu: first commit copied buffer=1 rect=1280x800 src_px=0xff0b0a10 dst_px=0xff0b0a10 damage=1280x800+0,0 res_id=1 gpu_planes=0 cpu_planes=2
[94801114551] [[32mINFO [0m] [display_virtio_gpu] [CPU3] display_virtio_gpu: cursor plane blended buffer=2 at 638,399 src_px=0x10202020 dst_before=0xff0b0a10 dst_after=0xff0c0b11
[94864494582] [[32mINFO [0m] [bloom::loop_types] [CPU1] First frame rendered
[94954115784] [[32mINFO [0m] [bloom::services::wayland_cmd] [CPU1] bloom: registered titlebar drag zone surface=1 height=28 frame=6
[94965132207] [[32mINFO [0m] [bloom::services::input_service] [CPU1] bloom: registered bristle pointer sink
[94977247464] [[32mINFO [0m] [bristle] [CPU2] bristle: bloom sink registered (handle=5 mask=0x03)
[94979345274] [[32mINFO [0m] [cambium::catalog] [CPU1] DEVD CATALOG: registered driver '/drivers/virtio_sound' name='virtio_sound' class=Audio kind='dev.sound.Virtio' start='thingos_driver_start_safe'
[94988803635] [[32mINFO [0m] [bloom::wayland::dispatch] [CPU2] wayland-server: xdg_toplevel obj=12 assigned to xdg_surface=11
[95088703083] [[32mINFO [0m] [bloom::wayland::dispatch] [CPU2] wayland-server: imported dmabuf wl_buffer=111 480x320 format=0x34325241
[95151956097] [[32mINFO [0m] [cambium::catalog] [CPU1] DEVD CATALOG: registered driver '/drivers/xhci' name='xhci' class=Block kind='dev.usb.Xhci' start='thingos_driver_start_safe'
[95153879040] [[32mINFO [0m] [cambium::catalog] [CPU1] DEVD CATALOG: 15 driver(s) found
ech[95234795931] [[32mINFO [0m] [ahci_disk] [CPU2] AHCI: Starting AHCI VFS driver
[95273619474] [[32mINFO [0m] [ahci_disk] [CPU2] AHCI: Claimed device /sys/devices/pci-0000:00:1f.2
[95282259600] [[32mINFO [0m] [clock] [CPU1] clock: waiting for system clock anchor
[95301627267] [[32mINFO [0m] [ahci_disk] [CPU2] AHCI: Mounted atapi2 at /dev/storage/atapi2
[95303195625] [[32mINFO [0m] [ahci_disk] [CPU2] AHCI: Provider loop online at /dev/storage/atapi2
[95385774693] [[32mINFO [0m] [ps2_mouse] [CPU2] ps2_mouse: bristle pid=8
[95423567184] [[32mINFO [0m] [rtc_cmos] [CPU3] RTC: claimed /sys/devices/isa-0070 (handle=2)
[95425391886] [[32mINFO [0m] [ps2_mouse] [CPU2] ps2_mouse: sample rate set to 60 Hz
[95427041457] [[32mINFO [0m] [ps2_kbd] [CPU1] ps2_kbd: bristle pid=8
[95449579434] [[32mINFO [0m] [rtc_cmos] [CPU3] RTC: 2026-05-01 20:35:40 = 1777667740 unix_secs
[95450982858] [[32mINFO [0m] [kernel::time] [CPU3] System clock anchored: unix_secs=1777667740, mono_ns=47725327831, offset=1777667692274672169ns
[95453491353] [[32mINFO [0m] [rtc_cmos] [CPU3] RTC: System clock anchored to 1777667740 unix_secs
o BDD_CO[95479565841] [[32mINFO [0m] [kernel::time] [CPU0] System clock tick: utc=2026-05-01 20:35:40.013565921 unix_secs=1777667740.013565921
NSOLE_REA[95827054158] [[32mINFO [0m] [bloom::services::wayland_cmd] [CPU1] bloom: registered titlebar drag zone surface=2 height=28 frame=6
[95832996633] [[32mINFO [0m] [bloom::wayland::dispatch] [CPU2] wayland-server: xdg_toplevel obj=12 assigned to xdg_surface=11
[95836327983] [[32mINFO [0m] [bloom::services::wallpaper] [CPU1] bloom: preparing background /share/wallpapers/flower.png
DY_3053884_1777667741378484136
BDD_CONSOLE_READY_30
=== End Serial Log ===
